Component: ARM Compiler 5.05 update 2 (build 169) Tool: armlink [4d0f33]

==============================================================================

Section Cross References

    startup_stm32f10x_md.o(RESET) refers to startup_stm32f10x_md.o(STACK) for __initial_sp
    startup_stm32f10x_md.o(RESET) refers to startup_stm32f10x_md.o(.text) for Reset_Handler
    startup_stm32f10x_md.o(RESET) refers to stm32f10x_it.o(.text) for NMI_Handler
    startup_stm32f10x_md.o(.text) refers to entry.o(.ARM.Collect$$$$00000000) for __main
    main.o(.text) refers to dadd.o(.text) for __aeabi_dsub
    main.o(.text) refers to dmul.o(.text) for __aeabi_dmul
    main.o(.text) refers to ddiv.o(.text) for __aeabi_ddiv
    main.o(.text) refers to main.o(.data) for FLC
    main.o(.text) refers to main.o(.bss) for MbfDegree
    main.o(.text) refers to cdrcmple.o(.text) for __aeabi_cdrcmple
    main.o(.text) refers to dfixi.o(.text) for __aeabi_d2iz
    main.o(.text) refers to ffixi.o(.text) for __aeabi_f2iz
    main.o(.text) refers to fflti.o(.text) for __aeabi_i2f
    main.o(.text) refers to f2d.o(.text) for __aeabi_f2d
    main.o(.text) refers to atan2.o(i.atan2) for atan2
    main.o(.text) refers to d2f.o(.text) for __aeabi_d2f
    main.o(.text) refers to fmul.o(.text) for __aeabi_fmul
    main.o(.text) refers to fadd.o(.text) for __aeabi_fadd
    main.o(.text) refers to sqrt.o(i.sqrt) for sqrt
    main.o(.text) refers to atan.o(i.atan) for atan
    main.o(.text) refers to misc.o(.text) for NVIC_PriorityGroupConfig
    main.o(.text) refers to stm32f10x_rcc.o(.text) for RCC_APB2PeriphClockCmd
    main.o(.text) refers to stm32f10x_gpio.o(.text) for GPIO_Init
    main.o(.text) refers to stm32f10x_usart.o(.text) for USART_Init
    main.o(.text) refers to stm32f10x_tim.o(.text) for TIM_TimeBaseInit
    main.o(.text) refers to mpu6050.o(.text) for getAccX
    main.o(.text) refers to dflti.o(.text) for __aeabi_i2d
    main.o(.text) refers to cfcmple.o(.text) for __aeabi_cfcmpeq
    main.o(.text) refers to fdiv.o(.text) for __aeabi_fdiv
    main.o(.text) refers to cfrcmple.o(.text) for __aeabi_cfrcmple
    main.o(.text) refers to printf4.o(i.__0printf$4) for __2printf
    main.o(.text) refers to stm32f10x_exti.o(.text) for EXTI_Init
    main.o(.text) refers to system_stm32f10x.o(.text) for SystemInit
    main.o(.text) refers to systick.o(.text) for Systick_Init
    stm32f10x_it.o(.text) refers to dflti.o(.text) for __aeabi_i2d
    stm32f10x_it.o(.text) refers to ddiv.o(.text) for __aeabi_ddiv
    stm32f10x_it.o(.text) refers to d2f.o(.text) for __aeabi_d2f
    stm32f10x_it.o(.text) refers to cfrcmple.o(.text) for __aeabi_cfrcmple
    stm32f10x_it.o(.text) refers to fmul.o(.text) for __aeabi_fmul
    stm32f10x_it.o(.text) refers to cfcmple.o(.text) for __aeabi_cfcmple
    stm32f10x_it.o(.text) refers to f2d.o(.text) for __aeabi_f2d
    stm32f10x_it.o(.text) refers to cdrcmple.o(.text) for __aeabi_cdrcmple
    stm32f10x_it.o(.text) refers to dmul.o(.text) for __aeabi_dmul
    stm32f10x_it.o(.text) refers to dadd.o(.text) for __aeabi_dadd
    stm32f10x_it.o(.text) refers to dfixi.o(.text) for __aeabi_d2iz
    stm32f10x_it.o(.text) refers to cdcmple.o(.text) for __aeabi_cdcmple
    stm32f10x_it.o(.text) refers to systick.o(.data) for TimingDelay
    stm32f10x_it.o(.text) refers to stm32f10x_it.o(.data) for count
    stm32f10x_it.o(.text) refers to main.o(.data) for Y_Angular_velocity
    stm32f10x_it.o(.text) refers to fflti.o(.text) for __aeabi_i2f
    stm32f10x_it.o(.text) refers to ffixui.o(.text) for __aeabi_f2uiz
    stm32f10x_it.o(.text) refers to stm32f10x_tim.o(.text) for TIM_OC1Init
    stm32f10x_it.o(.text) refers to stm32f10x_gpio.o(.text) for GPIO_SetBits
    stm32f10x_it.o(.text) refers to printf4.o(i.__0printf$4) for __2printf
    stm32f10x_it.o(.text) refers to main.o(.text) for Sensor_fusion
    stm32f10x_it.o(.text) refers to stm32f10x_exti.o(.text) for EXTI_GetITStatus
    stm32f10x_it.o(.text) refers to ffixi.o(.text) for __aeabi_f2iz
    stm32f10x_it.o(.text) refers to stm32f10x_usart.o(.text) for USART_GetFlagStatus
    systick.o(.text) refers to systick.o(.data) for TimingDelay
    stm32f10x_gpio.o(.text) refers to stm32f10x_rcc.o(.text) for RCC_APB2PeriphResetCmd
    stm32f10x_rcc.o(.text) refers to stm32f10x_rcc.o(.data) for APBAHBPrescTable
    iic_analog.o(.text) refers to stm32f10x_rcc.o(.text) for RCC_APB2PeriphClockCmd
    iic_analog.o(.text) refers to stm32f10x_gpio.o(.text) for GPIO_Init
    mpu6050.o(.text) refers to iic_analog.o(.text) for Single_Write_IIC
    stm32f10x_i2c.o(.text) refers to stm32f10x_rcc.o(.text) for RCC_APB1PeriphResetCmd
    stm32f10x_usart.o(.text) refers to stm32f10x_rcc.o(.text) for RCC_APB2PeriphResetCmd
    stm32f10x_tim.o(.text) refers to stm32f10x_rcc.o(.text) for RCC_APB2PeriphResetCmd
    ofme_pid.o(.text) refers to fadd.o(.text) for __aeabi_fsub
    ofme_pid.o(.text) refers to fmul.o(.text) for __aeabi_fmul
    ofme_pid.o(.text) refers to ffixi.o(.text) for __aeabi_f2iz
[...]
    printf3.o(i.__0fprintf$3) refers to fputc_debug.o(.text) for fputc
    printf3.o(i.__0printf$3) refers to printf3.o(i._printf_core) for _printf_core
    printf3.o(i.__0printf$3) refers to fputc_debug.o(.text) for fputc
    printf3.o(i.__0printf$3) refers to fputc_debug.o(.data) for __stdout
    printf3.o(i.__0snprintf$3) refers to printf3.o(i._printf_core) for _printf_core
    printf3.o(i.__0snprintf$3) refers to printf3.o(i._snputc) for _snputc
    printf3.o(i.__0sprintf$3) refers to printf3.o(i._printf_core) for _printf_core
    printf3.o(i.__0sprintf$3) refers to printf3.o(i._sputc) for _sputc
    printf3.o(i.__0vfprintf$3) refers to printf3.o(i._printf_core) for _printf_core
    printf3.o(i.__0vfprintf$3) refers to fputc_debug.o(.text) for fputc
    printf3.o(i.__0vprintf$3) refers to printf3.o(i._printf_core) for _printf_core
    printf3.o(i.__0vprintf$3) refers to fputc_debug.o(.text) for fputc
    printf3.o(i.__0vprintf$3) refers to fputc_debug.o(.data) for __stdout
    printf3.o(i.__0vsnprintf$3) refers to printf3.o(i._printf_core) for _printf_core
    printf3.o(i.__0vsnprintf$3) refers to printf3.o(i._snputc) for _snputc
    printf3.o(i.__0vsprintf$3) refers to printf3.o(i._printf_core) for _printf_core
    printf3.o(i.__0vsprintf$3) refers to printf3.o(i._sputc) for _sputc
    printf3.o(i._printf_core) refers to uidiv.o(.text) for __aeabi_uidivmod
    printf4.o(i.__0fprintf$4) refers to printf4.o(i._printf_core) for _printf_core
    printf4.o(i.__0fprintf$4) refers to fputc_debug.o(.text) for fputc
    printf4.o(i.__0printf$4) refers to printf4.o(i._printf_core) for _printf_core
    printf4.o(i.__0printf$4) refers to fputc_debug.o(.text) for fputc
    printf4.o(i.__0printf$4) refers to fputc_debug.o(.data) for __stdout
    printf4.o(i.__0snprintf$4) refers to printf4.o(i._printf_core) for _printf_core
    printf4.o(i.__0snprintf$4) refers to printf4.o(i._snputc) for _snputc
    printf4.o(i.__0sprintf$4) refers to printf4.o(i._printf_core) for _printf_core
    printf4.o(i.__0sprintf$4) refers to printf4.o(i._sputc) for _sputc
    printf4.o(i.__0vfprintf$4) refers to printf4.o(i._printf_core) for _printf_core
    printf4.o(i.__0vfprintf$4) refers to fputc_debug.o(.text) for fputc
    printf4.o(i.__0vprintf$4) refers to printf4.o(i._printf_core) for _printf_core
    printf4.o(i.__0vprintf$4) refers to fputc_debug.o(.text) for fputc
    printf4.o(i.__0vprintf$4) refers to fputc_debug.o(.data) for __stdout
    printf4.o(i.__0vsnprintf$4) refers to printf4.o(i._printf_core) for _printf_core
    printf4.o(i.__0vsnprintf$4) refers to printf4.o(i._snputc) for _snputc
    printf4.o(i.__0vsprintf$4) refers to printf4.o(i._printf_core) for _printf_core
    printf4.o(i.__0vsprintf$4) refers to printf4.o(i._sputc) for _sputc
    printf4.o(i._printf_core) refers to uldiv.o(.text) for __aeabi_uldivmod
    printf5.o(i.__0fprintf$5) refers to printf5.o(i._printf_core) for _printf_core
    printf5.o(i.__0fprintf$5) refers to fputc_debug.o(.text) for fputc
    printf5.o(i.__0printf$5) refers to printf5.o(i._printf_core) for _printf_core
    printf5.o(i.__0printf$5) refers to fputc_debug.o(.text) for fputc
    printf5.o(i.__0printf$5) refers to fputc_debug.o(.data) for __stdout
    printf5.o(i.__0snprintf$5) refers to printf5.o(i._printf_core) for _printf_core
    printf5.o(i.__0snprintf$5) refers to printf5.o(i._snputc) for _snputc
    printf5.o(i.__0sprintf$5) refers to printf5.o(i._printf_core) for _printf_core
    printf5.o(i.__0sprintf$5) refers to printf5.o(i._sputc) for _sputc
    printf5.o(i.__0vfprintf$5) refers to printf5.o(i._printf_core) for _printf_core
    printf5.o(i.__0vfprintf$5) refers to fputc_debug.o(.text) for fputc
    printf5.o(i.__0vprintf$5) refers to printf5.o(i._printf_core) for _printf_core
    printf5.o(i.__0vprintf$5) refers to fputc_debug.o(.text) for fputc
    printf5.o(i.__0vprintf$5) refers to fputc_debug.o(.data) for __stdout
    printf5.o(i.__0vsnprintf$5) refers to printf5.o(i._printf_core) for _printf_core
    printf5.o(i.__0vsnprintf$5) refers to printf5.o(i._snputc) for _snputc
    printf5.o(i.__0vsprintf$5) refers to printf5.o(i._printf_core) for _printf_core
    printf5.o(i.__0vsprintf$5) refers to printf5.o(i._sputc) for _sputc
    printf5.o(i._printf_core) refers to uldiv.o(.text) for __aeabi_uldivmod
    printf6.o(i.__0fprintf$6) refers to printf6.o(i._printf_core) for _printf_core
    printf6.o(i.__0fprintf$6) refers to fputc_debug.o(.text) for fputc
    printf6.o(i.__0printf$6) refers to printf6.o(i._printf_core) for _printf_core
    printf6.o(i.__0printf$6) refers to fputc_debug.o(.text) for fputc
    printf6.o(i.__0printf$6) refers to fputc_debug.o(.data) for __stdout
    printf6.o(i.__0snprintf$6) refers to printf6.o(i._printf_core) for _printf_core
    printf6.o(i.__0snprintf$6) refers to printf6.o(i._snputc) for _snputc
    printf6.o(i.__0sprintf$6) refers to printf6.o(i._printf_core) for _printf_core
    printf6.o(i.__0sprintf$6) refers to printf6.o(i._sputc) for _sputc
    printf6.o(i.__0vfprintf$6) refers to printf6.o(i._printf_core) for _printf_core
    printf6.o(i.__0vfprintf$6) refers to fputc_debug.o(.text) for fputc
    printf6.o(i.__0vprintf$6) refers to printf6.o(i._printf_core) for _printf_core
    printf6.o(i.__0vprintf$6) refers to fputc_debug.o(.text) for fputc
    printf6.o(i.__0vprintf$6) refers to fputc_debug.o(.data) for __stdout
    printf6.o(i.__0vsnprintf$6) refers to printf6.o(i._printf_core) for _printf_core
    printf6.o(i.__0vsnprintf$6) refers to printf6.o(i._snputc) for _snputc
    printf6.o(i.__0vsprintf$6) refers to printf6.o(i._printf_core) for _printf_core
    printf6.o(i.__0vsprintf$6) refers to printf6.o(i._sputc) for _sputc
    printf6.o(i._printf_core) refers to printf6.o(i._printf_pre_padding) for _printf_pre_padding
    printf6.o(i._printf_core) refers to uidiv.o(.text) for __aeabi_uidivmod
    printf6.o(i._printf_core) refers to printf6.o(i._printf_post_padding) for _printf_post_padding
    printf7.o(i.__0fprintf$7) refers to printf7.o(i._printf_core) for _printf_core
    printf7.o(i.__0fprintf$7) refers to fputc_debug.o(.text) for fputc
    printf7.o(i.__0printf$7) refers to printf7.o(i._printf_core) for _printf_core
    printf7.o(i.__0printf$7) refers to fputc_debug.o(.text) for fputc
    printf7.o(i.__0printf$7) refers to fputc_debug.o(.data) for __stdout
    printf7.o(i.__0snprintf$7) refers to printf7.o(i._printf_core) for _printf_core
    printf7.o(i.__0snprintf$7) refers to printf7.o(i._snputc) for _snputc
    printf7.o(i.__0sprintf$7) refers to printf7.o(i._printf_core) for _printf_core
    printf7.o(i.__0sprintf$7) refers to printf7.o(i._sputc) for _sputc
    printf7.o(i.__0vfprintf$7) refers to printf7.o(i._printf_core) for _printf_core
    printf7.o(i.__0vfprintf$7) refers to fputc_debug.o(.text) for fputc
    printf7.o(i.__0vprintf$7) refers to printf7.o(i._printf_core) for _printf_core
    printf7.o(i.__0vprintf$7) refers to fputc_debug.o(.text) for fputc
    printf7.o(i.__0vprintf$7) refers to fputc_debug.o(.data) for __stdout
    printf7.o(i.__0vsnprintf$7) refers to printf7.o(i._printf_core) for _printf_core
    printf7.o(i.__0vsnprintf$7) refers to printf7.o(i._snputc) for _snputc
    printf7.o(i.__0vsprintf$7) refers to printf7.o(i._printf_core) for _printf_core
    printf7.o(i.__0vsprintf$7) refers to printf7.o(i._sputc) for _sputc
    printf7.o(i._printf_core) refers to printf7.o(i._printf_pre_padding) for _printf_pre_padding
    printf7.o(i._printf_core) refers to uldiv.o(.text) for __aeabi_uldivmod
    printf7.o(i._printf_core) refers to printf7.o(i._printf_post_padding) for _printf_post_padding
    printf8.o(i.__0fprintf$8) refers to printf8.o(i._printf_core) for _printf_core
    printf8.o(i.__0fprintf$8) refers to fputc_debug.o(.text) for fputc
    printf8.o(i.__0printf$8) refers to printf8.o(i._printf_core) for _printf_core
    printf8.o(i.__0printf$8) refers to fputc_debug.o(.text) for fputc
    printf8.o(i.__0printf$8) refers to fputc_debug.o(.data) for __stdout
    printf8.o(i.__0snprintf$8) refers to printf8.o(i._printf_core) for _printf_core
    printf8.o(i.__0snprintf$8) refers to printf8.o(i._snputc) for _snputc
    printf8.o(i.__0sprintf$8) refers to printf8.o(i._printf_core) for _printf_core
    printf8.o(i.__0sprintf$8) refers to printf8.o(i._sputc) for _sputc
    printf8.o(i.__0vfprintf$8) refers to printf8.o(i._printf_core) for _printf_core
    printf8.o(i.__0vfprintf$8) refers to fputc_debug.o(.text) for fputc
    printf8.o(i.__0vprintf$8) refers to printf8.o(i._printf_core) for _printf_core
    printf8.o(i.__0vprintf$8) refers to fputc_debug.o(.text) for fputc
    printf8.o(i.__0vprintf$8) refers to fputc_debug.o(.data) for __stdout
    printf8.o(i.__0vsnprintf$8) refers to printf8.o(i._printf_core) for _printf_core
    printf8.o(i.__0vsnprintf$8) refers to printf8.o(i._snputc) for _snputc
    printf8.o(i.__0vsprintf$8) refers to printf8.o(i._printf_core) for _printf_core
    printf8.o(i.__0vsprintf$8) refers to printf8.o(i._sputc) for _sputc
    printf8.o(i._printf_core) refers to printf8.o(i._printf_pre_padding) for _printf_pre_padding
    printf8.o(i._printf_core) refers to uldiv.o(.text) for __aeabi_uldivmod
    printf8.o(i._printf_core) refers to printf8.o(i._printf_post_padding) for _printf_post_padding
    printfa.o(i.__0fprintf) refers (Special) to iusefp.o(.text) for __I$use$fp
    printfa.o(i.__0fprintf) refers to printfa.o(i._printf_core) for _printf_core
    printfa.o(i.__0fprintf) refers to fputc_debug.o(.text) for fputc
    printfa.o(i.__0printf) refers (Special) to iusefp.o(.text) for __I$use$fp
    printfa.o(i.__0printf) refers to printfa.o(i._printf_core) for _printf_core
    printfa.o(i.__0printf) refers to fputc_debug.o(.text) for fputc
    printfa.o(i.__0printf) refers to fputc_debug.o(.data) for __stdout
    printfa.o(i.__0snprintf) refers (Special) to iusefp.o(.text) for __I$use$fp
    printfa.o(i.__0snprintf) refers to printfa.o(i._printf_core) for _printf_core
    printfa.o(i.__0snprintf) refers to printfa.o(i._snputc) for _snputc
    printfa.o(i.__0sprintf) refers (Special) to iusefp.o(.text) for __I$use$fp
    printfa.o(i.__0sprintf) refers to printfa.o(i._printf_core) for _printf_core
    printfa.o(i.__0sprintf) refers to printfa.o(i._sputc) for _sputc
    printfa.o(i.__0vfprintf) refers (Special) to iusefp.o(.text) for __I$use$fp
    printfa.o(i.__0vfprintf) refers to printfa.o(i._printf_core) for _printf_core
    printfa.o(i.__0vfprintf) refers to fputc_debug.o(.text) for fputc
    printfa.o(i.__0vprintf) refers (Special) to iusefp.o(.text) for __I$use$fp
    printfa.o(i.__0vprintf) refers to printfa.o(i._printf_core) for _printf_core
    printfa.o(i.__0vprintf) refers to fputc_debug.o(.text) for fputc
    printfa.o(i.__0vprintf) refers to fputc_debug.o(.data) for __stdout
    printfa.o(i.__0vsnprintf) refers (Special) to iusefp.o(.text) for __I$use$fp
    printfa.o(i.__0vsnprintf) refers to printfa.o(i._printf_core) for _printf_core
    printfa.o(i.__0vsnprintf) refers to printfa.o(i._snputc) for _snputc
    printfa.o(i.__0vsprintf) refers (Special) to iusefp.o(.text) for __I$use$fp
    printfa.o(i.__0vsprintf) refers to printfa.o(i._printf_core) for _printf_core
    printfa.o(i.__0vsprintf) refers to printfa.o(i._sputc) for _sputc
    printfa.o(i._fp_digits) refers (Special) to iusefp.o(.text) for __I$use$fp
    printfa.o(i._fp_digits) refers to dmul.o(.text) for __aeabi_dmul
    printfa.o(i._fp_digits) refers to ddiv.o(.text) for __aeabi_ddiv
    printfa.o(i._fp_digits) refers to cdrcmple.o(.text) for __aeabi_cdrcmple
    printfa.o(i._fp_digits) refers to dadd.o(.text) for __aeabi_dadd
    printfa.o(i._fp_digits) refers to dfixul.o(.text) for __aeabi_d2ulz
    printfa.o(i._fp_digits) refers to uldiv.o(.text) for __aeabi_uldivmod
    printfa.o(i._printf_core) refers (Special) to iusefp.o(.text) for __I$use$fp
    printfa.o(i._printf_core) refers to printfa.o(i._printf_pre_padding) for _printf_pre_padding
    printfa.o(i._printf_core) refers to uldiv.o(.text) for __aeabi_uldivmod
    printfa.o(i._printf_core) refers to printfa.o(i._printf_post_padding) for _printf_post_padding
    printfa.o(i._printf_core) refers to printfa.o(i._fp_digits) for _fp_digits
    printfa.o(i._printf_core) refers to uidiv.o(.text) for __aeabi_uidivmod
    printfa.o(i._printf_post_padding) refers (Special) to iusefp.o(.text) for __I$use$fp
    printfa.o(i._printf_pre_padding) refers (Special) to iusefp.o(.text) for __I$use$fp
    printfa.o(i._snputc) refers (Special) to iusefp.o(.text) for __I$use$fp
    printfa.o(i._sputc) refers (Special) to iusefp.o(.text) for __I$use$fp
    fadd.o(.text) refers (Special) to iusefp.o(.text) for __I$use$fp
    fadd.o(.text) refers to fepilogue.o(.text) for _float_epilogue
    fmul.o(.text) refers (Special) to iusefp.o(.text) for __I$use$fp
    fdiv.o(.text) refers (Special) to iusefp.o(.text) for __I$use$fp
    fdiv.o(.text) refers to fepilogue.o(.text) for _float_round
    dadd.o(.text) refers (Special) to iusefp.o(.text) for __I$use$fp
    dadd.o(.text) refers to llshl.o(.text) for __aeabi_llsl
    dadd.o(.text) refers to llsshr.o(.text) for __aeabi_lasr
    dadd.o(.text) refers to depilogue.o(.text) for _double_epilogue
    dmul.o(.text) refers (Special) to iusefp.o(.text) for __I$use$fp
    dmul.o(.text) refers to depilogue.o(.text) for _double_epilogue
    ddiv.o(.text) refers (Special) to iusefp.o(.text) for __I$use$fp
    ddiv.o(.text) refers to depilogue.o(.text) for _double_round
    fflti.o(.text) refers (Special) to iusefp.o(.text) for __I$use$fp
    fflti.o(.text) refers to fepilogue.o(.text) for _float_epilogue
    dflti.o(.text) refers (Special) to iusefp.o(.text) for __I$use$fp
    dflti.o(.text) refers to depilogue.o(.text) for _double_epilogue
    ffixi.o(.text) refers (Special) to iusefp.o(.text) for __I$use$fp
    ffixui.o(.text) refers (Special) to iusefp.o(.text) for __I$use$fp
    dfixi.o(.text) refers (Special) to iusefp.o(.text) for __I$use$fp
    dfixi.o(.text) refers to llushr.o(.text) for __aeabi_llsr
    f2d.o(.text) refers (Special) to iusefp.o(.text) for __I$use$fp
    cdcmple.o(.text) refers (Special) to iusefp.o(.text) for __I$use$fp
    cdrcmple.o(.text) refers (Special) to iusefp.o(.text) for __I$use$fp
    d2f.o(.text) refers (Special) to iusefp.o(.text) for __I$use$fp
    d2f.o(.text) refers to fepilogue.o(.text) for _float_round
    cfcmple.o(.text) refers (Special) to iusefp.o(.text) for __I$use$fp
    cfrcmple.o(.text) refers (Special) to iusefp.o(.text) for __I$use$fp
    dunder.o(i.__mathlib_dbl_divzero) refers to ddiv.o(.text) for __aeabi_ddiv
    dunder.o(i.__mathlib_dbl_infnan) refers to dscalb.o(.text) for __ARM_scalbn
    dunder.o(i.__mathlib_dbl_infnan2) refers to dadd.o(.text) for __aeabi_dadd
    dunder.o(i.__mathlib_dbl_invalid) refers to ddiv.o(.text) for __aeabi_ddiv
    dunder.o(i.__mathlib_dbl_overflow) refers to dscalb.o(.text) for __ARM_scalbn
    dunder.o(i.__mathlib_dbl_posinfnan) refers to dmul.o(.text) for __aeabi_dmul
    dunder.o(i.__mathlib_dbl_underflow) refers to dscalb.o(.text) for __ARM_scalbn
    fpclassify.o(i.__ARM_fpclassify) refers (Special) to iusefp.o(.text) for __I$use$fp
    poly.o(i.__kernel_poly) refers (Special) to iusefp.o(.text) for __I$use$fp
    poly.o(i.__kernel_poly) refers to dmul.o(.text) for __aeabi_dmul
    poly.o(i.__kernel_poly) refers to dadd.o(.text) for __aeabi_dadd
    qnan.o(.constdata) refers (Special) to iusefp.o(.text) for __I$use$fp
    entry2.o(.ARM.Collect$$$$00000001) refers to entry2.o(.ARM.Collect$$$$00002712) for __lit__00000000
    entry2.o(.ARM.Collect$$$$00002712) refers to startup_stm32f10x_md.o(STACK) for __initial_sp
    entry2.o(__vectab_stack_and_reset_area) refers to startup_stm32f10x_md.o(STACK) for __initial_sp
    entry2.o(__vectab_stack_and_reset_area) refers to entry.o(.ARM.Collect$$$$00000000) for __main
    entry5.o(.ARM.Collect$$$$00000004) refers to init.o(.text) for __scatterload
    entry9a.o(.ARM.Collect$$$$0000000B) refers to main.o(.text) for main
    entry9b.o(.ARM.Collect$$$$0000000C) refers to main.o(.text) for main
    uldiv.o(.text) refers to llushr.o(.text) for __aeabi_llsr
    uldiv.o(.text) refers to llshl.o(.text) for __aeabi_llsl
    errno.o(i.__aeabi_errno_addr) refers to errno.o(.data) for .data
    errno.o(i.__read_errno) refers to errno.o(.data) for .data
    errno.o(i.__set_errno) refers to errno.o(.data) for .data
    depilogue.o(.text) refers to llshl.o(.text) for __aeabi_llsl
    depilogue.o(.text) refers to llushr.o(.text) for __aeabi_llsr
    dsqrt.o(.text) refers to llushr.o(.text) for __aeabi_llsr
    dsqrt.o(.text) refers to depilogue.o(.text) for _double_round
    dfixul.o(.text) refers to llushr.o(.text) for __aeabi_llsr
    dfixul.o(.text) refers to llshl.o(.text) for __aeabi_llsl
    init.o(.text) refers to entry5.o(.ARM.Collect$$$$00000004) for __main_after_scatterload


==============================================================================

Removing Unused input sections from the image.

    Removing startup_stm32f10x_md.o(HEAP), (0 bytes).
    Removing stm32f10x_i2c.o(.text), (996 bytes).
    Removing ofme_pid.o(.text), (100 bytes).
    Removing core_cm3.o(.emb_text), (32 bytes).
    Removing system_stm32f10x.o(.constdata), (20 bytes).
    Removing dfixul.o(.text), (48 bytes).

6 unused section(s) (total 1196 bytes) removed from the image.

==============================================================================

Image Symbol Table

    Local Symbols

    Symbol Name                              Value     Ov Type        Size  Object(Section)

    ../clib/../cmprslib/zerorunl2.c          0x00000000   Number         0  __dczerorl2.o ABSOLUTE
    ../clib/microlib/division.c              0x00000000   Number         0  uidiv.o ABSOLUTE
    ../clib/microlib/division.c              0x00000000   Number         0  uldiv.o ABSOLUTE
    ../clib/microlib/errno.c                 0x00000000   Number         0  errno.o ABSOLUTE
    ../clib/microlib/init/entry.s            0x00000000   Number         0  entry9a.o ABSOLUTE
    ../clib/microlib/init/entry.s            0x00000000   Number         0  entry.o ABSOLUTE
    ../clib/microlib/init/entry.s            0x00000000   Number         0  entry7a.o ABSOLUTE
    ../clib/microlib/init/entry.s            0x00000000   Number         0  entry8b.o ABSOLUTE
    ../clib/microlib/init/entry.s            0x00000000   Number         0  entry8a.o ABSOLUTE
    ../clib/microlib/init/entry.s            0x00000000   Number         0  entry11a.o ABSOLUTE
    ../clib/microlib/init/entry.s            0x00000000   Number         0  entry10b.o ABSOLUTE
    ../clib/microlib/init/entry.s            0x00000000   Number         0  entry7b.o ABSOLUTE
    ../clib/microlib/init/entry.s            0x00000000   Number         0  entry11b.o ABSOLUTE
    ../clib/microlib/init/entry.s            0x00000000   Number         0  entry10a.o ABSOLUTE
    ../clib/microlib/init/entry.s            0x00000000   Number         0  entry5.o ABSOLUTE
    ../clib/microlib/init/entry.s            0x00000000   Number         0  entry9b.o ABSOLUTE
    ../clib/microlib/init/entry.s            0x00000000   Number         0  entry2.o ABSOLUTE
    ../clib/microlib/longlong.c              0x00000000   Number         0  llsshr.o ABSOLUTE
    ../clib/microlib/longlong.c              0x00000000   Number         0  llushr.o ABSOLUTE
    ../clib/microlib/longlong.c              0x00000000   Number         0  llshl.o ABSOLUTE
    ../clib/microlib/printf/printf.c         0x00000000   Number         0  printfb.o ABSOLUTE
    ../clib/microlib/printf/printf.c         0x00000000   Number         0  printf4.o ABSOLUTE
    ../clib/microlib/printf/printf.c         0x00000000   Number         0  printf3.o ABSOLUTE
    ../clib/microlib/printf/printf.c         0x00000000   Number         0  printf2.o ABSOLUTE
    ../clib/microlib/printf/printf.c         0x00000000   Number         0  printf1.o ABSOLUTE
    ../clib/microlib/printf/printf.c         0x00000000   Number         0  printf0.o ABSOLUTE
    ../clib/microlib/printf/printf.c         0x00000000   Number         0  printfa.o ABSOLUTE
    ../clib/microlib/printf/printf.c         0x00000000   Number         0  printf8.o ABSOLUTE
    ../clib/microlib/printf/printf.c         0x00000000   Number         0  printf7.o ABSOLUTE
    ../clib/microlib/printf/printf.c         0x00000000   Number         0  printf6.o ABSOLUTE
    ../clib/microlib/printf/printf.c         0x00000000   Number         0  printf5.o ABSOLUTE
    ../clib/microlib/printf/stubs.s          0x00000000   Number         0  stubs.o ABSOLUTE
    ../clib/microlib/stubs.s                 0x00000000   Number         0  iusefp.o ABSOLUTE
    ../fplib/microlib/d2f.c                  0x00000000   Number         0  d2f.o ABSOLUTE
    ../fplib/microlib/f2d.c                  0x00000000   Number         0  f2d.o ABSOLUTE
    ../fplib/microlib/fpadd.c                0x00000000   Number         0  dadd.o ABSOLUTE
    ../fplib/microlib/fpadd.c                0x00000000   Number         0  fadd.o ABSOLUTE
    ../fplib/microlib/fpdiv.c                0x00000000   Number         0  fdiv.o ABSOLUTE
    ../fplib/microlib/fpdiv.c                0x00000000   Number         0  ddiv.o ABSOLUTE
    ../fplib/microlib/fpepilogue.c           0x00000000   Number         0  fepilogue.o ABSOLUTE
    ../fplib/microlib/fpepilogue.c           0x00000000   Number         0  depilogue.o ABSOLUTE
    ../fplib/microlib/fpfix.c                0x00000000   Number         0  ffixi.o ABSOLUTE
    ../fplib/microlib/fpfix.c                0x00000000   Number         0  dfixi.o ABSOLUTE
    ../fplib/microlib/fpfix.c                0x00000000   Number         0  ffixui.o ABSOLUTE
    ../fplib/microlib/fpfix.c                0x00000000   Number         0  dfixul.o ABSOLUTE
    ../fplib/microlib/fpflt.c                0x00000000   Number         0  fflti.o ABSOLUTE
    ../fplib/microlib/fpflt.c                0x00000000   Number         0  dflti.o ABSOLUTE
    ../fplib/microlib/fpmul.c                0x00000000   Number         0  fmul.o ABSOLUTE
    ../fplib/microlib/fpmul.c                0x00000000   Number         0  dmul.o ABSOLUTE
    ../fplib/microlib/fpscalb.c              0x00000000   Number         0  dscalb.o ABSOLUTE
    ../fplib/microlib/fpsqrt.c               0x00000000   Number         0  dsqrt.o ABSOLUTE
    ../mathlib/atan.c                        0x00000000   Number         0  atan_x.o ABSOLUTE
    ../mathlib/atan.c                        0x00000000   Number         0  atan.o ABSOLUTE
    ../mathlib/atan2.c                       0x00000000   Number         0  atan2_x.o ABSOLUTE
    ../mathlib/atan2.c                       0x00000000   Number         0  atan2.o ABSOLUTE
    ../mathlib/dunder.c                      0x00000000   Number         0  dunder.o ABSOLUTE
    ../mathlib/fpclassify.c                  0x00000000   Number         0  fpclassify.o ABSOLUTE
    ../mathlib/poly.c                        0x00000000   Number         0  poly.o ABSOLUTE
    ../mathlib/qnan.c                        0x00000000   Number         0  qnan.o ABSOLUTE
    ../mathlib/sqrt.c                        0x00000000   Number         0  sqrt_x.o ABSOLUTE
    ../mathlib/sqrt.c                        0x00000000   Number         0  sqrt.o ABSOLUTE
    ..\CMSIS\core_cm3.c                      0x00000000   Number         0  core_cm3.o ABSOLUTE
    ..\CMSIS\startup\startup_stm32f10x_md.s  0x00000000   Number         0  startup_stm32f10x_md.o ABSOLUTE
    ..\CMSIS\system_stm32f10x.c              0x00000000   Number         0  system_stm32f10x.o ABSOLUTE
    ..\FWlib\src\MPU6050.c                   0x00000000   Number         0  mpu6050.o ABSOLUTE
    ..\FWlib\src\iic_analog.c                0x00000000   Number         0  iic_analog.o ABSOLUTE
    ..\FWlib\src\misc.c                      0x00000000   Number         0  misc.o ABSOLUTE
    ..\FWlib\src\ofme_pid.c                  0x00000000   Number         0  ofme_pid.o ABSOLUTE
    ..\FWlib\src\stm32f10x_exti.c            0x00000000   Number         0  stm32f10x_exti.o ABSOLUTE
    ..\FWlib\src\stm32f10x_gpio.c            0x00000000   Number         0  stm32f10x_gpio.o ABSOLUTE
    ..\FWlib\src\stm32f10x_i2c.c             0x00000000   Number         0  stm32f10x_i2c.o ABSOLUTE
    ..\FWlib\src\stm32f10x_rcc.c             0x00000000   Number         0  stm32f10x_rcc.o ABSOLUTE
    ..\FWlib\src\stm32f10x_tim.c             0x00000000   Number         0  stm32f10x_tim.o ABSOLUTE
    ..\FWlib\src\stm32f10x_usart.c           0x00000000   Number         0  stm32f10x_usart.o ABSOLUTE
    ..\\CMSIS\\core_cm3.c                    0x00000000   Number         0  core_cm3.o ABSOLUTE
    cdcmple.s                                0x00000000   Number         0  cdcmple.o ABSOLUTE
    cdrcmple.s                               0x00000000   Number         0  cdrcmple.o ABSOLUTE
    cfcmple.s                                0x00000000   Number         0  cfcmple.o ABSOLUTE
    cfrcmple.s                               0x00000000   Number         0  cfrcmple.o ABSOLUTE
    dc.s                                     0x00000000   Number         0  dc.o ABSOLUTE
    fputc_debug.c                            0x00000000   Number         0  fputc_debug.o ABSOLUTE
    handlers.s                               0x00000000   Number         0  handlers.o ABSOLUTE
    init.s                                   0x00000000   Number         0  init.o ABSOLUTE
    main.c                                   0x00000000   Number         0  main.o ABSOLUTE
    stm32f10x_it.c                           0x00000000   Number         0  stm32f10x_it.o ABSOLUTE
    systick.c                                0x00000000   Number         0  systick.o ABSOLUTE
    RESET                                    0x08000000   Section      236  startup_stm32f10x_md.o(RESET)
    .ARM.Collect$$$$00000000                 0x080000ec   Section        0  entry.o(.ARM.Collect$$$$00000000)
    .ARM.Collect$$$$00000001                 0x080000ec   Section        4  entry2.o(.ARM.Collect$$$$00000001)
    .ARM.Collect$$$$00000004                 0x080000f0   Section        4  entry5.o(.ARM.Collect$$$$00000004)
    .ARM.Collect$$$$00000008                 0x080000f4   Section        0  entry7b.o(.ARM.Collect$$$$00000008)
    .ARM.Collect$$$$0000000A                 0x080000f4   Section        0  entry8b.o(.ARM.Collect$$$$0000000A)
    .ARM.Collect$$$$0000000B                 0x080000f4   Section        8  entry9a.o(.ARM.Collect$$$$0000000B)
    .ARM.Collect$$$$0000000D                 0x080000fc   Section        0  entry10a.o(.ARM.Collect$$$$0000000D)
    .ARM.Collect$$$$0000000F                 0x080000fc   Section        0  entry11a.o(.ARM.Collect$$$$0000000F)
    .ARM.Collect$$$$00002712                 0x080000fc   Section        4  entry2.o(.ARM.Collect$$$$00002712)
    __lit__00000000                          0x080000fc   Data           4  entry2.o(.ARM.Collect$$$$00002712)
    .text                                    0x08000100   Section       28  startup_stm32f10x_md.o(.text)
    .text                                    0x0800011c   Section        0  main.o(.text)
    TIM4_Mode_Config                         0x08001129   Thumb Code   124  main.o(.text)
    .text                                    0x08001338   Section        0  stm32f10x_it.o(.text)
    .text                                    0x08001f78   Section        0  systick.o(.text)
    .text                                    0x08002010   Section        0  fputc_debug.o(.text)
    .text                                    0x08002034   Section        0  stm32f10x_gpio.o(.text)
    .text                                    0x08002364   Section        0  stm32f10x_rcc.o(.text)
    .text                                    0x08002704   Section        0  iic_analog.o(.text)
    .text                                    0x08002a38   Section        0  mpu6050.o(.text)
    .text                                    0x08002bb8   Section        0  stm32f10x_usart.o(.text)
    .text                                    0x08002f28   Section        0  stm32f10x_tim.o(.text)
    TI4_Config                               0x08003247   Thumb Code    82  stm32f10x_tim.o(.text)
    TI3_Config                               0x080032ab   Thumb Code    72  stm32f10x_tim.o(.text)
    TI2_Config                               0x0800331d   Thumb Code    80  stm32f10x_tim.o(.text)
    TI1_Config                               0x0800337f   Thumb Code    56  stm32f10x_tim.o(.text)
    .text                                    0x08003af0   Section        0  misc.o(.text)
    .text                                    0x08003bcc   Section        0  stm32f10x_exti.o(.text)
    .text                                    0x08003d0c   Section        0  system_stm32f10x.o(.text)
    SetSysClockTo72                          0x08003d0d   Thumb Code   220  system_stm32f10x.o(.text)
    SetSysClock                              0x08003de9   Thumb Code     8  system_stm32f10x.o(.text)
    .text                                    0x08003e44   Section        0  fadd.o(.text)
    .text                                    0x08003ef4   Section        0  fmul.o(.text)
    .text                                    0x08003f58   Section        0  fdiv.o(.text)
    .text                                    0x08003fd4   Section        0  dadd.o(.text)
    .text                                    0x08004122   Section        0  dmul.o(.text)
    .text                                    0x08004206   Section        0  ddiv.o(.text)
    .text                                    0x080042e4   Section        0  fflti.o(.text)
    .text                                    0x080042f6   Section        0  dflti.o(.text)
    .text                                    0x08004318   Section        0  ffixi.o(.text)
    .text                                    0x0800434a   Section        0  ffixui.o(.text)
    .text                                    0x08004372   Section        0  dfixi.o(.text)
    .text                                    0x080043b0   Section        0  f2d.o(.text)
    .text                                    0x080043d8   Section       48  cdcmple.o(.text)
    .text                                    0x08004408   Section       48  cdrcmple.o(.text)
    .text                                    0x08004438   Section        0  d2f.o(.text)
    .text                                    0x08004470   Section       20  cfcmple.o(.text)
    .text                                    0x08004484   Section       20  cfrcmple.o(.text)
    .text                                    0x08004498   Section        0  uldiv.o(.text)
    .text                                    0x080044fa   Section        0  llshl.o(.text)
    .text                                    0x08004518   Section        0  llushr.o(.text)
    .text                                    0x08004538   Section        0  llsshr.o(.text)
    .text                                    0x0800455c   Section        0  iusefp.o(.text)
    .text                                    0x0800455c   Section        0  fepilogue.o(.text)
    .text                                    0x080045ca   Section        0  depilogue.o(.text)
    .text                                    0x08004684   Section        0  dscalb.o(.text)
    .text                                    0x080046b2   Section        0  dsqrt.o(.text)
    .text                                    0x08004754   Section       36  init.o(.text)
    .text                                    0x08004778   Section        0  __dczerorl2.o(.text)
    i.__0printf$4                            0x080047d0   Section        0  printf4.o(i.__0printf$4)
    i.__ARM_fpclassify                       0x080047f0   Section        0  fpclassify.o(i.__ARM_fpclassify)
    i.__kernel_poly                          0x08004818   Section        0  poly.o(i.__kernel_poly)
    i.__mathlib_dbl_infnan                   0x080048c2   Section        0  dunder.o(i.__mathlib_dbl_infnan)
    i.__mathlib_dbl_infnan2                  0x080048c8   Section        0  dunder.o(i.__mathlib_dbl_infnan2)
    i.__mathlib_dbl_underflow                0x080048cc   Section        0  dunder.o(i.__mathlib_dbl_underflow)
    i.__scatterload_copy                     0x080048dc   Section       14  handlers.o(i.__scatterload_copy)
    i.__scatterload_null                     0x080048ea   Section        2  handlers.o(i.__scatterload_null)
    i.__scatterload_zeroinit                 0x080048ec   Section       14  handlers.o(i.__scatterload_zeroinit)
    i.__set_errno                            0x080048fc   Section        0  errno.o(i.__set_errno)
    i._printf_core                           0x08004908   Section        0  printf4.o(i._printf_core)
    _printf_core                             0x08004909   Thumb Code   552  printf4.o(i._printf_core)
    i.atan                                   0x08004b34   Section        0  atan.o(i.atan)
    i.atan2                                  0x08004d54   Section        0  atan2.o(i.atan2)
    i.sqrt                                   0x08004ed4   Section        0  sqrt.o(i.sqrt)
    .constdata                               0x08004f20   Section      152  atan.o(.constdata)
    atanhi                                   0x08004f20   Data          32  atan.o(.constdata)
    atanlo                                   0x08004f40   Data          32  atan.o(.constdata)
    aTodd                                    0x08004f60   Data          40  atan.o(.constdata)
    aTeven                                   0x08004f88   Data          48  atan.o(.constdata)
    .constdata                               0x08004fb8   Section        8  qnan.o(.constdata)
    .data                                    0x20000000   Section      820  main.o(.data)
    err_cnt                                  0x20000330   Data           4  main.o(.data)
    .data                                    0x20000334   Section       33  stm32f10x_it.o(.data)
    IF                                       0x20000348   Data           4  stm32f10x_it.o(.data)
    ignore                                   0x2000034c   Data           4  stm32f10x_it.o(.data)
    pre_dir                                  0x20000350   Data           4  stm32f10x_it.o(.data)
    GetData                                  0x20000354   Data           1  stm32f10x_it.o(.data)
    .data                                    0x20000358   Section        4  systick.o(.data)
    .data                                    0x2000035c   Section        8  fputc_debug.o(.data)
    .data                                    0x20000364   Section       20  stm32f10x_rcc.o(.data)
    APBAHBPrescTable                         0x20000364   Data          16  stm32f10x_rcc.o(.data)
    ADCPrescTable                            0x20000374   Data           4  stm32f10x_rcc.o(.data)
    .data                                    0x20000378   Section        4  errno.o(.data)
    _errno                                   0x20000378   Data           4  errno.o(.data)
    .bss                                     0x20000380   Section     1292  main.o(.bss)
    STACK                                    0x20000890   Section      512  startup_stm32f10x_md.o(STACK)

    Global Symbols

    Symbol Name                              Value     Ov Type        Size  Object(Section)

    BuildAttributes$$THM_ISAv4$P$D$K$B$S$PE$A:L22UL41UL21$X:L11$S22US41US21$IEEE1$IW$USESV6$~STKCKD$USESV7$~SHL$OTIME$ROPI$IEEEX$EBA8$MICROLIB$REQ8$PRES8$EABIv2 0x00000000   Number         0  anon$$obj.o ABSOLUTE
    __ARM_use_no_argv                        0x00000000   Number         0  main.o ABSOLUTE
    _printf_a                                0x00000000   Number         0  stubs.o ABSOLUTE
    _printf_c                                0x00000000   Number         0  stubs.o ABSOLUTE
    _printf_charcount                        0x00000000   Number         0  stubs.o ABSOLUTE
    _printf_d                                0x00000000   Number         0  stubs.o ABSOLUTE
    _printf_e                                0x00000000   Number         0  stubs.o ABSOLUTE
    _printf_f                                0x00000000   Number         0  stubs.o ABSOLUTE
    _printf_flags                            0x00000000   Number         0  stubs.o ABSOLUTE
    _printf_fp_dec                           0x00000000   Number         0  stubs.o ABSOLUTE
    _printf_fp_hex                           0x00000000   Number         0  stubs.o ABSOLUTE
    _printf_g                                0x00000000   Number         0  stubs.o ABSOLUTE
    _printf_i                                0x00000000   Number         0  stubs.o ABSOLUTE
    _printf_int_dec                          0x00000000   Number         0  stubs.o ABSOLUTE
    _printf_l                                0x00000000   Number         0  stubs.o ABSOLUTE
    _printf_lc                               0x00000000   Number         0  stubs.o ABSOLUTE
    _printf_ll                               0x00000000   Number         0  stubs.o ABSOLUTE
    _printf_lld                              0x00000000   Number         0  stubs.o ABSOLUTE
    _printf_lli                              0x00000000   Number         0  stubs.o ABSOLUTE
    _printf_llo                              0x00000000   Number         0  stubs.o ABSOLUTE
    _printf_llu                              0x00000000   Number         0  stubs.o ABSOLUTE
    _printf_llx                              0x00000000   Number         0  stubs.o ABSOLUTE
    _printf_longlong_dec                     0x00000000   Number         0  stubs.o ABSOLUTE
    _printf_longlong_hex                     0x00000000   Number         0  stubs.o ABSOLUTE
    _printf_longlong_oct                     0x00000000   Number         0  stubs.o ABSOLUTE
    _printf_ls                               0x00000000   Number         0  stubs.o ABSOLUTE
    _printf_mbtowc                           0x00000000   Number         0  stubs.o ABSOLUTE
    _printf_n                                0x00000000   Number         0  stubs.o ABSOLUTE
    _printf_o                                0x00000000   Number         0  stubs.o ABSOLUTE
    _printf_p                                0x00000000   Number         0  stubs.o ABSOLUTE
    _printf_percent                          0x00000000   Number         0  stubs.o ABSOLUTE
    _printf_pre_padding                      0x00000000   Number         0  stubs.o ABSOLUTE
    _printf_return_value                     0x00000000   Number         0  stubs.o ABSOLUTE
    _printf_s                                0x00000000   Number         0  stubs.o ABSOLUTE
    _printf_sizespec                         0x00000000   Number         0  stubs.o ABSOLUTE
    _printf_str                              0x00000000   Number         0  stubs.o ABSOLUTE
    _printf_truncate_signed                  0x00000000   Number         0  stubs.o ABSOLUTE
    _printf_truncate_unsigned                0x00000000   Number         0  stubs.o ABSOLUTE
    _printf_u                                0x00000000   Number         0  stubs.o ABSOLUTE
    _printf_wc                               0x00000000   Number         0  stubs.o ABSOLUTE
    _printf_wctomb                           0x00000000   Number         0  stubs.o ABSOLUTE
    _printf_widthprec                        0x00000000   Number         0  stubs.o ABSOLUTE
    _printf_x                                0x00000000   Number         0  stubs.o ABSOLUTE
    __cpp_initialize__aeabi_                  - Undefined Weak Reference
    __cxa_finalize                            - Undefined Weak Reference
    _clock_init                               - Undefined Weak Reference
    _microlib_exit                            - Undefined Weak Reference
    __Vectors_Size                           0x000000ec   Number         0  startup_stm32f10x_md.o ABSOLUTE
    __Vectors                                0x08000000   Data           4  startup_stm32f10x_md.o(RESET)
    __Vectors_End                            0x080000ec   Data           0  startup_stm32f10x_md.o(RESET)
    __main                                   0x080000ed   Thumb Code     0  entry.o(.ARM.Collect$$$$00000000)
    _main_stk                                0x080000ed   Thumb Code     0  entry2.o(.ARM.Collect$$$$00000001)
    _main_scatterload                        0x080000f1   Thumb Code     0  entry5.o(.ARM.Collect$$$$00000004)
    __main_after_scatterload                 0x080000f5   Thumb Code     0  entry5.o(.ARM.Collect$$$$00000004)
    _main_clock                              0x080000f5   Thumb Code     0  entry7b.o(.ARM.Collect$$$$00000008)
    _main_cpp_init                           0x080000f5   Thumb Code     0  entry8b.o(.ARM.Collect$$$$0000000A)
    _main_init                               0x080000f5   Thumb Code     0  entry9a.o(.ARM.Collect$$$$0000000B)
    __rt_final_cpp                           0x080000fd   Thumb Code     0  entry10a.o(.ARM.Collect$$$$0000000D)
    __rt_final_exit                          0x080000fd   Thumb Code     0  entry11a.o(.ARM.Collect$$$$0000000F)
    Reset_Handler                            0x08000101   Thumb Code     4  startup_stm32f10x_md.o(.text)
    ADC1_2_IRQHandler                        0x08000117   Thumb Code     0  startup_stm32f10x_md.o(.text)
    CAN1_RX1_IRQHandler                      0x08000117   Thumb Code     0  startup_stm32f10x_md.o(.text)
    CAN1_SCE_IRQHandler                      0x08000117   Thumb Code     0  startup_stm32f10x_md.o(.text)
    DMA1_Channel1_IRQHandler                 0x08000117   Thumb Code     0  startup_stm32f10x_md.o(.text)
    DMA1_Channel2_IRQHandler                 0x08000117   Thumb Code     0  startup_stm32f10x_md.o(.text)
    DMA1_Channel3_IRQHandler                 0x08000117   Thumb Code     0  startup_stm32f10x_md.o(.text)
    DMA1_Channel4_IRQHandler                 0x08000117   Thumb Code     0  startup_stm32f10x_md.o(.text)
    DMA1_Channel5_IRQHandler                 0x08000117   Thumb Code     0  startup_stm32f10x_md.o(.text)
    DMA1_Channel6_IRQHandler                 0x08000117   Thumb Code     0  startup_stm32f10x_md.o(.text)
    DMA1_Channel7_IRQHandler                 0x08000117   Thumb Code     0  startup_stm32f10x_md.o(.text)
    EXTI0_IRQHandler                         0x08000117   Thumb Code     0  startup_stm32f10x_md.o(.text)
    EXTI15_10_IRQHandler                     0x08000117   Thumb Code     0  startup_stm32f10x_md.o(.text)
    EXTI2_IRQHandler                         0x08000117   Thumb Code     0  startup_stm32f10x_md.o(.text)
    EXTI3_IRQHandler                         0x08000117   Thumb Code     0  startup_stm32f10x_md.o(.text)
    EXTI4_IRQHandler                         0x08000117   Thumb Code     0  startup_stm32f10x_md.o(.text)
    EXTI9_5_IRQHandler                       0x08000117   Thumb Code     0  startup_stm32f10x_md.o(.text)
    FLASH_IRQHandler                         0x08000117   Thumb Code     0  startup_stm32f10x_md.o(.text)
    I2C1_ER_IRQHandler                       0x08000117   Thumb Code     0  startup_stm32f10x_md.o(.text)
    I2C1_EV_IRQHandler                       0x08000117   Thumb Code     0  startup_stm32f10x_md.o(.text)
    I2C2_ER_IRQHandler                       0x08000117   Thumb Code     0  startup_stm32f10x_md.o(.text)
    I2C2_EV_IRQHandler                       0x08000117   Thumb Code     0  startup_stm32f10x_md.o(.text)
    PVD_IRQHandler                           0x08000117   Thumb Code     0  startup_stm32f10x_md.o(.text)
    RCC_IRQHandler                           0x08000117   Thumb Code     0  startup_stm32f10x_md.o(.text)
    RTCAlarm_IRQHandler                      0x08000117   Thumb Code     0  startup_stm32f10x_md.o(.text)
    RTC_IRQHandler                           0x08000117   Thumb Code     0  startup_stm32f10x_md.o(.text)
    SPI1_IRQHandler                          0x08000117   Thumb Code     0  startup_stm32f10x_md.o(.text)
    SPI2_IRQHandler                          0x08000117   Thumb Code     0  startup_stm32f10x_md.o(.text)
    TAMPER_IRQHandler                        0x08000117   Thumb Code     0  startup_stm32f10x_md.o(.text)
    TIM1_BRK_IRQHandler                      0x08000117   Thumb Code     0  startup_stm32f10x_md.o(.text)
    TIM1_CC_IRQHandler                       0x08000117   Thumb Code     0  startup_stm32f10x_md.o(.text)
    TIM1_TRG_COM_IRQHandler                  0x08000117   Thumb Code     0  startup_stm32f10x_md.o(.text)
    TIM1_UP_IRQHandler                       0x08000117   Thumb Code     0  startup_stm32f10x_md.o(.text)
    TIM3_IRQHandler                          0x08000117   Thumb Code     0  startup_stm32f10x_md.o(.text)
    USART2_IRQHandler                        0x08000117   Thumb Code     0  startup_stm32f10x_md.o(.text)
    USART3_IRQHandler                        0x08000117   Thumb Code     0  startup_stm32f10x_md.o(.text)
    USBWakeUp_IRQHandler                     0x08000117   Thumb Code     0  startup_stm32f10x_md.o(.text)
    USB_HP_CAN1_TX_IRQHandler                0x08000117   Thumb Code     0  startup_stm32f10x_md.o(.text)
    USB_LP_CAN1_RX0_IRQHandler               0x08000117   Thumb Code     0  startup_stm32f10x_md.o(.text)
    WWDG_IRQHandler                          0x08000117   Thumb Code     0  startup_stm32f10x_md.o(.text)
    Init                                     0x0800011d   Thumb Code    56  main.o(.text)
    getAngle                                 0x08000155   Thumb Code   540  main.o(.text)
    setAngle                                 0x08000371   Thumb Code     6  main.o(.text)
    getRate                                  0x08000377   Thumb Code     8  main.o(.text)
    setQangle                                0x0800037f   Thumb Code     6  main.o(.text)
    setQbias                                 0x08000385   Thumb Code     6  main.o(.text)
    setRmeasure                              0x0800038b   Thumb Code     6  main.o(.text)
    getQangle                                0x08000391   Thumb Code     8  main.o(.text)
    getQbias                                 0x08000399   Thumb Code     8  main.o(.text)
    getRmeasure                              0x080003a1   Thumb Code     8  main.o(.text)
    SFIE                                     0x080003a9   Thumb Code   140  main.o(.text)
    Fuzzify                                  0x08000435   Thumb Code   536  main.o(.text)
    Evaluate                                 0x0800064d   Thumb Code   156  main.o(.text)
    Defuzzify                                0x080006e9   Thumb Code   206  main.o(.text)
    GetCrispInputs                           0x080007b7   Thumb Code    50  main.o(.text)
    ApplyCrispOutputs                        0x080007e9   Thumb Code    66  main.o(.text)
    updatePitchRoll                          0x0800082b   Thumb Code   160  main.o(.text)
    USART_Configuration                      0x080008cb   Thumb Code   312  main.o(.text)
    RCC_Configuration                        0x08000a03   Thumb Code   136  main.o(.text)
    TIM_GPIO_Config                          0x08000a8b   Thumb Code   148  main.o(.text)
    NVIC_Timer2_Configuration                0x08000b1f   Thumb Code    50  main.o(.text)
    NVIC_Timer4_Configuration                0x08000b51   Thumb Code    48  main.o(.text)
    TIM2_Configuration                       0x08000b81   Thumb Code    50  main.o(.text)
    TIM4_Configuration                       0x08000bb3   Thumb Code    50  main.o(.text)
    updateMPU6050                            0x08000be5   Thumb Code   224  main.o(.text)
    sensor_cal                               0x08000cc5   Thumb Code    94  main.o(.text)
    InitAll                                  0x08000d23   Thumb Code   124  main.o(.text)
    Sensor_fusion                            0x08000d9f   Thumb Code   876  main.o(.text)
    TIM4_GPIO_Config                         0x0800110b   Thumb Code    30  main.o(.text)
    TIM4_PWM_Init                            0x080011a5   Thumb Code    12  main.o(.text)
    TIM1_Light_Mask_Configuration            0x080011b1   Thumb Code    52  main.o(.text)
    Light_mask_init                          0x080011e5   Thumb Code   280  main.o(.text)
    main                                     0x080012fd   Thumb Code    60  main.o(.text)
    NMI_Handler                              0x08001339   Thumb Code     2  stm32f10x_it.o(.text)
    HardFault_Handler                        0x0800133b   Thumb Code     4  stm32f10x_it.o(.text)
    MemManage_Handler                        0x0800133f   Thumb Code     4  stm32f10x_it.o(.text)
    BusFault_Handler                         0x08001343   Thumb Code     4  stm32f10x_it.o(.text)
    UsageFault_Handler                       0x08001347   Thumb Code     4  stm32f10x_it.o(.text)
    SVC_Handler                              0x0800134b   Thumb Code     2  stm32f10x_it.o(.text)
    DebugMon_Handler                         0x0800134d   Thumb Code     2  stm32f10x_it.o(.text)
    PendSV_Handler                           0x0800134f   Thumb Code     2  stm32f10x_it.o(.text)
    TimingDelay_Decrement                    0x08001351   Thumb Code    18  stm32f10x_it.o(.text)
    SysTick_Handler                          0x08001363   Thumb Code     8  stm32f10x_it.o(.text)
    Motor_duty_control                       0x0800136b   Thumb Code  1948  stm32f10x_it.o(.text)
    Motor_dir_control                        0x08001b07   Thumb Code   396  stm32f10x_it.o(.text)
    TIM4_IRQHandler                          0x08001c93   Thumb Code    42  stm32f10x_it.o(.text)
    TIM2_IRQHandler                          0x08001cbd   Thumb Code    60  stm32f10x_it.o(.text)
    EXTI1_IRQHandler                         0x08001cf9   Thumb Code   372  stm32f10x_it.o(.text)
    USART1_IRQHandler                        0x08001e6d   Thumb Code   108  stm32f10x_it.o(.text)
    Systick_Init                             0x08001f79   Thumb Code    98  systick.o(.text)
    Delay_ms                                 0x08001fdb   Thumb Code    36  systick.o(.text)
    fputc                                    0x08002011   Thumb Code    30  fputc_debug.o(.text)
    GPIO_DeInit                              0x08002035   Thumb Code   188  stm32f10x_gpio.o(.text)
    GPIO_AFIODeInit                          0x080020f1   Thumb Code    20  stm32f10x_gpio.o(.text)
    GPIO_Init                                0x08002105   Thumb Code   278  stm32f10x_gpio.o(.text)
    GPIO_StructInit                          0x0800221b   Thumb Code    16  stm32f10x_gpio.o(.text)
    GPIO_ReadInputDataBit                    0x0800222b   Thumb Code    18  stm32f10x_gpio.o(.text)
    GPIO_ReadInputData                       0x0800223d   Thumb Code     8  stm32f10x_gpio.o(.text)
    GPIO_ReadOutputDataBit                   0x08002245   Thumb Code    18  stm32f10x_gpio.o(.text)
    GPIO_ReadOutputData                      0x08002257   Thumb Code     8  stm32f10x_gpio.o(.text)
    GPIO_SetBits                             0x0800225f   Thumb Code     4  stm32f10x_gpio.o(.text)
    GPIO_ResetBits                           0x08002263   Thumb Code     4  stm32f10x_gpio.o(.text)
    GPIO_WriteBit                            0x08002267   Thumb Code    10  stm32f10x_gpio.o(.text)
    GPIO_Write                               0x08002271   Thumb Code     4  stm32f10x_gpio.o(.text)
    GPIO_PinLockConfig                       0x08002275   Thumb Code    18  stm32f10x_gpio.o(.text)
    GPIO_EventOutputConfig                   0x08002287   Thumb Code    26  stm32f10x_gpio.o(.text)
    GPIO_EventOutputCmd                      0x080022a1   Thumb Code     6  stm32f10x_gpio.o(.text)
    GPIO_PinRemapConfig                      0x080022a7   Thumb Code   106  stm32f10x_gpio.o(.text)
    GPIO_EXTILineConfig                      0x08002311   Thumb Code    66  stm32f10x_gpio.o(.text)
    RCC_DeInit                               0x08002365   Thumb Code    62  stm32f10x_rcc.o(.text)
    RCC_HSEConfig                            0x080023a3   Thumb Code    70  stm32f10x_rcc.o(.text)
    RCC_GetFlagStatus                        0x080023e9   Thumb Code    56  stm32f10x_rcc.o(.text)
    RCC_WaitForHSEStartUp                    0x08002421   Thumb Code    54  stm32f10x_rcc.o(.text)
    RCC_AdjustHSICalibrationValue            0x08002457   Thumb Code    20  stm32f10x_rcc.o(.text)
    RCC_HSICmd                               0x0800246b   Thumb Code     6  stm32f10x_rcc.o(.text)
    RCC_PLLConfig                            0x08002471   Thumb Code    24  stm32f10x_rcc.o(.text)
    RCC_PLLCmd                               0x08002489   Thumb Code     6  stm32f10x_rcc.o(.text)
    RCC_SYSCLKConfig                         0x0800248f   Thumb Code    18  stm32f10x_rcc.o(.text)
    RCC_GetSYSCLKSource                      0x080024a1   Thumb Code    10  stm32f10x_rcc.o(.text)
    RCC_HCLKConfig                           0x080024ab   Thumb Code    18  stm32f10x_rcc.o(.text)
    RCC_PCLK1Config                          0x080024bd   Thumb Code    18  stm32f10x_rcc.o(.text)
    RCC_PCLK2Config                          0x080024cf   Thumb Code    20  stm32f10x_rcc.o(.text)
    RCC_ITConfig                             0x080024e3   Thumb Code    26  stm32f10x_rcc.o(.text)
    RCC_USBCLKConfig                         0x080024fd   Thumb Code     8  stm32f10x_rcc.o(.text)
    RCC_ADCCLKConfig                         0x08002505   Thumb Code    18  stm32f10x_rcc.o(.text)
    RCC_LSEConfig                            0x08002517   Thumb Code    50  stm32f10x_rcc.o(.text)
    RCC_LSICmd                               0x08002549   Thumb Code     6  stm32f10x_rcc.o(.text)
    RCC_RTCCLKConfig                         0x0800254f   Thumb Code    12  stm32f10x_rcc.o(.text)
    RCC_RTCCLKCmd                            0x0800255b   Thumb Code     8  stm32f10x_rcc.o(.text)
    RCC_GetClocksFreq                        0x08002563   Thumb Code   192  stm32f10x_rcc.o(.text)
    RCC_AHBPeriphClockCmd                    0x08002623   Thumb Code    26  stm32f10x_rcc.o(.text)
    RCC_APB2PeriphClockCmd                   0x0800263d   Thumb Code    26  stm32f10x_rcc.o(.text)
    RCC_APB1PeriphClockCmd                   0x08002657   Thumb Code    26  stm32f10x_rcc.o(.text)
    RCC_APB2PeriphResetCmd                   0x08002671   Thumb Code    26  stm32f10x_rcc.o(.text)
    RCC_APB1PeriphResetCmd                   0x0800268b   Thumb Code    26  stm32f10x_rcc.o(.text)
    RCC_BackupResetCmd                       0x080026a5   Thumb Code     8  stm32f10x_rcc.o(.text)
    RCC_ClockSecuritySystemCmd               0x080026ad   Thumb Code     6  stm32f10x_rcc.o(.text)
    RCC_MCOConfig                            0x080026b3   Thumb Code     6  stm32f10x_rcc.o(.text)
    RCC_ClearFlag                            0x080026b9   Thumb Code    14  stm32f10x_rcc.o(.text)
    RCC_GetITStatus                          0x080026c7   Thumb Code    20  stm32f10x_rcc.o(.text)
    RCC_ClearITPendingBit                    0x080026db   Thumb Code     6  stm32f10x_rcc.o(.text)
    GPIO_Filter                              0x08002705   Thumb Code    86  iic_analog.o(.text)
    IIC_GPIO_Configuration                   0x0800275b   Thumb Code   122  iic_analog.o(.text)
    IIC_Delay                                0x080027d5   Thumb Code    14  iic_analog.o(.text)
    IIC_Start                                0x080027e3   Thumb Code    96  iic_analog.o(.text)
    IIC_Stop                                 0x08002843   Thumb Code    46  iic_analog.o(.text)
    IIC_SendNACK                             0x08002871   Thumb Code    46  iic_analog.o(.text)
    IIC_SendACK                              0x0800289f   Thumb Code    46  iic_analog.o(.text)
    IIC_SendByte                             0x080028cd   Thumb Code   158  iic_analog.o(.text)
    IIC_RecvByte                             0x0800296b   Thumb Code    90  iic_analog.o(.text)
    Single_Write_IIC                         0x080029c5   Thumb Code    36  iic_analog.o(.text)
    Single_Read_IIC                          0x080029e9   Thumb Code    52  iic_analog.o(.text)
    delay_IIC                                0x08002a39   Thumb Code    26  mpu6050.o(.text)
    MPU6050_Inital                           0x08002a53   Thumb Code    66  mpu6050.o(.text)
    Sys_Configuration                        0x08002a95   Thumb Code    22  mpu6050.o(.text)
    getAccX                                  0x08002aab   Thumb Code    38  mpu6050.o(.text)
    getAccY                                  0x08002ad1   Thumb Code    38  mpu6050.o(.text)
    getAccZ                                  0x08002af7   Thumb Code    38  mpu6050.o(.text)
    getGyroX                                 0x08002b1d   Thumb Code    38  mpu6050.o(.text)
    getGyroY                                 0x08002b43   Thumb Code    38  mpu6050.o(.text)
    getGyroZ                                 0x08002b69   Thumb Code    38  mpu6050.o(.text)
    getTemperature                           0x08002b8f   Thumb Code    38  mpu6050.o(.text)
    USART_DeInit                             0x08002bb9   Thumb Code   146  stm32f10x_usart.o(.text)
    USART_Init                               0x08002c4b   Thumb Code   150  stm32f10x_usart.o(.text)
    USART_StructInit                         0x08002ce1   Thumb Code    24  stm32f10x_usart.o(.text)
    USART_ClockInit                          0x08002cf9   Thumb Code    34  stm32f10x_usart.o(.text)
    USART_ClockStructInit                    0x08002d1b   Thumb Code    12  stm32f10x_usart.o(.text)
    USART_Cmd                                0x08002d27   Thumb Code    24  stm32f10x_usart.o(.text)
    USART_ITConfig                           0x08002d3f   Thumb Code    64  stm32f10x_usart.o(.text)
    USART_DMACmd                             0x08002d7f   Thumb Code    18  stm32f10x_usart.o(.text)
    USART_SetAddress                         0x08002d91   Thumb Code    18  stm32f10x_usart.o(.text)
    USART_WakeUpConfig                       0x08002da3   Thumb Code    18  stm32f10x_usart.o(.text)
    USART_ReceiverWakeUpCmd                  0x08002db5   Thumb Code    24  stm32f10x_usart.o(.text)
    USART_LINBreakDetectLengthConfig         0x08002dcd   Thumb Code    18  stm32f10x_usart.o(.text)
    USART_LINCmd                             0x08002ddf   Thumb Code    24  stm32f10x_usart.o(.text)
    USART_SendData                           0x08002df7   Thumb Code     8  stm32f10x_usart.o(.text)
    USART_ReceiveData                        0x08002dff   Thumb Code    10  stm32f10x_usart.o(.text)
    USART_SendBreak                          0x08002e09   Thumb Code    10  stm32f10x_usart.o(.text)
    USART_SetGuardTime                       0x08002e13   Thumb Code    16  stm32f10x_usart.o(.text)
    USART_SetPrescaler                       0x08002e23   Thumb Code    16  stm32f10x_usart.o(.text)
    USART_SmartCardCmd                       0x08002e33   Thumb Code    24  stm32f10x_usart.o(.text)
    USART_SmartCardNACKCmd                   0x08002e4b   Thumb Code    24  stm32f10x_usart.o(.text)
    USART_HalfDuplexCmd                      0x08002e63   Thumb Code    24  stm32f10x_usart.o(.text)
    USART_IrDAConfig                         0x08002e7b   Thumb Code    18  stm32f10x_usart.o(.text)
    USART_IrDACmd                            0x08002e8d   Thumb Code    24  stm32f10x_usart.o(.text)
    USART_GetFlagStatus                      0x08002ea5   Thumb Code    18  stm32f10x_usart.o(.text)
    USART_ClearFlag                          0x08002eb7   Thumb Code     6  stm32f10x_usart.o(.text)
    USART_GetITStatus                        0x08002ebd   Thumb Code    76  stm32f10x_usart.o(.text)
    USART_ClearITPendingBit                  0x08002f09   Thumb Code    20  stm32f10x_usart.o(.text)
    TIM_DeInit                               0x08002f29   Thumb Code   214  stm32f10x_tim.o(.text)
    TIM_TimeBaseInit                         0x08002fff   Thumb Code    50  stm32f10x_tim.o(.text)
    TIM_OC1Init                              0x08003031   Thumb Code   110  stm32f10x_tim.o(.text)
    TIM_OC2Init                              0x0800309f   Thumb Code   148  stm32f10x_tim.o(.text)
    TIM_OC3Init                              0x08003133   Thumb Code   144  stm32f10x_tim.o(.text)
    TIM_OC4Init                              0x080031c3   Thumb Code   106  stm32f10x_tim.o(.text)
    TIM_SetIC4Prescaler                      0x0800322d   Thumb Code    26  stm32f10x_tim.o(.text)
    TIM_SetIC3Prescaler                      0x08003299   Thumb Code    18  stm32f10x_tim.o(.text)
    TIM_SetIC2Prescaler                      0x080032f3   Thumb Code    42  stm32f10x_tim.o(.text)
    TIM_SetIC1Prescaler                      0x0800336d   Thumb Code    18  stm32f10x_tim.o(.text)
    TIM_ICInit                               0x080033b7   Thumb Code   110  stm32f10x_tim.o(.text)
    TIM_PWMIConfig                           0x08003425   Thumb Code   124  stm32f10x_tim.o(.text)
    TIM_BDTRConfig                           0x080034a1   Thumb Code    32  stm32f10x_tim.o(.text)
    TIM_TimeBaseStructInit                   0x080034c1   Thumb Code    18  stm32f10x_tim.o(.text)
    TIM_OCStructInit                         0x080034d3   Thumb Code    20  stm32f10x_tim.o(.text)
    TIM_ICStructInit                         0x080034e7   Thumb Code    18  stm32f10x_tim.o(.text)
    TIM_BDTRStructInit                       0x080034f9   Thumb Code    18  stm32f10x_tim.o(.text)
    TIM_Cmd                                  0x0800350b   Thumb Code    24  stm32f10x_tim.o(.text)
    TIM_CtrlPWMOutputs                       0x08003523   Thumb Code    30  stm32f10x_tim.o(.text)
    TIM_ITConfig                             0x08003541   Thumb Code    18  stm32f10x_tim.o(.text)
    TIM_GenerateEvent                        0x08003553   Thumb Code     4  stm32f10x_tim.o(.text)
    TIM_DMAConfig                            0x08003557   Thumb Code    10  stm32f10x_tim.o(.text)
    TIM_DMACmd                               0x08003561   Thumb Code    18  stm32f10x_tim.o(.text)
    TIM_InternalClockConfig                  0x08003573   Thumb Code    12  stm32f10x_tim.o(.text)
    TIM_SelectInputTrigger                   0x0800357f   Thumb Code    18  stm32f10x_tim.o(.text)
    TIM_ITRxExternalClockConfig              0x08003591   Thumb Code    24  stm32f10x_tim.o(.text)
    TIM_TIxExternalClockConfig               0x080035a9   Thumb Code    62  stm32f10x_tim.o(.text)
    TIM_ETRConfig                            0x080035e7   Thumb Code    30  stm32f10x_tim.o(.text)
    TIM_ETRClockMode1Config                  0x08003605   Thumb Code    54  stm32f10x_tim.o(.text)
    TIM_ETRClockMode2Config                  0x0800363b   Thumb Code    32  stm32f10x_tim.o(.text)
    TIM_PrescalerConfig                      0x0800365b   Thumb Code     6  stm32f10x_tim.o(.text)
    TIM_CounterModeConfig                    0x08003661   Thumb Code    18  stm32f10x_tim.o(.text)
    TIM_EncoderInterfaceConfig               0x08003673   Thumb Code    66  stm32f10x_tim.o(.text)
    TIM_ForcedOC1Config                      0x080036b5   Thumb Code    18  stm32f10x_tim.o(.text)
    TIM_ForcedOC2Config                      0x080036c7   Thumb Code    26  stm32f10x_tim.o(.text)
    TIM_ForcedOC3Config                      0x080036e1   Thumb Code    18  stm32f10x_tim.o(.text)
    TIM_ForcedOC4Config                      0x080036f3   Thumb Code    26  stm32f10x_tim.o(.text)
    TIM_ARRPreloadConfig                     0x0800370d   Thumb Code    24  stm32f10x_tim.o(.text)
    TIM_SelectCOM                            0x08003725   Thumb Code    24  stm32f10x_tim.o(.text)
    TIM_SelectCCDMA                          0x0800373d   Thumb Code    24  stm32f10x_tim.o(.text)
    TIM_CCPreloadControl                     0x08003755   Thumb Code    24  stm32f10x_tim.o(.text)
    TIM_OC1PreloadConfig                     0x0800376d   Thumb Code    18  stm32f10x_tim.o(.text)
    TIM_OC2PreloadConfig                     0x0800377f   Thumb Code    26  stm32f10x_tim.o(.text)
    TIM_OC3PreloadConfig                     0x08003799   Thumb Code    18  stm32f10x_tim.o(.text)
    TIM_OC4PreloadConfig                     0x080037ab   Thumb Code    26  stm32f10x_tim.o(.text)
    TIM_OC1FastConfig                        0x080037c5   Thumb Code    18  stm32f10x_tim.o(.text)
    TIM_OC2FastConfig                        0x080037d7   Thumb Code    26  stm32f10x_tim.o(.text)
    TIM_OC3FastConfig                        0x080037f1   Thumb Code    18  stm32f10x_tim.o(.text)
    TIM_OC4FastConfig                        0x08003803   Thumb Code    26  stm32f10x_tim.o(.text)
    TIM_ClearOC1Ref                          0x0800381d   Thumb Code    18  stm32f10x_tim.o(.text)
    TIM_ClearOC2Ref                          0x0800382f   Thumb Code    24  stm32f10x_tim.o(.text)
    TIM_ClearOC3Ref                          0x08003847   Thumb Code    18  stm32f10x_tim.o(.text)
    TIM_ClearOC4Ref                          0x08003859   Thumb Code    24  stm32f10x_tim.o(.text)
    TIM_OC1PolarityConfig                    0x08003871   Thumb Code    18  stm32f10x_tim.o(.text)
    TIM_OC1NPolarityConfig                   0x08003883   Thumb Code    18  stm32f10x_tim.o(.text)
    TIM_OC2PolarityConfig                    0x08003895   Thumb Code    26  stm32f10x_tim.o(.text)
    TIM_OC2NPolarityConfig                   0x080038af   Thumb Code    26  stm32f10x_tim.o(.text)
    TIM_OC3PolarityConfig                    0x080038c9   Thumb Code    26  stm32f10x_tim.o(.text)
    TIM_OC3NPolarityConfig                   0x080038e3   Thumb Code    26  stm32f10x_tim.o(.text)
    TIM_OC4PolarityConfig                    0x080038fd   Thumb Code    26  stm32f10x_tim.o(.text)
    TIM_CCxCmd                               0x08003917   Thumb Code    26  stm32f10x_tim.o(.text)
    TIM_CCxNCmd                              0x08003931   Thumb Code    26  stm32f10x_tim.o(.text)
    TIM_SelectOCxM                           0x0800394b   Thumb Code   134  stm32f10x_tim.o(.text)
    TIM_UpdateDisableConfig                  0x080039d1   Thumb Code    24  stm32f10x_tim.o(.text)
    TIM_UpdateRequestConfig                  0x080039e9   Thumb Code    24  stm32f10x_tim.o(.text)
    TIM_SelectHallSensor                     0x08003a01   Thumb Code    24  stm32f10x_tim.o(.text)
    TIM_SelectOnePulseMode                   0x08003a19   Thumb Code    18  stm32f10x_tim.o(.text)
    TIM_SelectOutputTrigger                  0x08003a2b   Thumb Code    18  stm32f10x_tim.o(.text)
    TIM_SelectSlaveMode                      0x08003a3d   Thumb Code    18  stm32f10x_tim.o(.text)
    TIM_SelectMasterSlaveMode                0x08003a4f   Thumb Code    18  stm32f10x_tim.o(.text)
    TIM_SetCounter                           0x08003a61   Thumb Code     4  stm32f10x_tim.o(.text)
    TIM_SetAutoreload                        0x08003a65   Thumb Code     4  stm32f10x_tim.o(.text)
    TIM_SetCompare1                          0x08003a69   Thumb Code     4  stm32f10x_tim.o(.text)
    TIM_SetCompare2                          0x08003a6d   Thumb Code     4  stm32f10x_tim.o(.text)
    TIM_SetCompare3                          0x08003a71   Thumb Code     4  stm32f10x_tim.o(.text)
    TIM_SetCompare4                          0x08003a75   Thumb Code     6  stm32f10x_tim.o(.text)
    TIM_SetClockDivision                     0x08003a7b   Thumb Code    14  stm32f10x_tim.o(.text)
    TIM_GetCapture1                          0x08003a89   Thumb Code     6  stm32f10x_tim.o(.text)
    TIM_GetCapture2                          0x08003a8f   Thumb Code     6  stm32f10x_tim.o(.text)
    TIM_GetCapture3                          0x08003a95   Thumb Code     6  stm32f10x_tim.o(.text)
    TIM_GetCapture4                          0x08003a9b   Thumb Code     8  stm32f10x_tim.o(.text)
    TIM_GetCounter                           0x08003aa3   Thumb Code     6  stm32f10x_tim.o(.text)
    TIM_GetPrescaler                         0x08003aa9   Thumb Code     6  stm32f10x_tim.o(.text)
    TIM_GetFlagStatus                        0x08003aaf   Thumb Code    18  stm32f10x_tim.o(.text)
    TIM_ClearFlag                            0x08003ac1   Thumb Code     6  stm32f10x_tim.o(.text)
    TIM_GetITStatus                          0x08003ac7   Thumb Code    34  stm32f10x_tim.o(.text)
    TIM_ClearITPendingBit                    0x08003ae9   Thumb Code     6  stm32f10x_tim.o(.text)
    NVIC_PriorityGroupConfig                 0x08003af1   Thumb Code    10  misc.o(.text)
    NVIC_Init                                0x08003afb   Thumb Code   100  misc.o(.text)
    NVIC_SetVectorTable                      0x08003b5f   Thumb Code    14  misc.o(.text)
    NVIC_SystemLPConfig                      0x08003b6d   Thumb Code    34  misc.o(.text)
    SysTick_CLKSourceConfig                  0x08003b8f   Thumb Code    40  misc.o(.text)
    EXTI_DeInit                              0x08003bcd   Thumb Code    28  stm32f10x_exti.o(.text)
    EXTI_Init                                0x08003be9   Thumb Code   174  stm32f10x_exti.o(.text)
    EXTI_StructInit                          0x08003c97   Thumb Code    16  stm32f10x_exti.o(.text)
    EXTI_GenerateSWInterrupt                 0x08003ca7   Thumb Code    16  stm32f10x_exti.o(.text)
    EXTI_GetFlagStatus                       0x08003cb7   Thumb Code    22  stm32f10x_exti.o(.text)
    EXTI_ClearFlag                           0x08003ccd   Thumb Code     8  stm32f10x_exti.o(.text)
    EXTI_GetITStatus                         0x08003cd5   Thumb Code    34  stm32f10x_exti.o(.text)
    EXTI_ClearITPendingBit                   0x08003cf7   Thumb Code     8  stm32f10x_exti.o(.text)
    SystemInit                               0x08003df1   Thumb Code    68  system_stm32f10x.o(.text)
    __aeabi_fadd                             0x08003e45   Thumb Code   164  fadd.o(.text)
    __aeabi_fsub                             0x08003ee9   Thumb Code     6  fadd.o(.text)
    __aeabi_frsub                            0x08003eef   Thumb Code     6  fadd.o(.text)
    __aeabi_fmul                             0x08003ef5   Thumb Code   100  fmul.o(.text)
    __aeabi_fdiv                             0x08003f59   Thumb Code   124  fdiv.o(.text)
    __aeabi_dadd                             0x08003fd5   Thumb Code   322  dadd.o(.text)
    __aeabi_dsub                             0x08004117   Thumb Code     6  dadd.o(.text)
    __aeabi_drsub                            0x0800411d   Thumb Code     6  dadd.o(.text)
    __aeabi_dmul                             0x08004123   Thumb Code   228  dmul.o(.text)
    __aeabi_ddiv                             0x08004207   Thumb Code   222  ddiv.o(.text)
    __aeabi_i2f                              0x080042e5   Thumb Code    18  fflti.o(.text)
    __aeabi_i2d                              0x080042f7   Thumb Code    34  dflti.o(.text)
    __aeabi_f2iz                             0x08004319   Thumb Code    50  ffixi.o(.text)
    __aeabi_f2uiz                            0x0800434b   Thumb Code    40  ffixui.o(.text)
    __aeabi_d2iz                             0x08004373   Thumb Code    62  dfixi.o(.text)
    __aeabi_f2d                              0x080043b1   Thumb Code    38  f2d.o(.text)
    __aeabi_cdcmpeq                          0x080043d9   Thumb Code     0  cdcmple.o(.text)
    __aeabi_cdcmple                          0x080043d9   Thumb Code    48  cdcmple.o(.text)
    __aeabi_cdrcmple                         0x08004409   Thumb Code    48  cdrcmple.o(.text)
    __aeabi_d2f                              0x08004439   Thumb Code    56  d2f.o(.text)
    __aeabi_cfcmpeq                          0x08004471   Thumb Code     0  cfcmple.o(.text)
    __aeabi_cfcmple                          0x08004471   Thumb Code    20  cfcmple.o(.text)
    __aeabi_cfrcmple                         0x08004485   Thumb Code    20  cfrcmple.o(.text)
    __aeabi_uldivmod                         0x08004499   Thumb Code    98  uldiv.o(.text)
    __aeabi_llsl                             0x080044fb   Thumb Code    30  llshl.o(.text)
    _ll_shift_l                              0x080044fb   Thumb Code     0  llshl.o(.text)
    __aeabi_llsr                             0x08004519   Thumb Code    32  llushr.o(.text)
    _ll_ushift_r                             0x08004519   Thumb Code     0  llushr.o(.text)
    __aeabi_lasr                             0x08004539   Thumb Code    36  llsshr.o(.text)
    _ll_sshift_r                             0x08004539   Thumb Code     0  llsshr.o(.text)
    __I$use$fp                               0x0800455d   Thumb Code     0  iusefp.o(.text)
    _float_round                             0x0800455d   Thumb Code    18  fepilogue.o(.text)
    _float_epilogue                          0x0800456f   Thumb Code    92  fepilogue.o(.text)
    _double_round                            0x080045cb   Thumb Code    30  depilogue.o(.text)
    _double_epilogue                         0x080045e9   Thumb Code   156  depilogue.o(.text)
    __ARM_scalbn                             0x08004685   Thumb Code    46  dscalb.o(.text)
    scalbn                                   0x08004685   Thumb Code     0  dscalb.o(.text)
    _dsqrt                                   0x080046b3   Thumb Code   162  dsqrt.o(.text)
    __scatterload                            0x08004755   Thumb Code    28  init.o(.text)
    __scatterload_rt2                        0x08004755   Thumb Code     0  init.o(.text)
    __decompress                             0x08004779   Thumb Code     0  __dczerorl2.o(.text)
    __decompress1                            0x08004779   Thumb Code    86  __dczerorl2.o(.text)
    __0printf$4                              0x080047d1   Thumb Code    22  printf4.o(i.__0printf$4)
    __1printf$4                              0x080047d1   Thumb Code     0  printf4.o(i.__0printf$4)
    __2printf                                0x080047d1   Thumb Code     0  printf4.o(i.__0printf$4)
    __ARM_fpclassify                         0x080047f1   Thumb Code    40  fpclassify.o(i.__ARM_fpclassify)
    __kernel_poly                            0x08004819   Thumb Code   170  poly.o(i.__kernel_poly)
    __mathlib_dbl_infnan                     0x080048c3   Thumb Code     6  dunder.o(i.__mathlib_dbl_infnan)
    __mathlib_dbl_infnan2                    0x080048c9   Thumb Code     4  dunder.o(i.__mathlib_dbl_infnan2)
    __mathlib_dbl_underflow                  0x080048cd   Thumb Code    10  dunder.o(i.__mathlib_dbl_underflow)
    __scatterload_copy                       0x080048dd   Thumb Code    14  handlers.o(i.__scatterload_copy)
    __scatterload_null                       0x080048eb   Thumb Code     2  handlers.o(i.__scatterload_null)
    __scatterload_zeroinit                   0x080048ed   Thumb Code    14  handlers.o(i.__scatterload_zeroinit)
    __set_errno                              0x080048fd   Thumb Code     6  errno.o(i.__set_errno)
    atan                                     0x08004b35   Thumb Code   474  atan.o(i.atan)
    atan2                                    0x08004d55   Thumb Code   346  atan2.o(i.atan2)
    sqrt                                     0x08004ed5   Thumb Code    76  sqrt.o(i.sqrt)
    __mathlib_zero                           0x08004fb8   Data           8  qnan.o(.constdata)
    Region$$Table$$Base                      0x08004fc0   Number         0  anon$$obj.o(Region$$Table)
    Region$$Table$$Limit                     0x08004fe0   Number         0  anon$$obj.o(Region$$Table)
    acc_x                                    0x20000000   Data           4  main.o(.data)
    acc_y                                    0x20000004   Data           4  main.o(.data)
    acc_z                                    0x20000008   Data           4  main.o(.data)
    gy_x                                     0x2000000c   Data           4  main.o(.data)
    gy_y                                     0x20000010   Data           4  main.o(.data)
    gy_z                                     0x20000014   Data           4  main.o(.data)
    roll                                     0x20000018   Data           4  main.o(.data)
    pitch                                    0x2000001c   Data           4  main.o(.data)
    gyroXangle                               0x20000020   Data           4  main.o(.data)
    gyroYangle                               0x20000024   Data           4  main.o(.data)
    kalAngleX                                0x20000028   Data           4  main.o(.data)
    kalAngleY                                0x2000002c   Data           4  main.o(.data)
    compAngleX                               0x20000030   Data           8  main.o(.data)
    compAngleY                               0x20000038   Data           8  main.o(.data)
    compAngleZ                               0x20000040   Data           8  main.o(.data)
    Cal_acc_x                                0x20000048   Data           8  main.o(.data)
    Cal_acc_y                                0x20000050   Data           8  main.o(.data)
    Cal_acc_z                                0x20000058   Data           8  main.o(.data)
    X_Angular_velocity                       0x20000060   Data           4  main.o(.data)
    Y_Angular_velocity                       0x20000064   Data           4  main.o(.data)
    Duty                                     0x20000068   Data           4  main.o(.data)
    Direction                                0x2000006c   Data           4  main.o(.data)
    iic_status                               0x20000070   Data           4  main.o(.data)
    FLC                                      0x20000074   Data          20  main.o(.data)
    DataBase                                 0x20000088   Data         408  main.o(.data)
    RuleBase                                 0x20000220   Data         246  main.o(.data)
    NumOfInputs                              0x20000318   Data           4  main.o(.data)
    NumOfOutputs                             0x2000031c   Data           4  main.o(.data)
    dIndex                                   0x20000320   Data           4  main.o(.data)
    mIndex                                   0x20000324   Data           4  main.o(.data)
    j                                        0x20000328   Data           4  main.o(.data)
    NumOfRules                               0x2000032c   Data           4  main.o(.data)
    dir                                      0x20000334   Data           1  stm32f10x_it.o(.data)
    ble_lock                                 0x20000335   Data           1  stm32f10x_it.o(.data)
    count                                    0x20000338   Data           4  stm32f10x_it.o(.data)
    Cycle                                    0x2000033c   Data           4  stm32f10x_it.o(.data)
    temp_cnt                                 0x20000340   Data           4  stm32f10x_it.o(.data)
    pre_duty                                 0x20000344   Data           4  stm32f10x_it.o(.data)
    TimingDelay                              0x20000358   Data           4  systick.o(.data)
    __stdout                                 0x2000035c   Data           4  fputc_debug.o(.data)
    __stdin                                  0x20000360   Data           4  fputc_debug.o(.data)
    kalmanX                                  0x20000380   Data         112  main.o(.bss)
    kalmanY                                  0x200003f0   Data         112  main.o(.bss)
    MbfDegree                                0x20000460   Data        1020  main.o(.bss)
    CrispInput                               0x2000085c   Data          32  main.o(.bss)
    CrispOutput                              0x2000087c   Data          16  main.o(.bss)
    __initial_sp                             0x20000a90   Data           0  startup_stm32f10x_md.o(STACK)



==============================================================================

Memory Map of the image

  Image Entry point : 0x08000101

  Load Region LR_1 (Base: 0x08000000, Size: 0x0000535c, Max: 0xffffffff, ABSOLUTE, COMPRESSED[0x0000514c])

    Execution Region ER_RO (Base: 0x08000000, Size: 0x00004fe0, Max: 0xffffffff, ABSOLUTE)

    Base Addr    Size         Type   Attr      Idx    E Section Name        Object

    0x08000000   0x000000ec   Data   RO            3    RESET               startup_stm32f10x_md.o
    0x080000ec   0x00000000   Code   RO          331  * .ARM.Collect$$$$00000000  mc_w.l(entry.o)
    0x080000ec   0x00000004   Code   RO          648    .ARM.Collect$$$$00000001  mc_w.l(entry2.o)
    0x080000f0   0x00000004   Code   RO          651    .ARM.Collect$$$$00000004  mc_w.l(entry5.o)
    0x080000f4   0x00000000   Code   RO          653    .ARM.Collect$$$$00000008  mc_w.l(entry7b.o)
    0x080000f4   0x00000000   Code   RO          655    .ARM.Collect$$$$0000000A  mc_w.l(entry8b.o)
    0x080000f4   0x00000008   Code   RO          656    .ARM.Collect$$$$0000000B  mc_w.l(entry9a.o)
    0x080000fc   0x00000000   Code   RO          658    .ARM.Collect$$$$0000000D  mc_w.l(entry10a.o)
    0x080000fc   0x00000000   Code   RO          660    .ARM.Collect$$$$0000000F  mc_w.l(entry11a.o)
    0x080000fc   0x00000004   Code   RO          649    .ARM.Collect$$$$00002712  mc_w.l(entry2.o)
    0x08000100   0x0000001c   Code   RO            4  * .text               startup_stm32f10x_md.o
    0x0800011c   0x0000121c   Code   RO           10    .text               main.o
    0x08001338   0x00000c40   Code   RO           90    .text               stm32f10x_it.o
    0x08001f78   0x00000098   Code   RO          115    .text               systick.o
    0x08002010   0x00000024   Code   RO          133    .text               fputc_debug.o
    0x08002034   0x00000330   Code   RO          152    .text               stm32f10x_gpio.o
    0x08002364   0x000003a0   Code   RO          164    .text               stm32f10x_rcc.o
    0x08002704   0x00000334   Code   RO          178    .text               iic_analog.o
    0x08002a38   0x00000180   Code   RO          190    .text               mpu6050.o
    0x08002bb8   0x00000370   Code   RO          214    .text               stm32f10x_usart.o
    0x08002f28   0x00000bc6   Code   RO          226    .text               stm32f10x_tim.o
    0x08003aee   0x00000002   PAD
    0x08003af0   0x000000dc   Code   RO          238    .text               misc.o
    0x08003bcc   0x00000140   Code   RO          250    .text               stm32f10x_exti.o
    0x08003d0c   0x00000138   Code   RO          287    .text               system_stm32f10x.o
    0x08003e44   0x000000b0   Code   RO          595    .text               mf_w.l(fadd.o)
    0x08003ef4   0x00000064   Code   RO          597    .text               mf_w.l(fmul.o)
    0x08003f58   0x0000007c   Code   RO          599    .text               mf_w.l(fdiv.o)
    0x08003fd4   0x0000014e   Code   RO          601    .text               mf_w.l(dadd.o)
    0x08004122   0x000000e4   Code   RO          603    .text               mf_w.l(dmul.o)
    0x08004206   0x000000de   Code   RO          605    .text               mf_w.l(ddiv.o)
    0x080042e4   0x00000012   Code   RO          607    .text               mf_w.l(fflti.o)
    0x080042f6   0x00000022   Code   RO          609    .text               mf_w.l(dflti.o)
    0x08004318   0x00000032   Code   RO          611    .text               mf_w.l(ffixi.o)
    0x0800434a   0x00000028   Code   RO          613    .text               mf_w.l(ffixui.o)
    0x08004372   0x0000003e   Code   RO          615    .text               mf_w.l(dfixi.o)
    0x080043b0   0x00000026   Code   RO          617    .text               mf_w.l(f2d.o)
    0x080043d6   0x00000002   PAD
    0x080043d8   0x00000030   Code   RO          619    .text               mf_w.l(cdcmple.o)
    0x08004408   0x00000030   Code   RO          621    .text               mf_w.l(cdrcmple.o)
    0x08004438   0x00000038   Code   RO          623    .text               mf_w.l(d2f.o)
    0x08004470   0x00000014   Code   RO          625    .text               mf_w.l(cfcmple.o)
    0x08004484   0x00000014   Code   RO          627    .text               mf_w.l(cfrcmple.o)
    0x08004498   0x00000062   Code   RO          664    .text               mc_w.l(uldiv.o)
    0x080044fa   0x0000001e   Code   RO          666    .text               mc_w.l(llshl.o)
    0x08004518   0x00000020   Code   RO          668    .text               mc_w.l(llushr.o)
    0x08004538   0x00000024   Code   RO          670    .text               mc_w.l(llsshr.o)
    0x0800455c   0x00000000   Code   RO          679    .text               mc_w.l(iusefp.o)
    0x0800455c   0x0000006e   Code   RO          680    .text               mf_w.l(fepilogue.o)
    0x080045ca   0x000000ba   Code   RO          682    .text               mf_w.l(depilogue.o)
    0x08004684   0x0000002e   Code   RO          684    .text               mf_w.l(dscalb.o)
    0x080046b2   0x000000a2   Code   RO          686    .text               mf_w.l(dsqrt.o)
    0x08004754   0x00000024   Code   RO          690    .text               mc_w.l(init.o)
    0x08004778   0x00000056   Code   RO          700    .text               mc_w.l(__dczerorl2.o)
    0x080047ce   0x00000002   PAD
    0x080047d0   0x00000020   Code   RO          445    i.__0printf$4       mc_w.l(printf4.o)
    0x080047f0   0x00000028   Code   RO          643    i.__ARM_fpclassify  m_ws.l(fpclassify.o)
    0x08004818   0x000000aa   Code   RO          645    i.__kernel_poly     m_ws.l(poly.o)
    0x080048c2   0x00000006   Code   RO          630    i.__mathlib_dbl_infnan  m_ws.l(dunder.o)
    0x080048c8   0x00000004   Code   RO          631    i.__mathlib_dbl_infnan2  m_ws.l(dunder.o)
    0x080048cc   0x00000010   Code   RO          635    i.__mathlib_dbl_underflow  m_ws.l(dunder.o)
    0x080048dc   0x0000000e   Code   RO          694    i.__scatterload_copy  mc_w.l(handlers.o)
    0x080048ea   0x00000002   Code   RO          695    i.__scatterload_null  mc_w.l(handlers.o)
    0x080048ec   0x0000000e   Code   RO          696    i.__scatterload_zeroinit  mc_w.l(handlers.o)
    0x080048fa   0x00000002   PAD
    0x080048fc   0x0000000c   Code   RO          674    i.__set_errno       mc_w.l(errno.o)
    0x08004908   0x0000022c   Code   RO          452    i._printf_core      mc_w.l(printf4.o)
    0x08004b34   0x00000220   Code   RO          306    i.atan              m_ws.l(atan.o)
    0x08004d54   0x00000180   Code   RO          316    i.atan2             m_ws.l(atan2.o)
    0x08004ed4   0x0000004c   Code   RO          324    i.sqrt              m_ws.l(sqrt.o)
    0x08004f20   0x00000098   Data   RO          307    .constdata          m_ws.l(atan.o)
    0x08004fb8   0x00000008   Data   RO          647    .constdata          m_ws.l(qnan.o)
    0x08004fc0   0x00000020   Data   RO          692    Region$$Table       anon$$obj.o


    Execution Region ER_RW (Base: 0x20000000, Size: 0x0000037c, Max: 0xffffffff, ABSOLUTE, COMPRESSED[0x0000016c])

    Base Addr    Size         Type   Attr      Idx    E Section Name        Object

    0x20000000   0x00000334   Data   RW           12    .data               main.o
    0x20000334   0x00000021   Data   RW           91    .data               stm32f10x_it.o
    0x20000355   0x00000003   PAD
    0x20000358   0x00000004   Data   RW          116    .data               systick.o
    0x2000035c   0x00000008   Data   RW          134    .data               fputc_debug.o
    0x20000364   0x00000014   Data   RW          165    .data               stm32f10x_rcc.o
    0x20000378   0x00000004   Data   RW          675    .data               mc_w.l(errno.o)


    Execution Region ER_ZI (Base: 0x2000037c, Size: 0x00000714, Max: 0xffffffff, ABSOLUTE)

    Base Addr    Size         Type   Attr      Idx    E Section Name        Object

    0x2000037c   0x00000004   PAD
    0x20000380   0x0000050c   Zero   RW           11    .bss                main.o
    0x2000088c   0x00000004   PAD
    0x20000890   0x00000200   Zero   RW            1    STACK               startup_stm32f10x_md.o


==============================================================================

Image component sizes


      Code (inc. data)   RO Data    RW Data    ZI Data      Debug   Object Name

        36          6          0          8          0       2546   fputc_debug.o
       820         28          0          0          0       3250   iic_analog.o
      4636        468          0        820       1292     266335   main.o
       220         22          0          0          0       1737   misc.o
       384          4          0          0          0       2135   mpu6050.o
        28          4        236          0        512        836   startup_stm32f10x_md.o
       320         14          0          0          0       2127   stm32f10x_exti.o
       816         18          0          0          0       5107   stm32f10x_gpio.o
      3136        294          0         33          0       3993   stm32f10x_it.o
       928         36          0         20          0       8736   stm32f10x_rcc.o
      3014         16          0          0          0      23812   stm32f10x_tim.o
       880         12          0          0          0       7727   stm32f10x_usart.o
       312         16          0          0          0       1169   system_stm32f10x.o
       152         18          0          4          0       5730   systick.o

    ----------------------------------------------------------------------
     15684        956        268        888       1808     335240   Object Totals
         0          0         32          0          0          0   (incl. Generated)
         2          0          0          3          4          0   (incl. Padding)

    ----------------------------------------------------------------------

      Code (inc. data)   RO Data    RW Data    ZI Data      Debug   Library Member Name

       544         70        152          0          0        124   atan.o
       384         38          0          0          0        144   atan2.o
        26          6          0          0          0        204   dunder.o
        40          0          0          0          0         68   fpclassify.o
       170          0          0          0          0         96   poly.o
         0          0          8          0          0          0   qnan.o
        76          0          0          0          0         84   sqrt.o
        86          0          0          0          0          0   __dczerorl2.o
         0          0          0          0          0          0   entry.o
         0          0          0          0          0          0   entry10a.o
         0          0          0          0          0          0   entry11a.o
         8          4          0          0          0          0   entry2.o
         4          0          0          0          0          0   entry5.o
         0          0          0          0          0          0   entry7b.o
         0          0          0          0          0          0   entry8b.o
         8          4          0          0          0          0   entry9a.o
        12          6          0          4          0         68   errno.o
        30          0          0          0          0          0   handlers.o
        36          8          0          0          0         68   init.o
         0          0          0          0          0          0   iusefp.o
        30          0          0          0          0         68   llshl.o
        36          0          0          0          0         68   llsshr.o
        32          0          0          0          0         68   llushr.o
       588         14          0          0          0        184   printf4.o
        98          0          0          0          0         92   uldiv.o
        48          0          0          0          0         68   cdcmple.o
        48          0          0          0          0         68   cdrcmple.o
        20          0          0          0          0         68   cfcmple.o
        20          0          0          0          0         68   cfrcmple.o
        56          0          0          0          0         88   d2f.o
       334          0          0          0          0        148   dadd.o
       222          0          0          0          0        100   ddiv.o
       186          0          0          0          0        176   depilogue.o
        62          0          0          0          0         80   dfixi.o
        34          0          0          0          0         76   dflti.o
       228          0          0          0          0         96   dmul.o
        46          0          0          0          0         80   dscalb.o
       162          0          0          0          0        100   dsqrt.o
        38          0          0          0          0         68   f2d.o
       176          0          0          0          0        140   fadd.o
       124          0          0          0          0         88   fdiv.o
       110          0          0          0          0        168   fepilogue.o
        50          0          0          0          0         68   ffixi.o
        40          0          0          0          0         68   ffixui.o
        18          0          0          0          0         68   fflti.o
       100          0          0          0          0         76   fmul.o

    ----------------------------------------------------------------------
      4336        150        160          4          4       3296   Library Totals
         6          0          0          0          4          0   (incl. Padding)

    ----------------------------------------------------------------------

      Code (inc. data)   RO Data    RW Data    ZI Data      Debug   Library Name

      1240        114        160          0          0        720   m_ws.l
       968         36          0          4          0        616   mc_w.l
      2122          0          0          0          0       1960   mf_w.l

    ----------------------------------------------------------------------
      4336        150        160          4          4       3296   Library Totals

    ----------------------------------------------------------------------

==============================================================================


      Code (inc. data)   RO Data    RW Data    ZI Data      Debug   

     20020       1106        428        892       1812     335700   Grand Totals
     20020       1106        428        364       1812     335700   ELF Image Totals (compressed)
     20020       1106        428        364          0          0   ROM Totals

==============================================================================

    Total RO  Size (Code + RO Data)                20448 (  19.97kB)
    Total RW  Size (RW Data + ZI Data)              2704 (   2.64kB)
    Total ROM Size (Code + RO Data + RW Data)      20812 (  20.32kB)

==============================================================================

