Component: ARM Compiler 5.05 update 2 (build 169) Tool: armlink [4d0f33]

==============================================================================

Section Cross References

    startup_stm32f10x_md.o(RESET) refers to startup_stm32f10x_md.o(STACK) for __initial_sp
    startup_stm32f10x_md.o(RESET) refers to startup_stm32f10x_md.o(.text) for Reset_Handler
    startup_stm32f10x_md.o(RESET) refers to stm32f10x_it.o(.text) for NMI_Handler
    startup_stm32f10x_md.o(.text) refers to entry.o(.ARM.Collect$$$$00000000) for __main
    main.o(.text) refers to dadd.o(.text) for __aeabi_dsub
    main.o(.text) refers to dmul.o(.text) for __aeabi_dmul
    main.o(.text) refers to ddiv.o(.text) for __aeabi_ddiv
    main.o(.text) refers to main.o(.data) for FLC
    main.o(.text) refers to main.o(.bss) for MbfDegree
    main.o(.text) refers to dfixi.o(.text) for __aeabi_d2iz
    main.o(.text) refers to ffixi.o(.text) for __aeabi_f2iz
    main.o(.text) refers to fflti.o(.text) for __aeabi_i2f
    main.o(.text) refers to f2d.o(.text) for __aeabi_f2d
    main.o(.text) refers to atan2.o(i.atan2) for atan2
    main.o(.text) refers to d2f.o(.text) for __aeabi_d2f
    main.o(.text) refers to fmul.o(.text) for __aeabi_fmul
    main.o(.text) refers to fadd.o(.text) for __aeabi_fadd
    main.o(.text) refers to sqrt.o(i.sqrt) for sqrt
    main.o(.text) refers to atan.o(i.atan) for atan
    main.o(.text) refers to stm32f10x_gpio.o(.text) for GPIO_Init
    main.o(.text) refers to stm32f10x_usart.o(.text) for USART_Init
    main.o(.text) refers to stm32f10x_rcc.o(.text) for RCC_DeInit
    main.o(.text) refers to misc.o(.text) for NVIC_SetVectorTable
    main.o(.text) refers to stm32f10x_tim.o(.text) for TIM_TimeBaseInit
    main.o(.text) refers to mpu6050.o(.text) for getAccX
    main.o(.text) refers to dflti.o(.text) for __aeabi_i2d
    main.o(.text) refers to fdiv.o(.text) for __aeabi_fdiv
    main.o(.text) refers to cfcmple.o(.text) for __aeabi_cfcmple
    main.o(.text) refers to cfrcmple.o(.text) for __aeabi_cfrcmple
    main.o(.text) refers to cdrcmple.o(.text) for __aeabi_cdrcmple
    main.o(.text) refers to printf4.o(i.__0printf$4) for __2printf
    main.o(.text) refers to stm32f10x_exti.o(.text) for EXTI_Init
    main.o(.text) refers to system_stm32f10x.o(.text) for SystemInit
    main.o(.text) refers to systick.o(.text) for Systick_Init
    stm32f10x_it.o(.text) refers to cfcmple.o(.text) for __aeabi_cfcmpeq
    stm32f10x_it.o(.text) refers to stm32f10x_tim.o(.text) for TIM_OC3Init
    stm32f10x_it.o(.text) refers to systick.o(.data) for TimingDelay
    stm32f10x_it.o(.text) refers to main.o(.data) for Duty
    stm32f10x_it.o(.text) refers to stm32f10x_gpio.o(.text) for GPIO_SetBits
    stm32f10x_it.o(.text) refers to main.o(.text) for Sensor_fusion
    stm32f10x_it.o(.text) refers to stm32f10x_exti.o(.text) for EXTI_GetITStatus
    stm32f10x_it.o(.text) refers to fflti.o(.text) for __aeabi_i2f
    stm32f10x_it.o(.text) refers to printf4.o(i.__0printf$4) for __2printf
    stm32f10x_it.o(.text) refers to dflti.o(.text) for __aeabi_i2d
    stm32f10x_it.o(.text) refers to ddiv.o(.text) for __aeabi_ddiv
    stm32f10x_it.o(.text) refers to dmul.o(.text) for __aeabi_dmul
    stm32f10x_it.o(.text) refers to dfixi.o(.text) for __aeabi_d2iz
    stm32f10x_it.o(.text) refers to ffixi.o(.text) for __aeabi_f2iz
    stm32f10x_it.o(.text) refers to stm32f10x_it.o(.data) for pre_duty
    led.o(.text) refers to stm32f10x_rcc.o(.text) for RCC_APB2PeriphClockCmd
    led.o(.text) refers to stm32f10x_gpio.o(.text) for GPIO_Init
    systick.o(.text) refers to systick.o(.data) for TimingDelay
    stm32f10x_gpio.o(.text) refers to stm32f10x_rcc.o(.text) for RCC_APB2PeriphResetCmd
    stm32f10x_rcc.o(.text) refers to stm32f10x_rcc.o(.data) for APBAHBPrescTable
    iic_analog.o(.text) refers to stm32f10x_rcc.o(.text) for RCC_APB2PeriphClockCmd
    iic_analog.o(.text) refers to stm32f10x_gpio.o(.text) for GPIO_Init
    mpu6050.o(.text) refers to iic_analog.o(.text) for Single_Write_IIC
    stm32f10x_i2c.o(.text) refers to stm32f10x_rcc.o(.text) for RCC_APB1PeriphResetCmd
    stm32f10x_usart.o(.text) refers to stm32f10x_rcc.o(.text) for RCC_APB2PeriphResetCmd
    stm32f10x_tim.o(.text) refers to stm32f10x_rcc.o(.text) for RCC_APB2PeriphResetCmd
    atan.o(i.__softfp_atan) refers (Special) to iusefp.o(.text) for __I$use$fp
    atan.o(i.__softfp_atan) refers to atan.o(i.atan) for atan
    atan.o(i.atan) refers (Special) to iusefp.o(.text) for __I$use$fp
    atan.o(i.atan) refers to dunder.o(i.__mathlib_dbl_infnan) for __mathlib_dbl_infnan
    atan.o(i.atan) refers to fpclassify.o(i.__ARM_fpclassify) for __ARM_fpclassify
    atan.o(i.atan) refers to dunder.o(i.__mathlib_dbl_underflow) for __mathlib_dbl_underflow
    atan.o(i.atan) refers to dadd.o(.text) for __aeabi_dadd
    atan.o(i.atan) refers to dscalb.o(.text) for __ARM_scalbn
    atan.o(i.atan) refers to ddiv.o(.text) for __aeabi_ddiv
    atan.o(i.atan) refers to dmul.o(.text) for __aeabi_dmul
[...]
    printf1.o(i.__0vprintf$1) refers to fputc_debug.o(.text) for fputc
    printf1.o(i.__0vprintf$1) refers to fputc_debug.o(.data) for __stdout
    printf1.o(i.__0vsnprintf$1) refers to printf1.o(i._printf_core) for _printf_core
    printf1.o(i.__0vsnprintf$1) refers to printf1.o(i._snputc) for _snputc
    printf1.o(i.__0vsprintf$1) refers to printf1.o(i._printf_core) for _printf_core
    printf1.o(i.__0vsprintf$1) refers to printf1.o(i._sputc) for _sputc
    printf1.o(i._printf_core) refers to uidiv.o(.text) for __aeabi_uidivmod
    printf2.o(i.__0fprintf$2) refers to printf2.o(i._printf_core) for _printf_core
    printf2.o(i.__0fprintf$2) refers to fputc_debug.o(.text) for fputc
    printf2.o(i.__0printf$2) refers to printf2.o(i._printf_core) for _printf_core
    printf2.o(i.__0printf$2) refers to fputc_debug.o(.text) for fputc
    printf2.o(i.__0printf$2) refers to fputc_debug.o(.data) for __stdout
    printf2.o(i.__0snprintf$2) refers to printf2.o(i._printf_core) for _printf_core
    printf2.o(i.__0snprintf$2) refers to printf2.o(i._snputc) for _snputc
    printf2.o(i.__0sprintf$2) refers to printf2.o(i._printf_core) for _printf_core
    printf2.o(i.__0sprintf$2) refers to printf2.o(i._sputc) for _sputc
    printf2.o(i.__0vfprintf$2) refers to printf2.o(i._printf_core) for _printf_core
    printf2.o(i.__0vfprintf$2) refers to fputc_debug.o(.text) for fputc
    printf2.o(i.__0vprintf$2) refers to printf2.o(i._printf_core) for _printf_core
    printf2.o(i.__0vprintf$2) refers to fputc_debug.o(.text) for fputc
    printf2.o(i.__0vprintf$2) refers to fputc_debug.o(.data) for __stdout
    printf2.o(i.__0vsnprintf$2) refers to printf2.o(i._printf_core) for _printf_core
    printf2.o(i.__0vsnprintf$2) refers to printf2.o(i._snputc) for _snputc
    printf2.o(i.__0vsprintf$2) refers to printf2.o(i._printf_core) for _printf_core
    printf2.o(i.__0vsprintf$2) refers to printf2.o(i._sputc) for _sputc
    printf3.o(i.__0fprintf$3) refers to printf3.o(i._printf_core) for _printf_core
    printf3.o(i.__0fprintf$3) refers to fputc_debug.o(.text) for fputc
    printf3.o(i.__0printf$3) refers to printf3.o(i._printf_core) for _printf_core
    printf3.o(i.__0printf$3) refers to fputc_debug.o(.text) for fputc
    printf3.o(i.__0printf$3) refers to fputc_debug.o(.data) for __stdout
    printf3.o(i.__0snprintf$3) refers to printf3.o(i._printf_core) for _printf_core
    printf3.o(i.__0snprintf$3) refers to printf3.o(i._snputc) for _snputc
    printf3.o(i.__0sprintf$3) refers to printf3.o(i._printf_core) for _printf_core
    printf3.o(i.__0sprintf$3) refers to printf3.o(i._sputc) for _sputc
    printf3.o(i.__0vfprintf$3) refers to printf3.o(i._printf_core) for _printf_core
    printf3.o(i.__0vfprintf$3) refers to fputc_debug.o(.text) for fputc
    printf3.o(i.__0vprintf$3) refers to printf3.o(i._printf_core) for _printf_core
    printf3.o(i.__0vprintf$3) refers to fputc_debug.o(.text) for fputc
    printf3.o(i.__0vprintf$3) refers to fputc_debug.o(.data) for __stdout
    printf3.o(i.__0vsnprintf$3) refers to printf3.o(i._printf_core) for _printf_core
    printf3.o(i.__0vsnprintf$3) refers to printf3.o(i._snputc) for _snputc
    printf3.o(i.__0vsprintf$3) refers to printf3.o(i._printf_core) for _printf_core
    printf3.o(i.__0vsprintf$3) refers to printf3.o(i._sputc) for _sputc
    printf3.o(i._printf_core) refers to uidiv.o(.text) for __aeabi_uidivmod
    printf4.o(i.__0fprintf$4) refers to printf4.o(i._printf_core) for _printf_core
    printf4.o(i.__0fprintf$4) refers to fputc_debug.o(.text) for fputc
    printf4.o(i.__0printf$4) refers to printf4.o(i._printf_core) for _printf_core
    printf4.o(i.__0printf$4) refers to fputc_debug.o(.text) for fputc
    printf4.o(i.__0printf$4) refers to fputc_debug.o(.data) for __stdout
    printf4.o(i.__0snprintf$4) refers to printf4.o(i._printf_core) for _printf_core
    printf4.o(i.__0snprintf$4) refers to printf4.o(i._snputc) for _snputc
    printf4.o(i.__0sprintf$4) refers to printf4.o(i._printf_core) for _printf_core
    printf4.o(i.__0sprintf$4) refers to printf4.o(i._sputc) for _sputc
    printf4.o(i.__0vfprintf$4) refers to printf4.o(i._printf_core) for _printf_core
    printf4.o(i.__0vfprintf$4) refers to fputc_debug.o(.text) for fputc
    printf4.o(i.__0vprintf$4) refers to printf4.o(i._printf_core) for _printf_core
    printf4.o(i.__0vprintf$4) refers to fputc_debug.o(.text) for fputc
    printf4.o(i.__0vprintf$4) refers to fputc_debug.o(.data) for __stdout
    printf4.o(i.__0vsnprintf$4) refers to printf4.o(i._printf_core) for _printf_core
    printf4.o(i.__0vsnprintf$4) refers to printf4.o(i._snputc) for _snputc
    printf4.o(i.__0vsprintf$4) refers to printf4.o(i._printf_core) for _printf_core
    printf4.o(i.__0vsprintf$4) refers to printf4.o(i._sputc) for _sputc
    printf4.o(i._printf_core) refers to uldiv.o(.text) for __aeabi_uldivmod
    printf5.o(i.__0fprintf$5) refers to printf5.o(i._printf_core) for _printf_core
    printf5.o(i.__0fprintf$5) refers to fputc_debug.o(.text) for fputc
    printf5.o(i.__0printf$5) refers to printf5.o(i._printf_core) for _printf_core
    printf5.o(i.__0printf$5) refers to fputc_debug.o(.text) for fputc
    printf5.o(i.__0printf$5) refers to fputc_debug.o(.data) for __stdout
    printf5.o(i.__0snprintf$5) refers to printf5.o(i._printf_core) for _printf_core
    printf5.o(i.__0snprintf$5) refers to printf5.o(i._snputc) for _snputc
    printf5.o(i.__0sprintf$5) refers to printf5.o(i._printf_core) for _printf_core
    printf5.o(i.__0sprintf$5) refers to printf5.o(i._sputc) for _sputc
    printf5.o(i.__0vfprintf$5) refers to printf5.o(i._printf_core) for _printf_core
    printf5.o(i.__0vfprintf$5) refers to fputc_debug.o(.text) for fputc
    printf5.o(i.__0vprintf$5) refers to printf5.o(i._printf_core) for _printf_core
    printf5.o(i.__0vprintf$5) refers to fputc_debug.o(.text) for fputc
    printf5.o(i.__0vprintf$5) refers to fputc_debug.o(.data) for __stdout
    printf5.o(i.__0vsnprintf$5) refers to printf5.o(i._printf_core) for _printf_core
    printf5.o(i.__0vsnprintf$5) refers to printf5.o(i._snputc) for _snputc
    printf5.o(i.__0vsprintf$5) refers to printf5.o(i._printf_core) for _printf_core
    printf5.o(i.__0vsprintf$5) refers to printf5.o(i._sputc) for _sputc
    printf5.o(i._printf_core) refers to uldiv.o(.text) for __aeabi_uldivmod
    printf6.o(i.__0fprintf$6) refers to printf6.o(i._printf_core) for _printf_core
    printf6.o(i.__0fprintf$6) refers to fputc_debug.o(.text) for fputc
    printf6.o(i.__0printf$6) refers to printf6.o(i._printf_core) for _printf_core
    printf6.o(i.__0printf$6) refers to fputc_debug.o(.text) for fputc
    printf6.o(i.__0printf$6) refers to fputc_debug.o(.data) for __stdout
    printf6.o(i.__0snprintf$6) refers to printf6.o(i._printf_core) for _printf_core
    printf6.o(i.__0snprintf$6) refers to printf6.o(i._snputc) for _snputc
    printf6.o(i.__0sprintf$6) refers to printf6.o(i._printf_core) for _printf_core
    printf6.o(i.__0sprintf$6) refers to printf6.o(i._sputc) for _sputc
    printf6.o(i.__0vfprintf$6) refers to printf6.o(i._printf_core) for _printf_core
    printf6.o(i.__0vfprintf$6) refers to fputc_debug.o(.text) for fputc
    printf6.o(i.__0vprintf$6) refers to printf6.o(i._printf_core) for _printf_core
    printf6.o(i.__0vprintf$6) refers to fputc_debug.o(.text) for fputc
    printf6.o(i.__0vprintf$6) refers to fputc_debug.o(.data) for __stdout
    printf6.o(i.__0vsnprintf$6) refers to printf6.o(i._printf_core) for _printf_core
    printf6.o(i.__0vsnprintf$6) refers to printf6.o(i._snputc) for _snputc
    printf6.o(i.__0vsprintf$6) refers to printf6.o(i._printf_core) for _printf_core
    printf6.o(i.__0vsprintf$6) refers to printf6.o(i._sputc) for _sputc
    printf6.o(i._printf_core) refers to printf6.o(i._printf_pre_padding) for _printf_pre_padding
    printf6.o(i._printf_core) refers to uidiv.o(.text) for __aeabi_uidivmod
    printf6.o(i._printf_core) refers to printf6.o(i._printf_post_padding) for _printf_post_padding
    printf7.o(i.__0fprintf$7) refers to printf7.o(i._printf_core) for _printf_core
    printf7.o(i.__0fprintf$7) refers to fputc_debug.o(.text) for fputc
    printf7.o(i.__0printf$7) refers to printf7.o(i._printf_core) for _printf_core
    printf7.o(i.__0printf$7) refers to fputc_debug.o(.text) for fputc
    printf7.o(i.__0printf$7) refers to fputc_debug.o(.data) for __stdout
    printf7.o(i.__0snprintf$7) refers to printf7.o(i._printf_core) for _printf_core
    printf7.o(i.__0snprintf$7) refers to printf7.o(i._snputc) for _snputc
    printf7.o(i.__0sprintf$7) refers to printf7.o(i._printf_core) for _printf_core
    printf7.o(i.__0sprintf$7) refers to printf7.o(i._sputc) for _sputc
    printf7.o(i.__0vfprintf$7) refers to printf7.o(i._printf_core) for _printf_core
    printf7.o(i.__0vfprintf$7) refers to fputc_debug.o(.text) for fputc
    printf7.o(i.__0vprintf$7) refers to printf7.o(i._printf_core) for _printf_core
    printf7.o(i.__0vprintf$7) refers to fputc_debug.o(.text) for fputc
    printf7.o(i.__0vprintf$7) refers to fputc_debug.o(.data) for __stdout
    printf7.o(i.__0vsnprintf$7) refers to printf7.o(i._printf_core) for _printf_core
    printf7.o(i.__0vsnprintf$7) refers to printf7.o(i._snputc) for _snputc
    printf7.o(i.__0vsprintf$7) refers to printf7.o(i._printf_core) for _printf_core
    printf7.o(i.__0vsprintf$7) refers to printf7.o(i._sputc) for _sputc
    printf7.o(i._printf_core) refers to printf7.o(i._printf_pre_padding) for _printf_pre_padding
    printf7.o(i._printf_core) refers to uldiv.o(.text) for __aeabi_uldivmod
    printf7.o(i._printf_core) refers to printf7.o(i._printf_post_padding) for _printf_post_padding
    printf8.o(i.__0fprintf$8) refers to printf8.o(i._printf_core) for _printf_core
    printf8.o(i.__0fprintf$8) refers to fputc_debug.o(.text) for fputc
    printf8.o(i.__0printf$8) refers to printf8.o(i._printf_core) for _printf_core
    printf8.o(i.__0printf$8) refers to fputc_debug.o(.text) for fputc
    printf8.o(i.__0printf$8) refers to fputc_debug.o(.data) for __stdout
    printf8.o(i.__0snprintf$8) refers to printf8.o(i._printf_core) for _printf_core
    printf8.o(i.__0snprintf$8) refers to printf8.o(i._snputc) for _snputc
    printf8.o(i.__0sprintf$8) refers to printf8.o(i._printf_core) for _printf_core
    printf8.o(i.__0sprintf$8) refers to printf8.o(i._sputc) for _sputc
    printf8.o(i.__0vfprintf$8) refers to printf8.o(i._printf_core) for _printf_core
    printf8.o(i.__0vfprintf$8) refers to fputc_debug.o(.text) for fputc
    printf8.o(i.__0vprintf$8) refers to printf8.o(i._printf_core) for _printf_core
    printf8.o(i.__0vprintf$8) refers to fputc_debug.o(.text) for fputc
    printf8.o(i.__0vprintf$8) refers to fputc_debug.o(.data) for __stdout
    printf8.o(i.__0vsnprintf$8) refers to printf8.o(i._printf_core) for _printf_core
    printf8.o(i.__0vsnprintf$8) refers to printf8.o(i._snputc) for _snputc
    printf8.o(i.__0vsprintf$8) refers to printf8.o(i._printf_core) for _printf_core
    printf8.o(i.__0vsprintf$8) refers to printf8.o(i._sputc) for _sputc
    printf8.o(i._printf_core) refers to printf8.o(i._printf_pre_padding) for _printf_pre_padding
    printf8.o(i._printf_core) refers to uldiv.o(.text) for __aeabi_uldivmod
    printf8.o(i._printf_core) refers to printf8.o(i._printf_post_padding) for _printf_post_padding
    printfa.o(i.__0fprintf) refers (Special) to iusefp.o(.text) for __I$use$fp
    printfa.o(i.__0fprintf) refers to printfa.o(i._printf_core) for _printf_core
    printfa.o(i.__0fprintf) refers to fputc_debug.o(.text) for fputc
    printfa.o(i.__0printf) refers (Special) to iusefp.o(.text) for __I$use$fp
    printfa.o(i.__0printf) refers to printfa.o(i._printf_core) for _printf_core
    printfa.o(i.__0printf) refers to fputc_debug.o(.text) for fputc
    printfa.o(i.__0printf) refers to fputc_debug.o(.data) for __stdout
    printfa.o(i.__0snprintf) refers (Special) to iusefp.o(.text) for __I$use$fp
    printfa.o(i.__0snprintf) refers to printfa.o(i._printf_core) for _printf_core
    printfa.o(i.__0snprintf) refers to printfa.o(i._snputc) for _snputc
    printfa.o(i.__0sprintf) refers (Special) to iusefp.o(.text) for __I$use$fp
    printfa.o(i.__0sprintf) refers to printfa.o(i._printf_core) for _printf_core
    printfa.o(i.__0sprintf) refers to printfa.o(i._sputc) for _sputc
    printfa.o(i.__0vfprintf) refers (Special) to iusefp.o(.text) for __I$use$fp
    printfa.o(i.__0vfprintf) refers to printfa.o(i._printf_core) for _printf_core
    printfa.o(i.__0vfprintf) refers to fputc_debug.o(.text) for fputc
    printfa.o(i.__0vprintf) refers (Special) to iusefp.o(.text) for __I$use$fp
    printfa.o(i.__0vprintf) refers to printfa.o(i._printf_core) for _printf_core
    printfa.o(i.__0vprintf) refers to fputc_debug.o(.text) for fputc
    printfa.o(i.__0vprintf) refers to fputc_debug.o(.data) for __stdout
    printfa.o(i.__0vsnprintf) refers (Special) to iusefp.o(.text) for __I$use$fp
    printfa.o(i.__0vsnprintf) refers to printfa.o(i._printf_core) for _printf_core
    printfa.o(i.__0vsnprintf) refers to printfa.o(i._snputc) for _snputc
    printfa.o(i.__0vsprintf) refers (Special) to iusefp.o(.text) for __I$use$fp
    printfa.o(i.__0vsprintf) refers to printfa.o(i._printf_core) for _printf_core
    printfa.o(i.__0vsprintf) refers to printfa.o(i._sputc) for _sputc
    printfa.o(i._fp_digits) refers (Special) to iusefp.o(.text) for __I$use$fp
    printfa.o(i._fp_digits) refers to dmul.o(.text) for __aeabi_dmul
    printfa.o(i._fp_digits) refers to ddiv.o(.text) for __aeabi_ddiv
    printfa.o(i._fp_digits) refers to cdrcmple.o(.text) for __aeabi_cdrcmple
    printfa.o(i._fp_digits) refers to dadd.o(.text) for __aeabi_dadd
    printfa.o(i._fp_digits) refers to dfixul.o(.text) for __aeabi_d2ulz
    printfa.o(i._fp_digits) refers to uldiv.o(.text) for __aeabi_uldivmod
    printfa.o(i._printf_core) refers (Special) to iusefp.o(.text) for __I$use$fp
    printfa.o(i._printf_core) refers to printfa.o(i._printf_pre_padding) for _printf_pre_padding
    printfa.o(i._printf_core) refers to uldiv.o(.text) for __aeabi_uldivmod
    printfa.o(i._printf_core) refers to printfa.o(i._printf_post_padding) for _printf_post_padding
    printfa.o(i._printf_core) refers to printfa.o(i._fp_digits) for _fp_digits
    printfa.o(i._printf_core) refers to uidiv.o(.text) for __aeabi_uidivmod
    printfa.o(i._printf_post_padding) refers (Special) to iusefp.o(.text) for __I$use$fp
    printfa.o(i._printf_pre_padding) refers (Special) to iusefp.o(.text) for __I$use$fp
    printfa.o(i._snputc) refers (Special) to iusefp.o(.text) for __I$use$fp
    printfa.o(i._sputc) refers (Special) to iusefp.o(.text) for __I$use$fp
    fadd.o(.text) refers (Special) to iusefp.o(.text) for __I$use$fp
    fadd.o(.text) refers to fepilogue.o(.text) for _float_epilogue
    fmul.o(.text) refers (Special) to iusefp.o(.text) for __I$use$fp
    fdiv.o(.text) refers (Special) to iusefp.o(.text) for __I$use$fp
    fdiv.o(.text) refers to fepilogue.o(.text) for _float_round
    dadd.o(.text) refers (Special) to iusefp.o(.text) for __I$use$fp
    dadd.o(.text) refers to llshl.o(.text) for __aeabi_llsl
    dadd.o(.text) refers to llsshr.o(.text) for __aeabi_lasr
    dadd.o(.text) refers to depilogue.o(.text) for _double_epilogue
    dmul.o(.text) refers (Special) to iusefp.o(.text) for __I$use$fp
    dmul.o(.text) refers to depilogue.o(.text) for _double_epilogue
    ddiv.o(.text) refers (Special) to iusefp.o(.text) for __I$use$fp
    ddiv.o(.text) refers to depilogue.o(.text) for _double_round
    fflti.o(.text) refers (Special) to iusefp.o(.text) for __I$use$fp
    fflti.o(.text) refers to fepilogue.o(.text) for _float_epilogue
    dflti.o(.text) refers (Special) to iusefp.o(.text) for __I$use$fp
    dflti.o(.text) refers to depilogue.o(.text) for _double_epilogue
    ffixi.o(.text) refers (Special) to iusefp.o(.text) for __I$use$fp
    dfixi.o(.text) refers (Special) to iusefp.o(.text) for __I$use$fp
    dfixi.o(.text) refers to llushr.o(.text) for __aeabi_llsr
    f2d.o(.text) refers (Special) to iusefp.o(.text) for __I$use$fp
    cdrcmple.o(.text) refers (Special) to iusefp.o(.text) for __I$use$fp
    d2f.o(.text) refers (Special) to iusefp.o(.text) for __I$use$fp
    d2f.o(.text) refers to fepilogue.o(.text) for _float_round
    cfcmple.o(.text) refers (Special) to iusefp.o(.text) for __I$use$fp
    cfrcmple.o(.text) refers (Special) to iusefp.o(.text) for __I$use$fp
    dunder.o(i.__mathlib_dbl_divzero) refers to ddiv.o(.text) for __aeabi_ddiv
    dunder.o(i.__mathlib_dbl_infnan) refers to dscalb.o(.text) for __ARM_scalbn
    dunder.o(i.__mathlib_dbl_infnan2) refers to dadd.o(.text) for __aeabi_dadd
    dunder.o(i.__mathlib_dbl_invalid) refers to ddiv.o(.text) for __aeabi_ddiv
    dunder.o(i.__mathlib_dbl_overflow) refers to dscalb.o(.text) for __ARM_scalbn
    dunder.o(i.__mathlib_dbl_posinfnan) refers to dmul.o(.text) for __aeabi_dmul
    dunder.o(i.__mathlib_dbl_underflow) refers to dscalb.o(.text) for __ARM_scalbn
    fpclassify.o(i.__ARM_fpclassify) refers (Special) to iusefp.o(.text) for __I$use$fp
    poly.o(i.__kernel_poly) refers (Special) to iusefp.o(.text) for __I$use$fp
    poly.o(i.__kernel_poly) refers to dmul.o(.text) for __aeabi_dmul
    poly.o(i.__kernel_poly) refers to dadd.o(.text) for __aeabi_dadd
    qnan.o(.constdata) refers (Special) to iusefp.o(.text) for __I$use$fp
    entry2.o(.ARM.Collect$$$$00000001) refers to entry2.o(.ARM.Collect$$$$00002712) for __lit__00000000
    entry2.o(.ARM.Collect$$$$00002712) refers to startup_stm32f10x_md.o(STACK) for __initial_sp
    entry2.o(__vectab_stack_and_reset_area) refers to startup_stm32f10x_md.o(STACK) for __initial_sp
    entry2.o(__vectab_stack_and_reset_area) refers to entry.o(.ARM.Collect$$$$00000000) for __main
    entry5.o(.ARM.Collect$$$$00000004) refers to init.o(.text) for __scatterload
    entry9a.o(.ARM.Collect$$$$0000000B) refers to main.o(.text) for main
    entry9b.o(.ARM.Collect$$$$0000000C) refers to main.o(.text) for main
    uldiv.o(.text) refers to llushr.o(.text) for __aeabi_llsr
    uldiv.o(.text) refers to llshl.o(.text) for __aeabi_llsl
    errno.o(i.__aeabi_errno_addr) refers to errno.o(.data) for .data
    errno.o(i.__read_errno) refers to errno.o(.data) for .data
    errno.o(i.__set_errno) refers to errno.o(.data) for .data
    depilogue.o(.text) refers to llshl.o(.text) for __aeabi_llsl
    depilogue.o(.text) refers to llushr.o(.text) for __aeabi_llsr
    dsqrt.o(.text) refers to llushr.o(.text) for __aeabi_llsr
    dsqrt.o(.text) refers to depilogue.o(.text) for _double_round
    dfixul.o(.text) refers to llushr.o(.text) for __aeabi_llsr
    dfixul.o(.text) refers to llshl.o(.text) for __aeabi_llsl
    init.o(.text) refers to entry5.o(.ARM.Collect$$$$00000004) for __main_after_scatterload


==============================================================================

Removing Unused input sections from the image.

    Removing startup_stm32f10x_md.o(HEAP), (0 bytes).
    Removing led.o(.text), (56 bytes).
    Removing stm32f10x_i2c.o(.text), (996 bytes).
    Removing core_cm3.o(.emb_text), (32 bytes).
    Removing system_stm32f10x.o(.constdata), (20 bytes).
    Removing dfixul.o(.text), (48 bytes).
    Removing cdcmple.o(.text), (48 bytes).

7 unused section(s) (total 1200 bytes) removed from the image.

==============================================================================

Image Symbol Table

    Local Symbols

    Symbol Name                              Value     Ov Type        Size  Object(Section)

    ../clib/../cmprslib/zerorunl2.c          0x00000000   Number         0  __dczerorl2.o ABSOLUTE
    ../clib/microlib/division.c              0x00000000   Number         0  uidiv.o ABSOLUTE
    ../clib/microlib/division.c              0x00000000   Number         0  uldiv.o ABSOLUTE
    ../clib/microlib/errno.c                 0x00000000   Number         0  errno.o ABSOLUTE
    ../clib/microlib/init/entry.s            0x00000000   Number         0  entry8a.o ABSOLUTE
    ../clib/microlib/init/entry.s            0x00000000   Number         0  entry8b.o ABSOLUTE
    ../clib/microlib/init/entry.s            0x00000000   Number         0  entry9a.o ABSOLUTE
    ../clib/microlib/init/entry.s            0x00000000   Number         0  entry9b.o ABSOLUTE
    ../clib/microlib/init/entry.s            0x00000000   Number         0  entry10b.o ABSOLUTE
    ../clib/microlib/init/entry.s            0x00000000   Number         0  entry10a.o ABSOLUTE
    ../clib/microlib/init/entry.s            0x00000000   Number         0  entry11a.o ABSOLUTE
    ../clib/microlib/init/entry.s            0x00000000   Number         0  entry11b.o ABSOLUTE
    ../clib/microlib/init/entry.s            0x00000000   Number         0  entry.o ABSOLUTE
    ../clib/microlib/init/entry.s            0x00000000   Number         0  entry2.o ABSOLUTE
    ../clib/microlib/init/entry.s            0x00000000   Number         0  entry5.o ABSOLUTE
    ../clib/microlib/init/entry.s            0x00000000   Number         0  entry7a.o ABSOLUTE
    ../clib/microlib/init/entry.s            0x00000000   Number         0  entry7b.o ABSOLUTE
    ../clib/microlib/longlong.c              0x00000000   Number         0  llshl.o ABSOLUTE
    ../clib/microlib/longlong.c              0x00000000   Number         0  llsshr.o ABSOLUTE
    ../clib/microlib/longlong.c              0x00000000   Number         0  llushr.o ABSOLUTE
    ../clib/microlib/printf/printf.c         0x00000000   Number         0  printf6.o ABSOLUTE
    ../clib/microlib/printf/printf.c         0x00000000   Number         0  printf2.o ABSOLUTE
    ../clib/microlib/printf/printf.c         0x00000000   Number         0  printf3.o ABSOLUTE
    ../clib/microlib/printf/printf.c         0x00000000   Number         0  printf4.o ABSOLUTE
    ../clib/microlib/printf/printf.c         0x00000000   Number         0  printf1.o ABSOLUTE
    ../clib/microlib/printf/printf.c         0x00000000   Number         0  printfb.o ABSOLUTE
    ../clib/microlib/printf/printf.c         0x00000000   Number         0  printf0.o ABSOLUTE
    ../clib/microlib/printf/printf.c         0x00000000   Number         0  printf5.o ABSOLUTE
    ../clib/microlib/printf/printf.c         0x00000000   Number         0  printf7.o ABSOLUTE
    ../clib/microlib/printf/printf.c         0x00000000   Number         0  printf8.o ABSOLUTE
    ../clib/microlib/printf/printf.c         0x00000000   Number         0  printfa.o ABSOLUTE
    ../clib/microlib/printf/stubs.s          0x00000000   Number         0  stubs.o ABSOLUTE
    ../clib/microlib/stubs.s                 0x00000000   Number         0  iusefp.o ABSOLUTE
    ../fplib/microlib/d2f.c                  0x00000000   Number         0  d2f.o ABSOLUTE
    ../fplib/microlib/f2d.c                  0x00000000   Number         0  f2d.o ABSOLUTE
    ../fplib/microlib/fpadd.c                0x00000000   Number         0  fadd.o ABSOLUTE
    ../fplib/microlib/fpadd.c                0x00000000   Number         0  dadd.o ABSOLUTE
    ../fplib/microlib/fpdiv.c                0x00000000   Number         0  fdiv.o ABSOLUTE
    ../fplib/microlib/fpdiv.c                0x00000000   Number         0  ddiv.o ABSOLUTE
    ../fplib/microlib/fpepilogue.c           0x00000000   Number         0  fepilogue.o ABSOLUTE
    ../fplib/microlib/fpepilogue.c           0x00000000   Number         0  depilogue.o ABSOLUTE
    ../fplib/microlib/fpfix.c                0x00000000   Number         0  dfixi.o ABSOLUTE
    ../fplib/microlib/fpfix.c                0x00000000   Number         0  ffixi.o ABSOLUTE
    ../fplib/microlib/fpfix.c                0x00000000   Number         0  dfixul.o ABSOLUTE
    ../fplib/microlib/fpflt.c                0x00000000   Number         0  dflti.o ABSOLUTE
    ../fplib/microlib/fpflt.c                0x00000000   Number         0  fflti.o ABSOLUTE
    ../fplib/microlib/fpmul.c                0x00000000   Number         0  dmul.o ABSOLUTE
    ../fplib/microlib/fpmul.c                0x00000000   Number         0  fmul.o ABSOLUTE
    ../fplib/microlib/fpscalb.c              0x00000000   Number         0  dscalb.o ABSOLUTE
    ../fplib/microlib/fpsqrt.c               0x00000000   Number         0  dsqrt.o ABSOLUTE
    ../mathlib/atan.c                        0x00000000   Number         0  atan_x.o ABSOLUTE
    ../mathlib/atan.c                        0x00000000   Number         0  atan.o ABSOLUTE
    ../mathlib/atan2.c                       0x00000000   Number         0  atan2.o ABSOLUTE
    ../mathlib/atan2.c                       0x00000000   Number         0  atan2_x.o ABSOLUTE
    ../mathlib/dunder.c                      0x00000000   Number         0  dunder.o ABSOLUTE
    ../mathlib/fpclassify.c                  0x00000000   Number         0  fpclassify.o ABSOLUTE
    ../mathlib/poly.c                        0x00000000   Number         0  poly.o ABSOLUTE
    ../mathlib/qnan.c                        0x00000000   Number         0  qnan.o ABSOLUTE
    ../mathlib/sqrt.c                        0x00000000   Number         0  sqrt.o ABSOLUTE
    ../mathlib/sqrt.c                        0x00000000   Number         0  sqrt_x.o ABSOLUTE
    ..\CMSIS\core_cm3.c                      0x00000000   Number         0  core_cm3.o ABSOLUTE
    ..\CMSIS\startup\startup_stm32f10x_md.s  0x00000000   Number         0  startup_stm32f10x_md.o ABSOLUTE
    ..\CMSIS\system_stm32f10x.c              0x00000000   Number         0  system_stm32f10x.o ABSOLUTE
    ..\FWlib\src\MPU6050.c                   0x00000000   Number         0  mpu6050.o ABSOLUTE
    ..\FWlib\src\iic_analog.c                0x00000000   Number         0  iic_analog.o ABSOLUTE
    ..\FWlib\src\misc.c                      0x00000000   Number         0  misc.o ABSOLUTE
    ..\FWlib\src\stm32f10x_exti.c            0x00000000   Number         0  stm32f10x_exti.o ABSOLUTE
    ..\FWlib\src\stm32f10x_gpio.c            0x00000000   Number         0  stm32f10x_gpio.o ABSOLUTE
    ..\FWlib\src\stm32f10x_i2c.c             0x00000000   Number         0  stm32f10x_i2c.o ABSOLUTE
    ..\FWlib\src\stm32f10x_rcc.c             0x00000000   Number         0  stm32f10x_rcc.o ABSOLUTE
    ..\FWlib\src\stm32f10x_tim.c             0x00000000   Number         0  stm32f10x_tim.o ABSOLUTE
    ..\FWlib\src\stm32f10x_usart.c           0x00000000   Number         0  stm32f10x_usart.o ABSOLUTE
    ..\\CMSIS\\core_cm3.c                    0x00000000   Number         0  core_cm3.o ABSOLUTE
    cdcmple.s                                0x00000000   Number         0  cdcmple.o ABSOLUTE
    cdrcmple.s                               0x00000000   Number         0  cdrcmple.o ABSOLUTE
    cfcmple.s                                0x00000000   Number         0  cfcmple.o ABSOLUTE
    cfrcmple.s                               0x00000000   Number         0  cfrcmple.o ABSOLUTE
    dc.s                                     0x00000000   Number         0  dc.o ABSOLUTE
    fputc_debug.c                            0x00000000   Number         0  fputc_debug.o ABSOLUTE
    handlers.s                               0x00000000   Number         0  handlers.o ABSOLUTE
    init.s                                   0x00000000   Number         0  init.o ABSOLUTE
    led.c                                    0x00000000   Number         0  led.o ABSOLUTE
    main.c                                   0x00000000   Number         0  main.o ABSOLUTE
    stm32f10x_it.c                           0x00000000   Number         0  stm32f10x_it.o ABSOLUTE
    systick.c                                0x00000000   Number         0  systick.o ABSOLUTE
    RESET                                    0x08000000   Section      236  startup_stm32f10x_md.o(RESET)
    .ARM.Collect$$$$00000000                 0x080000ec   Section        0  entry.o(.ARM.Collect$$$$00000000)
    .ARM.Collect$$$$00000001                 0x080000ec   Section        4  entry2.o(.ARM.Collect$$$$00000001)
    .ARM.Collect$$$$00000004                 0x080000f0   Section        4  entry5.o(.ARM.Collect$$$$00000004)
    .ARM.Collect$$$$00000008                 0x080000f4   Section        0  entry7b.o(.ARM.Collect$$$$00000008)
    .ARM.Collect$$$$0000000A                 0x080000f4   Section        0  entry8b.o(.ARM.Collect$$$$0000000A)
    .ARM.Collect$$$$0000000B                 0x080000f4   Section        8  entry9a.o(.ARM.Collect$$$$0000000B)
    .ARM.Collect$$$$0000000D                 0x080000fc   Section        0  entry10a.o(.ARM.Collect$$$$0000000D)
    .ARM.Collect$$$$0000000F                 0x080000fc   Section        0  entry11a.o(.ARM.Collect$$$$0000000F)
    .ARM.Collect$$$$00002712                 0x080000fc   Section        4  entry2.o(.ARM.Collect$$$$00002712)
    __lit__00000000                          0x080000fc   Data           4  entry2.o(.ARM.Collect$$$$00002712)
    .text                                    0x08000100   Section       28  startup_stm32f10x_md.o(.text)
    .text                                    0x0800011c   Section        0  main.o(.text)
    TIM3_Mode_Config                         0x08000fbb   Thumb Code   126  main.o(.text)
    .text                                    0x080011bc   Section        0  stm32f10x_it.o(.text)
    .text                                    0x08001920   Section        0  fputc_debug.o(.text)
    .text                                    0x08001944   Section        0  systick.o(.text)
    .text                                    0x080019dc   Section        0  stm32f10x_gpio.o(.text)
    .text                                    0x08001d0c   Section        0  stm32f10x_rcc.o(.text)
    .text                                    0x080020ac   Section        0  iic_analog.o(.text)
    .text                                    0x080023a8   Section        0  mpu6050.o(.text)
    .text                                    0x08002528   Section        0  stm32f10x_usart.o(.text)
    .text                                    0x08002898   Section        0  stm32f10x_tim.o(.text)
    TI4_Config                               0x08002bb7   Thumb Code    82  stm32f10x_tim.o(.text)
    TI3_Config                               0x08002c1b   Thumb Code    72  stm32f10x_tim.o(.text)
    TI2_Config                               0x08002c8d   Thumb Code    80  stm32f10x_tim.o(.text)
    TI1_Config                               0x08002cef   Thumb Code    56  stm32f10x_tim.o(.text)
    .text                                    0x08003460   Section        0  misc.o(.text)
    .text                                    0x0800353c   Section        0  stm32f10x_exti.o(.text)
    .text                                    0x0800367c   Section        0  system_stm32f10x.o(.text)
    SetSysClockTo72                          0x0800367d   Thumb Code   220  system_stm32f10x.o(.text)
    SetSysClock                              0x08003759   Thumb Code     8  system_stm32f10x.o(.text)
    .text                                    0x080037b4   Section        0  fadd.o(.text)
    .text                                    0x08003864   Section        0  fmul.o(.text)
    .text                                    0x080038c8   Section        0  fdiv.o(.text)
    .text                                    0x08003944   Section        0  dadd.o(.text)
    .text                                    0x08003a92   Section        0  dmul.o(.text)
    .text                                    0x08003b76   Section        0  ddiv.o(.text)
    .text                                    0x08003c54   Section        0  fflti.o(.text)
    .text                                    0x08003c66   Section        0  dflti.o(.text)
    .text                                    0x08003c88   Section        0  ffixi.o(.text)
    .text                                    0x08003cba   Section        0  dfixi.o(.text)
    .text                                    0x08003cf8   Section        0  f2d.o(.text)
    .text                                    0x08003d20   Section       48  cdrcmple.o(.text)
    .text                                    0x08003d50   Section        0  d2f.o(.text)
    .text                                    0x08003d88   Section       20  cfcmple.o(.text)
    .text                                    0x08003d9c   Section       20  cfrcmple.o(.text)
    .text                                    0x08003db0   Section        0  uldiv.o(.text)
    .text                                    0x08003e12   Section        0  llshl.o(.text)
    .text                                    0x08003e30   Section        0  llushr.o(.text)
    .text                                    0x08003e50   Section        0  llsshr.o(.text)
    .text                                    0x08003e74   Section        0  fepilogue.o(.text)
    .text                                    0x08003e74   Section        0  iusefp.o(.text)
    .text                                    0x08003ee2   Section        0  depilogue.o(.text)
    .text                                    0x08003f9c   Section        0  dscalb.o(.text)
    .text                                    0x08003fca   Section        0  dsqrt.o(.text)
    .text                                    0x0800406c   Section       36  init.o(.text)
    .text                                    0x08004090   Section        0  __dczerorl2.o(.text)
    i.__0printf$4                            0x080040e8   Section        0  printf4.o(i.__0printf$4)
    i.__ARM_fpclassify                       0x08004108   Section        0  fpclassify.o(i.__ARM_fpclassify)
    i.__kernel_poly                          0x08004130   Section        0  poly.o(i.__kernel_poly)
    i.__mathlib_dbl_infnan                   0x080041da   Section        0  dunder.o(i.__mathlib_dbl_infnan)
    i.__mathlib_dbl_infnan2                  0x080041e0   Section        0  dunder.o(i.__mathlib_dbl_infnan2)
    i.__mathlib_dbl_underflow                0x080041e4   Section        0  dunder.o(i.__mathlib_dbl_underflow)
    i.__scatterload_copy                     0x080041f4   Section       14  handlers.o(i.__scatterload_copy)
    i.__scatterload_null                     0x08004202   Section        2  handlers.o(i.__scatterload_null)
    i.__scatterload_zeroinit                 0x08004204   Section       14  handlers.o(i.__scatterload_zeroinit)
    i.__set_errno                            0x08004214   Section        0  errno.o(i.__set_errno)
    i._printf_core                           0x08004220   Section        0  printf4.o(i._printf_core)
    _printf_core                             0x08004221   Thumb Code   552  printf4.o(i._printf_core)
    i.atan                                   0x0800444c   Section        0  atan.o(i.atan)
    i.atan2                                  0x0800466c   Section        0  atan2.o(i.atan2)
    i.sqrt                                   0x080047ec   Section        0  sqrt.o(i.sqrt)
    .constdata                               0x08004838   Section      152  atan.o(.constdata)
    atanhi                                   0x08004838   Data          32  atan.o(.constdata)
    atanlo                                   0x08004858   Data          32  atan.o(.constdata)
    aTodd                                    0x08004878   Data          40  atan.o(.constdata)
    aTeven                                   0x080048a0   Data          48  atan.o(.constdata)
    .constdata                               0x080048d0   Section        8  qnan.o(.constdata)
    .data                                    0x20000000   Section      808  main.o(.data)
    .data                                    0x20000328   Section       12  stm32f10x_it.o(.data)
    .data                                    0x20000334   Section        8  fputc_debug.o(.data)
    .data                                    0x2000033c   Section        4  systick.o(.data)
    .data                                    0x20000340   Section       20  stm32f10x_rcc.o(.data)
    APBAHBPrescTable                         0x20000340   Data          16  stm32f10x_rcc.o(.data)
    ADCPrescTable                            0x20000350   Data           4  stm32f10x_rcc.o(.data)
    .data                                    0x20000354   Section        4  errno.o(.data)
    _errno                                   0x20000354   Data           4  errno.o(.data)
    .bss                                     0x20000358   Section     1292  main.o(.bss)
    STACK                                    0x20000868   Section      512  startup_stm32f10x_md.o(STACK)

    Global Symbols

    Symbol Name                              Value     Ov Type        Size  Object(Section)

    BuildAttributes$$THM_ISAv4$P$D$K$B$S$PE$A:L22UL41UL21$X:L11$S22US41US21$IEEE1$IW$USESV6$~STKCKD$USESV7$~SHL$OTIME$ROPI$IEEEX$EBA8$MICROLIB$REQ8$PRES8$EABIv2 0x00000000   Number         0  anon$$obj.o ABSOLUTE
    __ARM_use_no_argv                        0x00000000   Number         0  main.o ABSOLUTE
    _printf_a                                0x00000000   Number         0  stubs.o ABSOLUTE
    _printf_c                                0x00000000   Number         0  stubs.o ABSOLUTE
    _printf_charcount                        0x00000000   Number         0  stubs.o ABSOLUTE
    _printf_d                                0x00000000   Number         0  stubs.o ABSOLUTE
    _printf_e                                0x00000000   Number         0  stubs.o ABSOLUTE
    _printf_f                                0x00000000   Number         0  stubs.o ABSOLUTE
    _printf_flags                            0x00000000   Number         0  stubs.o ABSOLUTE
    _printf_fp_dec                           0x00000000   Number         0  stubs.o ABSOLUTE
    _printf_fp_hex                           0x00000000   Number         0  stubs.o ABSOLUTE
    _printf_g                                0x00000000   Number         0  stubs.o ABSOLUTE
    _printf_i                                0x00000000   Number         0  stubs.o ABSOLUTE
    _printf_int_dec                          0x00000000   Number         0  stubs.o ABSOLUTE
    _printf_l                                0x00000000   Number         0  stubs.o ABSOLUTE
    _printf_lc                               0x00000000   Number         0  stubs.o ABSOLUTE
    _printf_ll                               0x00000000   Number         0  stubs.o ABSOLUTE
    _printf_lld                              0x00000000   Number         0  stubs.o ABSOLUTE
    _printf_lli                              0x00000000   Number         0  stubs.o ABSOLUTE
    _printf_llo                              0x00000000   Number         0  stubs.o ABSOLUTE
    _printf_llu                              0x00000000   Number         0  stubs.o ABSOLUTE
    _printf_llx                              0x00000000   Number         0  stubs.o ABSOLUTE
    _printf_longlong_dec                     0x00000000   Number         0  stubs.o ABSOLUTE
    _printf_longlong_hex                     0x00000000   Number         0  stubs.o ABSOLUTE
    _printf_longlong_oct                     0x00000000   Number         0  stubs.o ABSOLUTE
    _printf_ls                               0x00000000   Number         0  stubs.o ABSOLUTE
    _printf_mbtowc                           0x00000000   Number         0  stubs.o ABSOLUTE
    _printf_n                                0x00000000   Number         0  stubs.o ABSOLUTE
    _printf_o                                0x00000000   Number         0  stubs.o ABSOLUTE
    _printf_p                                0x00000000   Number         0  stubs.o ABSOLUTE
    _printf_percent                          0x00000000   Number         0  stubs.o ABSOLUTE
    _printf_pre_padding                      0x00000000   Number         0  stubs.o ABSOLUTE
    _printf_return_value                     0x00000000   Number         0  stubs.o ABSOLUTE
    _printf_s                                0x00000000   Number         0  stubs.o ABSOLUTE
    _printf_sizespec                         0x00000000   Number         0  stubs.o ABSOLUTE
    _printf_str                              0x00000000   Number         0  stubs.o ABSOLUTE
    _printf_truncate_signed                  0x00000000   Number         0  stubs.o ABSOLUTE
    _printf_truncate_unsigned                0x00000000   Number         0  stubs.o ABSOLUTE
    _printf_u                                0x00000000   Number         0  stubs.o ABSOLUTE
    _printf_wc                               0x00000000   Number         0  stubs.o ABSOLUTE
    _printf_wctomb                           0x00000000   Number         0  stubs.o ABSOLUTE
    _printf_widthprec                        0x00000000   Number         0  stubs.o ABSOLUTE
    _printf_x                                0x00000000   Number         0  stubs.o ABSOLUTE
    __cpp_initialize__aeabi_                  - Undefined Weak Reference
    __cxa_finalize                            - Undefined Weak Reference
    _clock_init                               - Undefined Weak Reference
    _microlib_exit                            - Undefined Weak Reference
    __Vectors_Size                           0x000000ec   Number         0  startup_stm32f10x_md.o ABSOLUTE
    __Vectors                                0x08000000   Data           4  startup_stm32f10x_md.o(RESET)
    __Vectors_End                            0x080000ec   Data           0  startup_stm32f10x_md.o(RESET)
    __main                                   0x080000ed   Thumb Code     0  entry.o(.ARM.Collect$$$$00000000)
    _main_stk                                0x080000ed   Thumb Code     0  entry2.o(.ARM.Collect$$$$00000001)
    _main_scatterload                        0x080000f1   Thumb Code     0  entry5.o(.ARM.Collect$$$$00000004)
    __main_after_scatterload                 0x080000f5   Thumb Code     0  entry5.o(.ARM.Collect$$$$00000004)
    _main_clock                              0x080000f5   Thumb Code     0  entry7b.o(.ARM.Collect$$$$00000008)
    _main_cpp_init                           0x080000f5   Thumb Code     0  entry8b.o(.ARM.Collect$$$$0000000A)
    _main_init                               0x080000f5   Thumb Code     0  entry9a.o(.ARM.Collect$$$$0000000B)
    __rt_final_cpp                           0x080000fd   Thumb Code     0  entry10a.o(.ARM.Collect$$$$0000000D)
    __rt_final_exit                          0x080000fd   Thumb Code     0  entry11a.o(.ARM.Collect$$$$0000000F)
    Reset_Handler                            0x08000101   Thumb Code     4  startup_stm32f10x_md.o(.text)
    ADC1_2_IRQHandler                        0x08000117   Thumb Code     0  startup_stm32f10x_md.o(.text)
    CAN1_RX1_IRQHandler                      0x08000117   Thumb Code     0  startup_stm32f10x_md.o(.text)
    CAN1_SCE_IRQHandler                      0x08000117   Thumb Code     0  startup_stm32f10x_md.o(.text)
    DMA1_Channel1_IRQHandler                 0x08000117   Thumb Code     0  startup_stm32f10x_md.o(.text)
    DMA1_Channel2_IRQHandler                 0x08000117   Thumb Code     0  startup_stm32f10x_md.o(.text)
    DMA1_Channel3_IRQHandler                 0x08000117   Thumb Code     0  startup_stm32f10x_md.o(.text)
    DMA1_Channel4_IRQHandler                 0x08000117   Thumb Code     0  startup_stm32f10x_md.o(.text)
    DMA1_Channel5_IRQHandler                 0x08000117   Thumb Code     0  startup_stm32f10x_md.o(.text)
    DMA1_Channel6_IRQHandler                 0x08000117   Thumb Code     0  startup_stm32f10x_md.o(.text)
    DMA1_Channel7_IRQHandler                 0x08000117   Thumb Code     0  startup_stm32f10x_md.o(.text)
    EXTI0_IRQHandler                         0x08000117   Thumb Code     0  startup_stm32f10x_md.o(.text)
    EXTI15_10_IRQHandler                     0x08000117   Thumb Code     0  startup_stm32f10x_md.o(.text)
    EXTI2_IRQHandler                         0x08000117   Thumb Code     0  startup_stm32f10x_md.o(.text)
    EXTI3_IRQHandler                         0x08000117   Thumb Code     0  startup_stm32f10x_md.o(.text)
    EXTI4_IRQHandler                         0x08000117   Thumb Code     0  startup_stm32f10x_md.o(.text)
    EXTI9_5_IRQHandler                       0x08000117   Thumb Code     0  startup_stm32f10x_md.o(.text)
    FLASH_IRQHandler                         0x08000117   Thumb Code     0  startup_stm32f10x_md.o(.text)
    I2C1_ER_IRQHandler                       0x08000117   Thumb Code     0  startup_stm32f10x_md.o(.text)
    I2C1_EV_IRQHandler                       0x08000117   Thumb Code     0  startup_stm32f10x_md.o(.text)
    I2C2_ER_IRQHandler                       0x08000117   Thumb Code     0  startup_stm32f10x_md.o(.text)
    I2C2_EV_IRQHandler                       0x08000117   Thumb Code     0  startup_stm32f10x_md.o(.text)
    PVD_IRQHandler                           0x08000117   Thumb Code     0  startup_stm32f10x_md.o(.text)
    RCC_IRQHandler                           0x08000117   Thumb Code     0  startup_stm32f10x_md.o(.text)
    RTCAlarm_IRQHandler                      0x08000117   Thumb Code     0  startup_stm32f10x_md.o(.text)
    RTC_IRQHandler                           0x08000117   Thumb Code     0  startup_stm32f10x_md.o(.text)
    SPI1_IRQHandler                          0x08000117   Thumb Code     0  startup_stm32f10x_md.o(.text)
    SPI2_IRQHandler                          0x08000117   Thumb Code     0  startup_stm32f10x_md.o(.text)
    TAMPER_IRQHandler                        0x08000117   Thumb Code     0  startup_stm32f10x_md.o(.text)
    TIM1_BRK_IRQHandler                      0x08000117   Thumb Code     0  startup_stm32f10x_md.o(.text)
    TIM1_CC_IRQHandler                       0x08000117   Thumb Code     0  startup_stm32f10x_md.o(.text)
    TIM1_TRG_COM_IRQHandler                  0x08000117   Thumb Code     0  startup_stm32f10x_md.o(.text)
    TIM1_UP_IRQHandler                       0x08000117   Thumb Code     0  startup_stm32f10x_md.o(.text)
    TIM3_IRQHandler                          0x08000117   Thumb Code     0  startup_stm32f10x_md.o(.text)
    USART1_IRQHandler                        0x08000117   Thumb Code     0  startup_stm32f10x_md.o(.text)
    USART2_IRQHandler                        0x08000117   Thumb Code     0  startup_stm32f10x_md.o(.text)
    USART3_IRQHandler                        0x08000117   Thumb Code     0  startup_stm32f10x_md.o(.text)
    USBWakeUp_IRQHandler                     0x08000117   Thumb Code     0  startup_stm32f10x_md.o(.text)
    USB_HP_CAN1_TX_IRQHandler                0x08000117   Thumb Code     0  startup_stm32f10x_md.o(.text)
    USB_LP_CAN1_RX0_IRQHandler               0x08000117   Thumb Code     0  startup_stm32f10x_md.o(.text)
    WWDG_IRQHandler                          0x08000117   Thumb Code     0  startup_stm32f10x_md.o(.text)
    Init                                     0x0800011d   Thumb Code    56  main.o(.text)
    getAngle                                 0x08000155   Thumb Code   540  main.o(.text)
    setAngle                                 0x08000371   Thumb Code     6  main.o(.text)
    getRate                                  0x08000377   Thumb Code     8  main.o(.text)
    setQangle                                0x0800037f   Thumb Code     6  main.o(.text)
    setQbias                                 0x08000385   Thumb Code     6  main.o(.text)
    setRmeasure                              0x0800038b   Thumb Code     6  main.o(.text)
    getQangle                                0x08000391   Thumb Code     8  main.o(.text)
    getQbias                                 0x08000399   Thumb Code     8  main.o(.text)
    getRmeasure                              0x080003a1   Thumb Code     8  main.o(.text)
    SFIE                                     0x080003a9   Thumb Code   140  main.o(.text)
    Fuzzify                                  0x08000435   Thumb Code   536  main.o(.text)
    Evaluate                                 0x0800064d   Thumb Code   156  main.o(.text)
    Defuzzify                                0x080006e9   Thumb Code   206  main.o(.text)
    GetCrispInputs                           0x080007b7   Thumb Code    28  main.o(.text)
    ApplyCrispOutputs                        0x080007d3   Thumb Code    66  main.o(.text)
    updatePitchRoll                          0x08000815   Thumb Code   160  main.o(.text)
    USART_Configuration                      0x080008b5   Thumb Code   112  main.o(.text)
    RCC_Configuration                        0x08000925   Thumb Code   234  main.o(.text)
    TIM_GPIO_Config                          0x08000a0f   Thumb Code    86  main.o(.text)
    NVIC_Timer2_Configuration                0x08000a65   Thumb Code    52  main.o(.text)
    NVIC_Timer4_Configuration                0x08000a99   Thumb Code    50  main.o(.text)
    TIM2_Configuration                       0x08000acb   Thumb Code    52  main.o(.text)
    TIM4_Configuration                       0x08000aff   Thumb Code    52  main.o(.text)
    updateMPU6050                            0x08000b33   Thumb Code   128  main.o(.text)
    sensor_cal                               0x08000bb3   Thumb Code    94  main.o(.text)
    InitAll                                  0x08000c11   Thumb Code   124  main.o(.text)
    Sensor_fusion                            0x08000c8d   Thumb Code   784  main.o(.text)
    TIM3_GPIO_Config                         0x08000f9d   Thumb Code    30  main.o(.text)
    TIM3_PWM_Init                            0x08001039   Thumb Code    12  main.o(.text)
    TIM1_Configuration                       0x08001045   Thumb Code    52  main.o(.text)
    Light_mask_init                          0x08001079   Thumb Code   108  main.o(.text)
    main                                     0x080010e5   Thumb Code    62  main.o(.text)
    NMI_Handler                              0x080011bd   Thumb Code     2  stm32f10x_it.o(.text)
    HardFault_Handler                        0x080011bf   Thumb Code     4  stm32f10x_it.o(.text)
    MemManage_Handler                        0x080011c3   Thumb Code     4  stm32f10x_it.o(.text)
    BusFault_Handler                         0x080011c7   Thumb Code     4  stm32f10x_it.o(.text)
    UsageFault_Handler                       0x080011cb   Thumb Code     4  stm32f10x_it.o(.text)
    SVC_Handler                              0x080011cf   Thumb Code     2  stm32f10x_it.o(.text)
    DebugMon_Handler                         0x080011d1   Thumb Code     2  stm32f10x_it.o(.text)
    PendSV_Handler                           0x080011d3   Thumb Code     2  stm32f10x_it.o(.text)
    TimingDelay_Decrement                    0x080011d5   Thumb Code    18  stm32f10x_it.o(.text)
    SysTick_Handler                          0x080011e7   Thumb Code     8  stm32f10x_it.o(.text)
    Motor_duty_control                       0x080011ef   Thumb Code  1152  stm32f10x_it.o(.text)
    Motor_dir_control                        0x0800166f   Thumb Code    96  stm32f10x_it.o(.text)
    TIM4_IRQHandler                          0x080016cf   Thumb Code    42  stm32f10x_it.o(.text)
    TIM2_IRQHandler                          0x080016f9   Thumb Code    60  stm32f10x_it.o(.text)
    EXTI1_IRQHandler                         0x08001735   Thumb Code   374  stm32f10x_it.o(.text)
    fputc                                    0x08001921   Thumb Code    30  fputc_debug.o(.text)
    Systick_Init                             0x08001945   Thumb Code    98  systick.o(.text)
    Delay_ms                                 0x080019a7   Thumb Code    36  systick.o(.text)
    GPIO_DeInit                              0x080019dd   Thumb Code   188  stm32f10x_gpio.o(.text)
    GPIO_AFIODeInit                          0x08001a99   Thumb Code    20  stm32f10x_gpio.o(.text)
    GPIO_Init                                0x08001aad   Thumb Code   278  stm32f10x_gpio.o(.text)
    GPIO_StructInit                          0x08001bc3   Thumb Code    16  stm32f10x_gpio.o(.text)
    GPIO_ReadInputDataBit                    0x08001bd3   Thumb Code    18  stm32f10x_gpio.o(.text)
    GPIO_ReadInputData                       0x08001be5   Thumb Code     8  stm32f10x_gpio.o(.text)
    GPIO_ReadOutputDataBit                   0x08001bed   Thumb Code    18  stm32f10x_gpio.o(.text)
    GPIO_ReadOutputData                      0x08001bff   Thumb Code     8  stm32f10x_gpio.o(.text)
    GPIO_SetBits                             0x08001c07   Thumb Code     4  stm32f10x_gpio.o(.text)
    GPIO_ResetBits                           0x08001c0b   Thumb Code     4  stm32f10x_gpio.o(.text)
    GPIO_WriteBit                            0x08001c0f   Thumb Code    10  stm32f10x_gpio.o(.text)
    GPIO_Write                               0x08001c19   Thumb Code     4  stm32f10x_gpio.o(.text)
    GPIO_PinLockConfig                       0x08001c1d   Thumb Code    18  stm32f10x_gpio.o(.text)
    GPIO_EventOutputConfig                   0x08001c2f   Thumb Code    26  stm32f10x_gpio.o(.text)
    GPIO_EventOutputCmd                      0x08001c49   Thumb Code     6  stm32f10x_gpio.o(.text)
    GPIO_PinRemapConfig                      0x08001c4f   Thumb Code   106  stm32f10x_gpio.o(.text)
    GPIO_EXTILineConfig                      0x08001cb9   Thumb Code    66  stm32f10x_gpio.o(.text)
    RCC_DeInit                               0x08001d0d   Thumb Code    62  stm32f10x_rcc.o(.text)
    RCC_HSEConfig                            0x08001d4b   Thumb Code    70  stm32f10x_rcc.o(.text)
    RCC_GetFlagStatus                        0x08001d91   Thumb Code    56  stm32f10x_rcc.o(.text)
    RCC_WaitForHSEStartUp                    0x08001dc9   Thumb Code    54  stm32f10x_rcc.o(.text)
    RCC_AdjustHSICalibrationValue            0x08001dff   Thumb Code    20  stm32f10x_rcc.o(.text)
    RCC_HSICmd                               0x08001e13   Thumb Code     6  stm32f10x_rcc.o(.text)
    RCC_PLLConfig                            0x08001e19   Thumb Code    24  stm32f10x_rcc.o(.text)
    RCC_PLLCmd                               0x08001e31   Thumb Code     6  stm32f10x_rcc.o(.text)
    RCC_SYSCLKConfig                         0x08001e37   Thumb Code    18  stm32f10x_rcc.o(.text)
    RCC_GetSYSCLKSource                      0x08001e49   Thumb Code    10  stm32f10x_rcc.o(.text)
    RCC_HCLKConfig                           0x08001e53   Thumb Code    18  stm32f10x_rcc.o(.text)
    RCC_PCLK1Config                          0x08001e65   Thumb Code    18  stm32f10x_rcc.o(.text)
    RCC_PCLK2Config                          0x08001e77   Thumb Code    20  stm32f10x_rcc.o(.text)
    RCC_ITConfig                             0x08001e8b   Thumb Code    26  stm32f10x_rcc.o(.text)
    RCC_USBCLKConfig                         0x08001ea5   Thumb Code     8  stm32f10x_rcc.o(.text)
    RCC_ADCCLKConfig                         0x08001ead   Thumb Code    18  stm32f10x_rcc.o(.text)
    RCC_LSEConfig                            0x08001ebf   Thumb Code    50  stm32f10x_rcc.o(.text)
    RCC_LSICmd                               0x08001ef1   Thumb Code     6  stm32f10x_rcc.o(.text)
    RCC_RTCCLKConfig                         0x08001ef7   Thumb Code    12  stm32f10x_rcc.o(.text)
    RCC_RTCCLKCmd                            0x08001f03   Thumb Code     8  stm32f10x_rcc.o(.text)
    RCC_GetClocksFreq                        0x08001f0b   Thumb Code   192  stm32f10x_rcc.o(.text)
    RCC_AHBPeriphClockCmd                    0x08001fcb   Thumb Code    26  stm32f10x_rcc.o(.text)
    RCC_APB2PeriphClockCmd                   0x08001fe5   Thumb Code    26  stm32f10x_rcc.o(.text)
    RCC_APB1PeriphClockCmd                   0x08001fff   Thumb Code    26  stm32f10x_rcc.o(.text)
    RCC_APB2PeriphResetCmd                   0x08002019   Thumb Code    26  stm32f10x_rcc.o(.text)
    RCC_APB1PeriphResetCmd                   0x08002033   Thumb Code    26  stm32f10x_rcc.o(.text)
    RCC_BackupResetCmd                       0x0800204d   Thumb Code     8  stm32f10x_rcc.o(.text)
    RCC_ClockSecuritySystemCmd               0x08002055   Thumb Code     6  stm32f10x_rcc.o(.text)
    RCC_MCOConfig                            0x0800205b   Thumb Code     6  stm32f10x_rcc.o(.text)
    RCC_ClearFlag                            0x08002061   Thumb Code    14  stm32f10x_rcc.o(.text)
    RCC_GetITStatus                          0x0800206f   Thumb Code    20  stm32f10x_rcc.o(.text)
    RCC_ClearITPendingBit                    0x08002083   Thumb Code     6  stm32f10x_rcc.o(.text)
    GPIO_Filter                              0x080020ad   Thumb Code    86  iic_analog.o(.text)
    IIC_GPIO_Configuration                   0x08002103   Thumb Code   118  iic_analog.o(.text)
    IIC_Delay                                0x08002179   Thumb Code    14  iic_analog.o(.text)
    IIC_Start                                0x08002187   Thumb Code    88  iic_analog.o(.text)
    IIC_Stop                                 0x080021df   Thumb Code    40  iic_analog.o(.text)
    IIC_SendNACK                             0x08002207   Thumb Code    40  iic_analog.o(.text)
    IIC_SendACK                              0x0800222f   Thumb Code    40  iic_analog.o(.text)
    IIC_SendByte                             0x08002257   Thumb Code   140  iic_analog.o(.text)
    IIC_RecvByte                             0x080022e3   Thumb Code    82  iic_analog.o(.text)
    Single_Write_IIC                         0x08002335   Thumb Code    36  iic_analog.o(.text)
    Single_Read_IIC                          0x08002359   Thumb Code    52  iic_analog.o(.text)
    delay_IIC                                0x080023a9   Thumb Code    26  mpu6050.o(.text)
    MPU6050_Inital                           0x080023c3   Thumb Code    66  mpu6050.o(.text)
    Sys_Configuration                        0x08002405   Thumb Code    20  mpu6050.o(.text)
    getAccX                                  0x08002419   Thumb Code    38  mpu6050.o(.text)
    getAccY                                  0x0800243f   Thumb Code    38  mpu6050.o(.text)
    getAccZ                                  0x08002465   Thumb Code    38  mpu6050.o(.text)
    getGyroX                                 0x0800248b   Thumb Code    38  mpu6050.o(.text)
    getGyroY                                 0x080024b1   Thumb Code    38  mpu6050.o(.text)
    getGyroZ                                 0x080024d7   Thumb Code    38  mpu6050.o(.text)
    getTemperature                           0x080024fd   Thumb Code    38  mpu6050.o(.text)
    USART_DeInit                             0x08002529   Thumb Code   146  stm32f10x_usart.o(.text)
    USART_Init                               0x080025bb   Thumb Code   150  stm32f10x_usart.o(.text)
    USART_StructInit                         0x08002651   Thumb Code    24  stm32f10x_usart.o(.text)
    USART_ClockInit                          0x08002669   Thumb Code    34  stm32f10x_usart.o(.text)
    USART_ClockStructInit                    0x0800268b   Thumb Code    12  stm32f10x_usart.o(.text)
    USART_Cmd                                0x08002697   Thumb Code    24  stm32f10x_usart.o(.text)
    USART_ITConfig                           0x080026af   Thumb Code    64  stm32f10x_usart.o(.text)
    USART_DMACmd                             0x080026ef   Thumb Code    18  stm32f10x_usart.o(.text)
    USART_SetAddress                         0x08002701   Thumb Code    18  stm32f10x_usart.o(.text)
    USART_WakeUpConfig                       0x08002713   Thumb Code    18  stm32f10x_usart.o(.text)
    USART_ReceiverWakeUpCmd                  0x08002725   Thumb Code    24  stm32f10x_usart.o(.text)
    USART_LINBreakDetectLengthConfig         0x0800273d   Thumb Code    18  stm32f10x_usart.o(.text)
    USART_LINCmd                             0x0800274f   Thumb Code    24  stm32f10x_usart.o(.text)
    USART_SendData                           0x08002767   Thumb Code     8  stm32f10x_usart.o(.text)
    USART_ReceiveData                        0x0800276f   Thumb Code    10  stm32f10x_usart.o(.text)
    USART_SendBreak                          0x08002779   Thumb Code    10  stm32f10x_usart.o(.text)
    USART_SetGuardTime                       0x08002783   Thumb Code    16  stm32f10x_usart.o(.text)
    USART_SetPrescaler                       0x08002793   Thumb Code    16  stm32f10x_usart.o(.text)
    USART_SmartCardCmd                       0x080027a3   Thumb Code    24  stm32f10x_usart.o(.text)
    USART_SmartCardNACKCmd                   0x080027bb   Thumb Code    24  stm32f10x_usart.o(.text)
    USART_HalfDuplexCmd                      0x080027d3   Thumb Code    24  stm32f10x_usart.o(.text)
    USART_IrDAConfig                         0x080027eb   Thumb Code    18  stm32f10x_usart.o(.text)
    USART_IrDACmd                            0x080027fd   Thumb Code    24  stm32f10x_usart.o(.text)
    USART_GetFlagStatus                      0x08002815   Thumb Code    18  stm32f10x_usart.o(.text)
    USART_ClearFlag                          0x08002827   Thumb Code     6  stm32f10x_usart.o(.text)
    USART_GetITStatus                        0x0800282d   Thumb Code    76  stm32f10x_usart.o(.text)
    USART_ClearITPendingBit                  0x08002879   Thumb Code    20  stm32f10x_usart.o(.text)
    TIM_DeInit                               0x08002899   Thumb Code   214  stm32f10x_tim.o(.text)
    TIM_TimeBaseInit                         0x0800296f   Thumb Code    50  stm32f10x_tim.o(.text)
    TIM_OC1Init                              0x080029a1   Thumb Code   110  stm32f10x_tim.o(.text)
    TIM_OC2Init                              0x08002a0f   Thumb Code   148  stm32f10x_tim.o(.text)
    TIM_OC3Init                              0x08002aa3   Thumb Code   144  stm32f10x_tim.o(.text)
    TIM_OC4Init                              0x08002b33   Thumb Code   106  stm32f10x_tim.o(.text)
    TIM_SetIC4Prescaler                      0x08002b9d   Thumb Code    26  stm32f10x_tim.o(.text)
    TIM_SetIC3Prescaler                      0x08002c09   Thumb Code    18  stm32f10x_tim.o(.text)
    TIM_SetIC2Prescaler                      0x08002c63   Thumb Code    42  stm32f10x_tim.o(.text)
    TIM_SetIC1Prescaler                      0x08002cdd   Thumb Code    18  stm32f10x_tim.o(.text)
    TIM_ICInit                               0x08002d27   Thumb Code   110  stm32f10x_tim.o(.text)
    TIM_PWMIConfig                           0x08002d95   Thumb Code   124  stm32f10x_tim.o(.text)
    TIM_BDTRConfig                           0x08002e11   Thumb Code    32  stm32f10x_tim.o(.text)
    TIM_TimeBaseStructInit                   0x08002e31   Thumb Code    18  stm32f10x_tim.o(.text)
    TIM_OCStructInit                         0x08002e43   Thumb Code    20  stm32f10x_tim.o(.text)
    TIM_ICStructInit                         0x08002e57   Thumb Code    18  stm32f10x_tim.o(.text)
    TIM_BDTRStructInit                       0x08002e69   Thumb Code    18  stm32f10x_tim.o(.text)
    TIM_Cmd                                  0x08002e7b   Thumb Code    24  stm32f10x_tim.o(.text)
    TIM_CtrlPWMOutputs                       0x08002e93   Thumb Code    30  stm32f10x_tim.o(.text)
    TIM_ITConfig                             0x08002eb1   Thumb Code    18  stm32f10x_tim.o(.text)
    TIM_GenerateEvent                        0x08002ec3   Thumb Code     4  stm32f10x_tim.o(.text)
    TIM_DMAConfig                            0x08002ec7   Thumb Code    10  stm32f10x_tim.o(.text)
    TIM_DMACmd                               0x08002ed1   Thumb Code    18  stm32f10x_tim.o(.text)
    TIM_InternalClockConfig                  0x08002ee3   Thumb Code    12  stm32f10x_tim.o(.text)
    TIM_SelectInputTrigger                   0x08002eef   Thumb Code    18  stm32f10x_tim.o(.text)
    TIM_ITRxExternalClockConfig              0x08002f01   Thumb Code    24  stm32f10x_tim.o(.text)
    TIM_TIxExternalClockConfig               0x08002f19   Thumb Code    62  stm32f10x_tim.o(.text)
    TIM_ETRConfig                            0x08002f57   Thumb Code    30  stm32f10x_tim.o(.text)
    TIM_ETRClockMode1Config                  0x08002f75   Thumb Code    54  stm32f10x_tim.o(.text)
    TIM_ETRClockMode2Config                  0x08002fab   Thumb Code    32  stm32f10x_tim.o(.text)
    TIM_PrescalerConfig                      0x08002fcb   Thumb Code     6  stm32f10x_tim.o(.text)
    TIM_CounterModeConfig                    0x08002fd1   Thumb Code    18  stm32f10x_tim.o(.text)
    TIM_EncoderInterfaceConfig               0x08002fe3   Thumb Code    66  stm32f10x_tim.o(.text)
    TIM_ForcedOC1Config                      0x08003025   Thumb Code    18  stm32f10x_tim.o(.text)
    TIM_ForcedOC2Config                      0x08003037   Thumb Code    26  stm32f10x_tim.o(.text)
    TIM_ForcedOC3Config                      0x08003051   Thumb Code    18  stm32f10x_tim.o(.text)
    TIM_ForcedOC4Config                      0x08003063   Thumb Code    26  stm32f10x_tim.o(.text)
    TIM_ARRPreloadConfig                     0x0800307d   Thumb Code    24  stm32f10x_tim.o(.text)
    TIM_SelectCOM                            0x08003095   Thumb Code    24  stm32f10x_tim.o(.text)
    TIM_SelectCCDMA                          0x080030ad   Thumb Code    24  stm32f10x_tim.o(.text)
    TIM_CCPreloadControl                     0x080030c5   Thumb Code    24  stm32f10x_tim.o(.text)
    TIM_OC1PreloadConfig                     0x080030dd   Thumb Code    18  stm32f10x_tim.o(.text)
    TIM_OC2PreloadConfig                     0x080030ef   Thumb Code    26  stm32f10x_tim.o(.text)
    TIM_OC3PreloadConfig                     0x08003109   Thumb Code    18  stm32f10x_tim.o(.text)
    TIM_OC4PreloadConfig                     0x0800311b   Thumb Code    26  stm32f10x_tim.o(.text)
    TIM_OC1FastConfig                        0x08003135   Thumb Code    18  stm32f10x_tim.o(.text)
    TIM_OC2FastConfig                        0x08003147   Thumb Code    26  stm32f10x_tim.o(.text)
    TIM_OC3FastConfig                        0x08003161   Thumb Code    18  stm32f10x_tim.o(.text)
    TIM_OC4FastConfig                        0x08003173   Thumb Code    26  stm32f10x_tim.o(.text)
    TIM_ClearOC1Ref                          0x0800318d   Thumb Code    18  stm32f10x_tim.o(.text)
    TIM_ClearOC2Ref                          0x0800319f   Thumb Code    24  stm32f10x_tim.o(.text)
    TIM_ClearOC3Ref                          0x080031b7   Thumb Code    18  stm32f10x_tim.o(.text)
    TIM_ClearOC4Ref                          0x080031c9   Thumb Code    24  stm32f10x_tim.o(.text)
    TIM_OC1PolarityConfig                    0x080031e1   Thumb Code    18  stm32f10x_tim.o(.text)
    TIM_OC1NPolarityConfig                   0x080031f3   Thumb Code    18  stm32f10x_tim.o(.text)
    TIM_OC2PolarityConfig                    0x08003205   Thumb Code    26  stm32f10x_tim.o(.text)
    TIM_OC2NPolarityConfig                   0x0800321f   Thumb Code    26  stm32f10x_tim.o(.text)
    TIM_OC3PolarityConfig                    0x08003239   Thumb Code    26  stm32f10x_tim.o(.text)
    TIM_OC3NPolarityConfig                   0x08003253   Thumb Code    26  stm32f10x_tim.o(.text)
    TIM_OC4PolarityConfig                    0x0800326d   Thumb Code    26  stm32f10x_tim.o(.text)
    TIM_CCxCmd                               0x08003287   Thumb Code    26  stm32f10x_tim.o(.text)
    TIM_CCxNCmd                              0x080032a1   Thumb Code    26  stm32f10x_tim.o(.text)
    TIM_SelectOCxM                           0x080032bb   Thumb Code   134  stm32f10x_tim.o(.text)
    TIM_UpdateDisableConfig                  0x08003341   Thumb Code    24  stm32f10x_tim.o(.text)
    TIM_UpdateRequestConfig                  0x08003359   Thumb Code    24  stm32f10x_tim.o(.text)
    TIM_SelectHallSensor                     0x08003371   Thumb Code    24  stm32f10x_tim.o(.text)
    TIM_SelectOnePulseMode                   0x08003389   Thumb Code    18  stm32f10x_tim.o(.text)
    TIM_SelectOutputTrigger                  0x0800339b   Thumb Code    18  stm32f10x_tim.o(.text)
    TIM_SelectSlaveMode                      0x080033ad   Thumb Code    18  stm32f10x_tim.o(.text)
    TIM_SelectMasterSlaveMode                0x080033bf   Thumb Code    18  stm32f10x_tim.o(.text)
    TIM_SetCounter                           0x080033d1   Thumb Code     4  stm32f10x_tim.o(.text)
    TIM_SetAutoreload                        0x080033d5   Thumb Code     4  stm32f10x_tim.o(.text)
    TIM_SetCompare1                          0x080033d9   Thumb Code     4  stm32f10x_tim.o(.text)
    TIM_SetCompare2                          0x080033dd   Thumb Code     4  stm32f10x_tim.o(.text)
    TIM_SetCompare3                          0x080033e1   Thumb Code     4  stm32f10x_tim.o(.text)
    TIM_SetCompare4                          0x080033e5   Thumb Code     6  stm32f10x_tim.o(.text)
    TIM_SetClockDivision                     0x080033eb   Thumb Code    14  stm32f10x_tim.o(.text)
    TIM_GetCapture1                          0x080033f9   Thumb Code     6  stm32f10x_tim.o(.text)
    TIM_GetCapture2                          0x080033ff   Thumb Code     6  stm32f10x_tim.o(.text)
    TIM_GetCapture3                          0x08003405   Thumb Code     6  stm32f10x_tim.o(.text)
    TIM_GetCapture4                          0x0800340b   Thumb Code     8  stm32f10x_tim.o(.text)
    TIM_GetCounter                           0x08003413   Thumb Code     6  stm32f10x_tim.o(.text)
    TIM_GetPrescaler                         0x08003419   Thumb Code     6  stm32f10x_tim.o(.text)
    TIM_GetFlagStatus                        0x0800341f   Thumb Code    18  stm32f10x_tim.o(.text)
    TIM_ClearFlag                            0x08003431   Thumb Code     6  stm32f10x_tim.o(.text)
    TIM_GetITStatus                          0x08003437   Thumb Code    34  stm32f10x_tim.o(.text)
    TIM_ClearITPendingBit                    0x08003459   Thumb Code     6  stm32f10x_tim.o(.text)
    NVIC_PriorityGroupConfig                 0x08003461   Thumb Code    10  misc.o(.text)
    NVIC_Init                                0x0800346b   Thumb Code   100  misc.o(.text)
    NVIC_SetVectorTable                      0x080034cf   Thumb Code    14  misc.o(.text)
    NVIC_SystemLPConfig                      0x080034dd   Thumb Code    34  misc.o(.text)
    SysTick_CLKSourceConfig                  0x080034ff   Thumb Code    40  misc.o(.text)
    EXTI_DeInit                              0x0800353d   Thumb Code    28  stm32f10x_exti.o(.text)
    EXTI_Init                                0x08003559   Thumb Code   174  stm32f10x_exti.o(.text)
    EXTI_StructInit                          0x08003607   Thumb Code    16  stm32f10x_exti.o(.text)
    EXTI_GenerateSWInterrupt                 0x08003617   Thumb Code    16  stm32f10x_exti.o(.text)
    EXTI_GetFlagStatus                       0x08003627   Thumb Code    22  stm32f10x_exti.o(.text)
    EXTI_ClearFlag                           0x0800363d   Thumb Code     8  stm32f10x_exti.o(.text)
    EXTI_GetITStatus                         0x08003645   Thumb Code    34  stm32f10x_exti.o(.text)
    EXTI_ClearITPendingBit                   0x08003667   Thumb Code     8  stm32f10x_exti.o(.text)
    SystemInit                               0x08003761   Thumb Code    68  system_stm32f10x.o(.text)
    __aeabi_fadd                             0x080037b5   Thumb Code   164  fadd.o(.text)
    __aeabi_fsub                             0x08003859   Thumb Code     6  fadd.o(.text)
    __aeabi_frsub                            0x0800385f   Thumb Code     6  fadd.o(.text)
    __aeabi_fmul                             0x08003865   Thumb Code   100  fmul.o(.text)
    __aeabi_fdiv                             0x080038c9   Thumb Code   124  fdiv.o(.text)
    __aeabi_dadd                             0x08003945   Thumb Code   322  dadd.o(.text)
    __aeabi_dsub                             0x08003a87   Thumb Code     6  dadd.o(.text)
    __aeabi_drsub                            0x08003a8d   Thumb Code     6  dadd.o(.text)
    __aeabi_dmul                             0x08003a93   Thumb Code   228  dmul.o(.text)
    __aeabi_ddiv                             0x08003b77   Thumb Code   222  ddiv.o(.text)
    __aeabi_i2f                              0x08003c55   Thumb Code    18  fflti.o(.text)
    __aeabi_i2d                              0x08003c67   Thumb Code    34  dflti.o(.text)
    __aeabi_f2iz                             0x08003c89   Thumb Code    50  ffixi.o(.text)
    __aeabi_d2iz                             0x08003cbb   Thumb Code    62  dfixi.o(.text)
    __aeabi_f2d                              0x08003cf9   Thumb Code    38  f2d.o(.text)
    __aeabi_cdrcmple                         0x08003d21   Thumb Code    48  cdrcmple.o(.text)
    __aeabi_d2f                              0x08003d51   Thumb Code    56  d2f.o(.text)
    __aeabi_cfcmpeq                          0x08003d89   Thumb Code     0  cfcmple.o(.text)
    __aeabi_cfcmple                          0x08003d89   Thumb Code    20  cfcmple.o(.text)
    __aeabi_cfrcmple                         0x08003d9d   Thumb Code    20  cfrcmple.o(.text)
    __aeabi_uldivmod                         0x08003db1   Thumb Code    98  uldiv.o(.text)
    __aeabi_llsl                             0x08003e13   Thumb Code    30  llshl.o(.text)
    _ll_shift_l                              0x08003e13   Thumb Code     0  llshl.o(.text)
    __aeabi_llsr                             0x08003e31   Thumb Code    32  llushr.o(.text)
    _ll_ushift_r                             0x08003e31   Thumb Code     0  llushr.o(.text)
    __aeabi_lasr                             0x08003e51   Thumb Code    36  llsshr.o(.text)
    _ll_sshift_r                             0x08003e51   Thumb Code     0  llsshr.o(.text)
    __I$use$fp                               0x08003e75   Thumb Code     0  iusefp.o(.text)
    _float_round                             0x08003e75   Thumb Code    18  fepilogue.o(.text)
    _float_epilogue                          0x08003e87   Thumb Code    92  fepilogue.o(.text)
    _double_round                            0x08003ee3   Thumb Code    30  depilogue.o(.text)
    _double_epilogue                         0x08003f01   Thumb Code   156  depilogue.o(.text)
    __ARM_scalbn                             0x08003f9d   Thumb Code    46  dscalb.o(.text)
    scalbn                                   0x08003f9d   Thumb Code     0  dscalb.o(.text)
    _dsqrt                                   0x08003fcb   Thumb Code   162  dsqrt.o(.text)
    __scatterload                            0x0800406d   Thumb Code    28  init.o(.text)
    __scatterload_rt2                        0x0800406d   Thumb Code     0  init.o(.text)
    __decompress                             0x08004091   Thumb Code     0  __dczerorl2.o(.text)
    __decompress1                            0x08004091   Thumb Code    86  __dczerorl2.o(.text)
    __0printf$4                              0x080040e9   Thumb Code    22  printf4.o(i.__0printf$4)
    __1printf$4                              0x080040e9   Thumb Code     0  printf4.o(i.__0printf$4)
    __2printf                                0x080040e9   Thumb Code     0  printf4.o(i.__0printf$4)
    __ARM_fpclassify                         0x08004109   Thumb Code    40  fpclassify.o(i.__ARM_fpclassify)
    __kernel_poly                            0x08004131   Thumb Code   170  poly.o(i.__kernel_poly)
    __mathlib_dbl_infnan                     0x080041db   Thumb Code     6  dunder.o(i.__mathlib_dbl_infnan)
    __mathlib_dbl_infnan2                    0x080041e1   Thumb Code     4  dunder.o(i.__mathlib_dbl_infnan2)
    __mathlib_dbl_underflow                  0x080041e5   Thumb Code    10  dunder.o(i.__mathlib_dbl_underflow)
    __scatterload_copy                       0x080041f5   Thumb Code    14  handlers.o(i.__scatterload_copy)
    __scatterload_null                       0x08004203   Thumb Code     2  handlers.o(i.__scatterload_null)
    __scatterload_zeroinit                   0x08004205   Thumb Code    14  handlers.o(i.__scatterload_zeroinit)
    __set_errno                              0x08004215   Thumb Code     6  errno.o(i.__set_errno)
    atan                                     0x0800444d   Thumb Code   474  atan.o(i.atan)
    atan2                                    0x0800466d   Thumb Code   346  atan2.o(i.atan2)
    sqrt                                     0x080047ed   Thumb Code    76  sqrt.o(i.sqrt)
    __mathlib_zero                           0x080048d0   Data           8  qnan.o(.constdata)
    Region$$Table$$Base                      0x080048d8   Number         0  anon$$obj.o(Region$$Table)
    Region$$Table$$Limit                     0x080048f8   Number         0  anon$$obj.o(Region$$Table)
    acc_x                                    0x20000000   Data           4  main.o(.data)
    acc_y                                    0x20000004   Data           4  main.o(.data)
    acc_z                                    0x20000008   Data           4  main.o(.data)
    gy_x                                     0x2000000c   Data           4  main.o(.data)
    gy_y                                     0x20000010   Data           4  main.o(.data)
    gy_z                                     0x20000014   Data           4  main.o(.data)
    roll                                     0x20000018   Data           4  main.o(.data)
    pitch                                    0x2000001c   Data           4  main.o(.data)
    gyroXangle                               0x20000020   Data           4  main.o(.data)
    gyroYangle                               0x20000024   Data           4  main.o(.data)
    kalAngleX                                0x20000028   Data           4  main.o(.data)
    kalAngleY                                0x2000002c   Data           4  main.o(.data)
    compAngleX                               0x20000030   Data           8  main.o(.data)
    compAngleY                               0x20000038   Data           8  main.o(.data)
    compAngleZ                               0x20000040   Data           8  main.o(.data)
    Cal_acc_x                                0x20000048   Data           8  main.o(.data)
    Cal_acc_y                                0x20000050   Data           8  main.o(.data)
    Cal_acc_z                                0x20000058   Data           8  main.o(.data)
    X_Angular_velocity                       0x20000060   Data           4  main.o(.data)
    Duty                                     0x20000064   Data           4  main.o(.data)
    Direction                                0x20000068   Data           4  main.o(.data)
    FLC                                      0x2000006c   Data          20  main.o(.data)
    DataBase                                 0x20000080   Data         408  main.o(.data)
    RuleBase                                 0x20000218   Data         246  main.o(.data)
    NumOfInputs                              0x20000310   Data           4  main.o(.data)
    NumOfOutputs                             0x20000314   Data           4  main.o(.data)
    dIndex                                   0x20000318   Data           4  main.o(.data)
    mIndex                                   0x2000031c   Data           4  main.o(.data)
    j                                        0x20000320   Data           4  main.o(.data)
    NumOfRules                               0x20000324   Data           4  main.o(.data)
    Cycle                                    0x20000328   Data           4  stm32f10x_it.o(.data)
    temp_cnt                                 0x2000032c   Data           4  stm32f10x_it.o(.data)
    pre_duty                                 0x20000330   Data           4  stm32f10x_it.o(.data)
    __stdout                                 0x20000334   Data           4  fputc_debug.o(.data)
    __stdin                                  0x20000338   Data           4  fputc_debug.o(.data)
    TimingDelay                              0x2000033c   Data           4  systick.o(.data)
    kalmanX                                  0x20000358   Data         112  main.o(.bss)
    kalmanY                                  0x200003c8   Data         112  main.o(.bss)
    MbfDegree                                0x20000438   Data        1020  main.o(.bss)
    CrispInput                               0x20000834   Data          32  main.o(.bss)
    CrispOutput                              0x20000854   Data          16  main.o(.bss)
    __initial_sp                             0x20000a68   Data           0  startup_stm32f10x_md.o(STACK)



==============================================================================

Memory Map of the image

  Image Entry point : 0x08000101

  Load Region LR_1 (Base: 0x08000000, Size: 0x00004c50, Max: 0xffffffff, ABSOLUTE, COMPRESSED[0x00004a78])

    Execution Region ER_RO (Base: 0x08000000, Size: 0x000048f8, Max: 0xffffffff, ABSOLUTE)

    Base Addr    Size         Type   Attr      Idx    E Section Name        Object

    0x08000000   0x000000ec   Data   RO            3    RESET               startup_stm32f10x_md.o
    0x080000ec   0x00000000   Code   RO          316  * .ARM.Collect$$$$00000000  mc_w.l(entry.o)
    0x080000ec   0x00000004   Code   RO          629    .ARM.Collect$$$$00000001  mc_w.l(entry2.o)
    0x080000f0   0x00000004   Code   RO          632    .ARM.Collect$$$$00000004  mc_w.l(entry5.o)
    0x080000f4   0x00000000   Code   RO          634    .ARM.Collect$$$$00000008  mc_w.l(entry7b.o)
    0x080000f4   0x00000000   Code   RO          636    .ARM.Collect$$$$0000000A  mc_w.l(entry8b.o)
    0x080000f4   0x00000008   Code   RO          637    .ARM.Collect$$$$0000000B  mc_w.l(entry9a.o)
    0x080000fc   0x00000000   Code   RO          639    .ARM.Collect$$$$0000000D  mc_w.l(entry10a.o)
    0x080000fc   0x00000000   Code   RO          641    .ARM.Collect$$$$0000000F  mc_w.l(entry11a.o)
    0x080000fc   0x00000004   Code   RO          630    .ARM.Collect$$$$00002712  mc_w.l(entry2.o)
    0x08000100   0x0000001c   Code   RO            4  * .text               startup_stm32f10x_md.o
    0x0800011c   0x000010a0   Code   RO           10    .text               main.o
    0x080011bc   0x00000764   Code   RO           84    .text               stm32f10x_it.o
    0x08001920   0x00000024   Code   RO          115    .text               fputc_debug.o
    0x08001944   0x00000098   Code   RO          134    .text               systick.o
    0x080019dc   0x00000330   Code   RO          152    .text               stm32f10x_gpio.o
    0x08001d0c   0x000003a0   Code   RO          164    .text               stm32f10x_rcc.o
    0x080020ac   0x000002fc   Code   RO          178    .text               iic_analog.o
    0x080023a8   0x00000180   Code   RO          190    .text               mpu6050.o
    0x08002528   0x00000370   Code   RO          214    .text               stm32f10x_usart.o
    0x08002898   0x00000bc6   Code   RO          226    .text               stm32f10x_tim.o
    0x0800345e   0x00000002   PAD
    0x08003460   0x000000dc   Code   RO          238    .text               misc.o
    0x0800353c   0x00000140   Code   RO          250    .text               stm32f10x_exti.o
    0x0800367c   0x00000138   Code   RO          272    .text               system_stm32f10x.o
    0x080037b4   0x000000b0   Code   RO          580    .text               mf_w.l(fadd.o)
    0x08003864   0x00000064   Code   RO          582    .text               mf_w.l(fmul.o)
    0x080038c8   0x0000007c   Code   RO          584    .text               mf_w.l(fdiv.o)
    0x08003944   0x0000014e   Code   RO          586    .text               mf_w.l(dadd.o)
    0x08003a92   0x000000e4   Code   RO          588    .text               mf_w.l(dmul.o)
    0x08003b76   0x000000de   Code   RO          590    .text               mf_w.l(ddiv.o)
    0x08003c54   0x00000012   Code   RO          592    .text               mf_w.l(fflti.o)
    0x08003c66   0x00000022   Code   RO          594    .text               mf_w.l(dflti.o)
    0x08003c88   0x00000032   Code   RO          596    .text               mf_w.l(ffixi.o)
    0x08003cba   0x0000003e   Code   RO          598    .text               mf_w.l(dfixi.o)
    0x08003cf8   0x00000026   Code   RO          600    .text               mf_w.l(f2d.o)
    0x08003d1e   0x00000002   PAD
    0x08003d20   0x00000030   Code   RO          602    .text               mf_w.l(cdrcmple.o)
    0x08003d50   0x00000038   Code   RO          604    .text               mf_w.l(d2f.o)
    0x08003d88   0x00000014   Code   RO          606    .text               mf_w.l(cfcmple.o)
    0x08003d9c   0x00000014   Code   RO          608    .text               mf_w.l(cfrcmple.o)
    0x08003db0   0x00000062   Code   RO          645    .text               mc_w.l(uldiv.o)
    0x08003e12   0x0000001e   Code   RO          647    .text               mc_w.l(llshl.o)
    0x08003e30   0x00000020   Code   RO          649    .text               mc_w.l(llushr.o)
    0x08003e50   0x00000024   Code   RO          651    .text               mc_w.l(llsshr.o)
    0x08003e74   0x00000000   Code   RO          660    .text               mc_w.l(iusefp.o)
    0x08003e74   0x0000006e   Code   RO          661    .text               mf_w.l(fepilogue.o)
    0x08003ee2   0x000000ba   Code   RO          663    .text               mf_w.l(depilogue.o)
    0x08003f9c   0x0000002e   Code   RO          665    .text               mf_w.l(dscalb.o)
    0x08003fca   0x000000a2   Code   RO          667    .text               mf_w.l(dsqrt.o)
    0x0800406c   0x00000024   Code   RO          673    .text               mc_w.l(init.o)
    0x08004090   0x00000056   Code   RO          683    .text               mc_w.l(__dczerorl2.o)
    0x080040e6   0x00000002   PAD
    0x080040e8   0x00000020   Code   RO          430    i.__0printf$4       mc_w.l(printf4.o)
    0x08004108   0x00000028   Code   RO          624    i.__ARM_fpclassify  m_ws.l(fpclassify.o)
    0x08004130   0x000000aa   Code   RO          626    i.__kernel_poly     m_ws.l(poly.o)
    0x080041da   0x00000006   Code   RO          611    i.__mathlib_dbl_infnan  m_ws.l(dunder.o)
    0x080041e0   0x00000004   Code   RO          612    i.__mathlib_dbl_infnan2  m_ws.l(dunder.o)
    0x080041e4   0x00000010   Code   RO          616    i.__mathlib_dbl_underflow  m_ws.l(dunder.o)
    0x080041f4   0x0000000e   Code   RO          677    i.__scatterload_copy  mc_w.l(handlers.o)
    0x08004202   0x00000002   Code   RO          678    i.__scatterload_null  mc_w.l(handlers.o)
    0x08004204   0x0000000e   Code   RO          679    i.__scatterload_zeroinit  mc_w.l(handlers.o)
    0x08004212   0x00000002   PAD
    0x08004214   0x0000000c   Code   RO          655    i.__set_errno       mc_w.l(errno.o)
    0x08004220   0x0000022c   Code   RO          437    i._printf_core      mc_w.l(printf4.o)
    0x0800444c   0x00000220   Code   RO          291    i.atan              m_ws.l(atan.o)
    0x0800466c   0x00000180   Code   RO          301    i.atan2             m_ws.l(atan2.o)
    0x080047ec   0x0000004c   Code   RO          309    i.sqrt              m_ws.l(sqrt.o)
    0x08004838   0x00000098   Data   RO          292    .constdata          m_ws.l(atan.o)
    0x080048d0   0x00000008   Data   RO          628    .constdata          m_ws.l(qnan.o)
    0x080048d8   0x00000020   Data   RO          675    Region$$Table       anon$$obj.o


    Execution Region ER_RW (Base: 0x20000000, Size: 0x00000358, Max: 0xffffffff, ABSOLUTE, COMPRESSED[0x00000180])

    Base Addr    Size         Type   Attr      Idx    E Section Name        Object

    0x20000000   0x00000328   Data   RW           12    .data               main.o
    0x20000328   0x0000000c   Data   RW           85    .data               stm32f10x_it.o
    0x20000334   0x00000008   Data   RW          116    .data               fputc_debug.o
    0x2000033c   0x00000004   Data   RW          135    .data               systick.o
    0x20000340   0x00000014   Data   RW          165    .data               stm32f10x_rcc.o
    0x20000354   0x00000004   Data   RW          656    .data               mc_w.l(errno.o)


    Execution Region ER_ZI (Base: 0x20000358, Size: 0x00000710, Max: 0xffffffff, ABSOLUTE)

    Base Addr    Size         Type   Attr      Idx    E Section Name        Object

    0x20000358   0x0000050c   Zero   RW           11    .bss                main.o
    0x20000864   0x00000004   PAD
    0x20000868   0x00000200   Zero   RW            1    STACK               startup_stm32f10x_md.o


==============================================================================

Image component sizes


      Code (inc. data)   RO Data    RW Data    ZI Data      Debug   Object Name

        36          6          0          8          0       2458   fputc_debug.o
       764         28          0          0          0       3206   iic_analog.o
      4256        460          0        808       1292     261114   main.o
       220         22          0          0          0       1681   misc.o
       384          6          0          0          0       2107   mpu6050.o
        28          4        236          0        512        808   startup_stm32f10x_md.o
       320         14          0          0          0       2067   stm32f10x_exti.o
       816         18          0          0          0       5051   stm32f10x_gpio.o
      1892        154          0         12          0       3348   stm32f10x_it.o
       928         36          0         20          0       8648   stm32f10x_rcc.o
      3014         16          0          0          0      23756   stm32f10x_tim.o
       880         12          0          0          0       7663   stm32f10x_usart.o
       312         16          0          0          0       1109   system_stm32f10x.o
       152         18          0          4          0       5618   systick.o

    ----------------------------------------------------------------------
     14004        810        268        852       1808     328634   Object Totals
         0          0         32          0          0          0   (incl. Generated)
         2          0          0          0          4          0   (incl. Padding)

    ----------------------------------------------------------------------

      Code (inc. data)   RO Data    RW Data    ZI Data      Debug   Library Member Name

       544         70        152          0          0        124   atan.o
       384         38          0          0          0        144   atan2.o
        26          6          0          0          0        204   dunder.o
        40          0          0          0          0         68   fpclassify.o
       170          0          0          0          0         96   poly.o
         0          0          8          0          0          0   qnan.o
        76          0          0          0          0         84   sqrt.o
        86          0          0          0          0          0   __dczerorl2.o
         0          0          0          0          0          0   entry.o
         0          0          0          0          0          0   entry10a.o
         0          0          0          0          0          0   entry11a.o
         8          4          0          0          0          0   entry2.o
         4          0          0          0          0          0   entry5.o
         0          0          0          0          0          0   entry7b.o
         0          0          0          0          0          0   entry8b.o
         8          4          0          0          0          0   entry9a.o
        12          6          0          4          0         68   errno.o
        30          0          0          0          0          0   handlers.o
        36          8          0          0          0         68   init.o
         0          0          0          0          0          0   iusefp.o
        30          0          0          0          0         68   llshl.o
        36          0          0          0          0         68   llsshr.o
        32          0          0          0          0         68   llushr.o
       588         14          0          0          0        184   printf4.o
        98          0          0          0          0         92   uldiv.o
        48          0          0          0          0         68   cdrcmple.o
        20          0          0          0          0         68   cfcmple.o
        20          0          0          0          0         68   cfrcmple.o
        56          0          0          0          0         88   d2f.o
       334          0          0          0          0        148   dadd.o
       222          0          0          0          0        100   ddiv.o
       186          0          0          0          0        176   depilogue.o
        62          0          0          0          0         80   dfixi.o
        34          0          0          0          0         76   dflti.o
       228          0          0          0          0         96   dmul.o
        46          0          0          0          0         80   dscalb.o
       162          0          0          0          0        100   dsqrt.o
        38          0          0          0          0         68   f2d.o
       176          0          0          0          0        140   fadd.o
       124          0          0          0          0         88   fdiv.o
       110          0          0          0          0        168   fepilogue.o
        50          0          0          0          0         68   ffixi.o
        18          0          0          0          0         68   fflti.o
       100          0          0          0          0         76   fmul.o

    ----------------------------------------------------------------------
      4248        150        160          4          0       3160   Library Totals
         6          0          0          0          0          0   (incl. Padding)

    ----------------------------------------------------------------------

      Code (inc. data)   RO Data    RW Data    ZI Data      Debug   Library Name

      1240        114        160          0          0        720   m_ws.l
       968         36          0          4          0        616   mc_w.l
      2034          0          0          0          0       1824   mf_w.l

    ----------------------------------------------------------------------
      4248        150        160          4          0       3160   Library Totals

    ----------------------------------------------------------------------

==============================================================================


      Code (inc. data)   RO Data    RW Data    ZI Data      Debug   

     18252        960        428        856       1808     329062   Grand Totals
     18252        960        428        384       1808     329062   ELF Image Totals (compressed)
     18252        960        428        384          0          0   ROM Totals

==============================================================================

    Total RO  Size (Code + RO Data)                18680 (  18.24kB)
    Total RW  Size (RW Data + ZI Data)              2664 (   2.60kB)
    Total ROM Size (Code + RO Data + RW Data)      19064 (  18.62kB)

==============================================================================

