<html>
<body>
<pre>
<h1>µVision Build Log</h1>
<h2>Tool Versions:</h2>
IDE-Version: £gVision V5.15
Copyright (C) 2015 ARM Ltd and ARM Germany GmbH. All rights reserved.
License Information: Lee Edison, QQ, LIC=----
 
Tool Versions:
Toolchain:       MDK-Lite  Version: 5.15.0
Toolchain Path:  C:\Keil_v5\ARM\ARMCC\Bin
C Compiler:      Armcc.exe V5.05 update 2 (build 169)
Assembler:       Armasm.exe V5.05 update 2 (build 169)
Linker/Locator:  ArmLink.exe V5.05 update 2 (build 169)
Library Manager: ArmAr.exe V5.05 update 2 (build 169)
Hex Converter:   FromElf.exe V5.05 update 2 (build 169)
CPU DLL:         SARMCM3.DLL V5.15.0
Dialog DLL:      DARMSTM.DLL V1.65.0.0
Target DLL:      STLink\ST-LINKIII-KEIL_SWO.dll V2.0.15.0_KEIL
Dialog DLL:      TARMSTM.DLL V1.64.0.0
 
<h2>Project:</h2>
D:\STM\stdiver\led\LED - copy\USER\STM32-DEMO.uvproj
Project File Date:  08/31/2015

<h2>Output:</h2>
*** Using Compiler 'V5.05 update 2 (build 169)', folder: 'C:\Keil_v5\ARM\ARMCC\Bin'
Rebuild target 'LED-DEMO'
assembling startup_stm32f10x_hd.s...
compiling main.c...
main.c(85): warning:  #767-D: conversion from pointer to smaller integer
                printf("\nMPU0x48 = %d\n",(uint8_t)data);
main.c: 1 warning, 0 errors
compiling stm32f10x_it.c...
compiling led.c...
compiling stm32f10x_gpio.c...
compiling stm32f10x_rcc.c...
compiling MPU6050.c...
compiling stm32f10x_usart.c...
compiling stm32f10x_i2c.c...
compiling core_cm3.c...
compiling system_stm32f10x.c...
linking...
Program Size: Code=5988 RO-data=336 RW-data=24 ZI-data=512  
FromELF: creating hex file...
".\STM32-DEMO.axf" - 0 Error(s), 1 Warning(s).
</pre>
</body>
</html>
